<html>
<body>
<pre>
<h1>µVision Build Log</h1>
<h2>Tool Versions:</h2>
IDE-Version: µVision V5.17.0.0
Copyright (C) 2015 ARM Ltd and ARM Germany GmbH. All rights reserved.
License Information: Daniel Koller, BEEL, LIC=ZB401-C9SN2-2LECT-RC6HE-UDXAI-NUK5X
 
Tool Versions:
Toolchain:       MDK-ARM Standard  Version: 5.17
Toolchain Path:  e:\Keil_v5\ARM\ARMCC\Bin
C Compiler:      Armcc.exe V5.06 update 1 (build 61)
Assembler:       Armasm.exe V5.06 update 1 (build 61)
Linker/Locator:  ArmLink.exe V5.06 update 1 (build 61)
Library Manager: ArmAr.exe V5.06 update 1 (build 61)
Hex Converter:   FromElf.exe V5.06 update 1 (build 61)
CPU DLL:         SARMCM3.DLL V5.17
Dialog DLL:      DCM.DLL V1.13.4.0
Target DLL:      STLink\ST-LINKIII-KEIL_SWO.dll V2.0.18.0
Dialog DLL:      TCM.DLL V1.14.6.0
 
<h2>Project:</h2>
E:\Users\danie_000\Documents\STM32Cube\Projects\I-cube_lrwan\E1361_TFB\TFB_LRWAN_V1.0.3_V0.00\Projects\STM32L151VD_classA_C\MDK-ARM\Lora.uvprojx
Project File Date:  06/06/2018

<h2>Output:</h2>
*** Using Compiler 'V5.06 update 1 (build 61)', folder: 'e:\Keil_v5\ARM\ARMCC\Bin'
Build target 'TFB_App_DB'
compiling hw_adc.c...
compiling hw_gpio.c...
compiling hw.c...
compiling hw_msp.c...
compiling hw_rtc.c...
compiling hw_ios.c...
compiling hw_spi.c...
compiling stm32l1xx_hal_msp.c...
compiling hw_uart.c...
compiling stm32l1xx_it.c...
compiling hw_iwdg.c...
compiling sx1272.c...
compiling lora.c...
compiling cmac.c...
compiling sx1272_board.c...
compiling LoRaMacCrypto.c...
compiling utilities.c...
compiling LoRaMac.c...
compiling debug.c...
compiling bsp.c...
compiling main.c...
compiling low_power.c...
compiling meas.c...
compiling loraModem.c...
..\src\App\loraModem.c(400): warning:  #177-D: function "SetLedState" was declared but never referenced
  static void SetLedState (bool bState)
..\src\App\loraModem.c(410): warning:  #177-D: function "SetLedLink" was declared but never referenced
  static void SetLedLink (bool bState)
..\src\App\loraModem.c(95): warning:  #550-D: variable "u32TxDutyTimer" was set but never used
  static uint32_t u32TxDutyTimer = 0;
..\src\App\loraModem.c(101): warning:  #550-D: variable "u8RxSize" was set but never used
  static uint8_t  u8RxSize     = 0;
..\src\App\loraModem.c: 4 warnings, 0 errors
compiling rtcApp.c...
compiling timeServer.c...
compiling vcom.c...
compiling Disk.c...
compiling eeprom.c...
compiling app.c...
compiling fatfs.c...
linking...
.\Build\TFB_App.sct(17): warning: L6314W: No section matches pattern *(NoInit).
Program Size: Code=80142 RO-data=2342 RW-data=940 ZI-data=8732  
Finished: 0 information, 1 warning and 0 error messages.
FromELF: creating hex file...
".\Build\MS3_App_DB_HWREV02.axf" - 0 Error(s), 5 Warning(s).

<h2>Collection of Component include folders:</h2>
  E:\Users\danie_000\Documents\STM32Cube\Projects\I-cube_lrwan\E1361_TFB\TFB_LRWAN_V1.0.3_V0.00\Projects\STM32L151VD_classA_C\MDK-ARM\RTE
  e:\Keil_v5\ARM\PACK\Keil\STM32L1xx_DFP\1.0.2\Device\Include

<h2>Collection of Component Files used:</h2>
Build Time Elapsed:  00:00:34
</pre>
</body>
</html>
