<!doctype html public "-//w3c//dtd html 4.0 transitional//en">
<html><head>
<title>Static Call Graph - [.\Build\TFB_App_DB.axf]</title></head>
<body><HR>
<H1>Static Call Graph for image .\Build\TFB_App_DB.axf</H1><HR>
<BR><P>#&#060CALLGRAPH&#062# ARM Linker, 5060061: Last Updated: Thu Jun 07 08:19:46 2018
<BR><P>
<H3>Maximum Stack Usage =        432 bytes + Unknown(Cycles, Untraceable Function Pointers)</H3><H3>
Call chain for Maximum Stack Depth:</H3>
main &rArr; appInit &rArr; MX_FATFS_Init &rArr; WriteConfigFileData &rArr; f_printf &rArr; putc_bfd &rArr;  putc_bfd (Cycle)
<P>
<H3>
Mutually Recursive functions
</H3> <LI><a href="#[37]">HardFault_Handler</a>&nbsp;&nbsp;&nbsp;&rArr;&nbsp;&nbsp;&nbsp;<a href="#[37]">HardFault_Handler</a><BR>
 <LI><a href="#[51]">ADC1_IRQHandler</a>&nbsp;&nbsp;&nbsp;&rArr;&nbsp;&nbsp;&nbsp;<a href="#[51]">ADC1_IRQHandler</a><BR>
 <LI><a href="#[29a]">putc_bfd</a>&nbsp;&nbsp;&nbsp;&rArr;&nbsp;&nbsp;&nbsp;<a href="#[29a]">putc_bfd</a><BR>
</UL>
<P>
<H3>
Function Pointers
</H3><UL>
 <LI><a href="#[51]">ADC1_IRQHandler</a> from startup_stm32l152xd.o(.text) referenced from startup_stm32l152xd.o(RESET)
 <LI><a href="#[39]">BusFault_Handler</a> from stm32l1xx_it.o(i.BusFault_Handler) referenced from startup_stm32l152xd.o(RESET)
 <LI><a href="#[33]">CDC_Control_FS</a> from usbd_cdc_if.o(i.CDC_Control_FS) referenced 2 times from usbd_cdc_if.o(.data)
 <LI><a href="#[32]">CDC_DeInit_FS</a> from usbd_cdc_if.o(i.CDC_DeInit_FS) referenced 2 times from usbd_cdc_if.o(.data)
 <LI><a href="#[31]">CDC_Init_FS</a> from usbd_cdc_if.o(i.CDC_Init_FS) referenced 2 times from usbd_cdc_if.o(.data)
 <LI><a href="#[34]">CDC_Receive_FS</a> from usbd_cdc_if.o(i.CDC_Receive_FS) referenced 2 times from usbd_cdc_if.o(.data)
 <LI><a href="#[76]">COMP_ACQ_IRQHandler</a> from startup_stm32l152xd.o(.text) referenced from startup_stm32l152xd.o(RESET)
 <LI><a href="#[55]">COMP_IRQHandler</a> from startup_stm32l152xd.o(.text) referenced from startup_stm32l152xd.o(RESET)
 <LI><a href="#[54]">DAC_IRQHandler</a> from startup_stm32l152xd.o(.text) referenced from startup_stm32l152xd.o(RESET)
 <LI><a href="#[4a]">DMA1_Channel1_IRQHandler</a> from startup_stm32l152xd.o(.text) referenced from startup_stm32l152xd.o(RESET)
 <LI><a href="#[4b]">DMA1_Channel2_IRQHandler</a> from startup_stm32l152xd.o(.text) referenced from startup_stm32l152xd.o(RESET)
 <LI><a href="#[4c]">DMA1_Channel3_IRQHandler</a> from startup_stm32l152xd.o(.text) referenced from startup_stm32l152xd.o(RESET)
 <LI><a href="#[4d]">DMA1_Channel4_IRQHandler</a> from startup_stm32l152xd.o(.text) referenced from startup_stm32l152xd.o(RESET)
 <LI><a href="#[4e]">DMA1_Channel5_IRQHandler</a> from startup_stm32l152xd.o(.text) referenced from startup_stm32l152xd.o(RESET)
 <LI><a href="#[4f]">DMA1_Channel6_IRQHandler</a> from startup_stm32l152xd.o(.text) referenced from startup_stm32l152xd.o(RESET)
 <LI><a href="#[50]">DMA1_Channel7_IRQHandler</a> from startup_stm32l152xd.o(.text) referenced from startup_stm32l152xd.o(RESET)
 <LI><a href="#[71]">DMA2_Channel1_IRQHandler</a> from startup_stm32l152xd.o(.text) referenced from startup_stm32l152xd.o(RESET)
 <LI><a href="#[72]">DMA2_Channel2_IRQHandler</a> from startup_stm32l152xd.o(.text) referenced from startup_stm32l152xd.o(RESET)
 <LI><a href="#[73]">DMA2_Channel3_IRQHandler</a> from startup_stm32l152xd.o(.text) referenced from startup_stm32l152xd.o(RESET)
 <LI><a href="#[74]">DMA2_Channel4_IRQHandler</a> from startup_stm32l152xd.o(.text) referenced from startup_stm32l152xd.o(RESET)
 <LI><a href="#[75]">DMA2_Channel5_IRQHandler</a> from startup_stm32l152xd.o(.text) referenced from startup_stm32l152xd.o(RESET)
 <LI><a href="#[3c]">DebugMon_Handler</a> from stm32l1xx_it.o(i.DebugMon_Handler) referenced from startup_stm32l152xd.o(RESET)
 <LI><a href="#[45]">EXTI0_IRQHandler</a> from stm32l1xx_it.o(i.EXTI0_IRQHandler) referenced from startup_stm32l152xd.o(RESET)
 <LI><a href="#[67]">EXTI15_10_IRQHandler</a> from stm32l1xx_it.o(i.EXTI15_10_IRQHandler) referenced from startup_stm32l152xd.o(RESET)
 <LI><a href="#[46]">EXTI1_IRQHandler</a> from stm32l1xx_it.o(i.EXTI1_IRQHandler) referenced from startup_stm32l152xd.o(RESET)
 <LI><a href="#[47]">EXTI2_IRQHandler</a> from stm32l1xx_it.o(i.EXTI2_IRQHandler) referenced from startup_stm32l152xd.o(RESET)
 <LI><a href="#[48]">EXTI3_IRQHandler</a> from stm32l1xx_it.o(i.EXTI3_IRQHandler) referenced from startup_stm32l152xd.o(RESET)
 <LI><a href="#[49]">EXTI4_IRQHandler</a> from stm32l1xx_it.o(i.EXTI4_IRQHandler) referenced from startup_stm32l152xd.o(RESET)
 <LI><a href="#[56]">EXTI9_5_IRQHandler</a> from stm32l1xx_it.o(i.EXTI9_5_IRQHandler) referenced from startup_stm32l152xd.o(RESET)
 <LI><a href="#[43]">FLASH_IRQHandler</a> from startup_stm32l152xd.o(.text) referenced from startup_stm32l152xd.o(RESET)
 <LI><a href="#[18]">HW_GetBatteryLevel</a> from hw.o(i.HW_GetBatteryLevel) referenced 2 times from loramodem.o(.data)
 <LI><a href="#[1a]">HW_GetRandomSeed</a> from hw.o(i.HW_GetRandomSeed) referenced 2 times from loramodem.o(.data)
 <LI><a href="#[19]">HW_GetUniqueId</a> from hw.o(i.HW_GetUniqueId) referenced 2 times from loramodem.o(.data)
 <LI><a href="#[37]">HardFault_Handler</a> from startup_stm32l152xd.o(.text) referenced from startup_stm32l152xd.o(RESET)
 <LI><a href="#[5f]">I2C1_ER_IRQHandler</a> from startup_stm32l152xd.o(.text) referenced from startup_stm32l152xd.o(RESET)
 <LI><a href="#[5e]">I2C1_EV_IRQHandler</a> from startup_stm32l152xd.o(.text) referenced from startup_stm32l152xd.o(RESET)
 <LI><a href="#[61]">I2C2_ER_IRQHandler</a> from startup_stm32l152xd.o(.text) referenced from startup_stm32l152xd.o(RESET)
 <LI><a href="#[60]">I2C2_EV_IRQHandler</a> from startup_stm32l152xd.o(.text) referenced from startup_stm32l152xd.o(RESET)
 <LI><a href="#[57]">LCD_IRQHandler</a> from startup_stm32l152xd.o(.text) referenced from startup_stm32l152xd.o(RESET)
 <LI><a href="#[1d]">LoraHasTxEvents</a> from loramodem.o(i.LoraHasTxEvents) referenced 2 times from loramodem.o(.data)
 <LI><a href="#[1c]">LoraRxData</a> from loramodem.o(i.LoraRxData) referenced 2 times from loramodem.o(.data)
 <LI><a href="#[1b]">LoraTxData</a> from loramodem.o(i.LoraTxData) referenced 2 times from loramodem.o(.data)
 <LI><a href="#[8e]">McpsConfirm</a> from lora.o(i.McpsConfirm) referenced from lora.o(i.lora_fsm)
 <LI><a href="#[8f]">McpsIndication</a> from lora.o(i.McpsIndication) referenced from lora.o(i.lora_fsm)
 <LI><a href="#[38]">MemManage_Handler</a> from stm32l1xx_it.o(i.MemManage_Handler) referenced from startup_stm32l152xd.o(RESET)
 <LI><a href="#[90]">MlmeConfirm</a> from lora.o(i.MlmeConfirm) referenced from lora.o(i.lora_fsm)
 <LI><a href="#[36]">NMI_Handler</a> from stm32l1xx_it.o(i.NMI_Handler) referenced from startup_stm32l152xd.o(RESET)
 <LI><a href="#[81]">OnAckTimeoutTimerEvent</a> from loramac.o(i.OnAckTimeoutTimerEvent) referenced from loramac.o(i.LoRaMacInitialization)
 <LI><a href="#[7a]">OnDelayTimerEvent</a> from bsp.o(i.OnDelayTimerEvent) referenced from bsp.o(i.BSPSleepDelayMs)
 <LI><a href="#[92]">OnJoinTrialTimerEvent</a> from lora.o(i.OnJoinTrialTimerEvent) referenced from lora.o(i.lora_fsm)
 <LI><a href="#[8c]">OnLEDLoRaDisplayTimerEvent</a> from app.o(i.OnLEDLoRaDisplayTimerEvent) referenced from app.o(i.appInit)
 <LI><a href="#[94]">OnLedLinkActTimerEvent</a> from lora.o(i.OnLedLinkActTimerEvent) referenced from lora.o(i.lora_fsm)
 <LI><a href="#[93]">OnLedStateTimerEvent</a> from lora.o(i.OnLedStateTimerEvent) referenced from lora.o(i.lora_fsm)
 <LI><a href="#[7d]">OnMacStateCheckTimerEvent</a> from loramac.o(i.OnMacStateCheckTimerEvent) referenced from loramac.o(i.LoRaMacInitialization)
 <LI><a href="#[83]">OnRadioRxDone</a> from loramac.o(i.OnRadioRxDone) referenced from loramac.o(i.LoRaMacInitialization)
 <LI><a href="#[84]">OnRadioRxError</a> from loramac.o(i.OnRadioRxError) referenced from loramac.o(i.LoRaMacInitialization)
 <LI><a href="#[86]">OnRadioRxTimeout</a> from loramac.o(i.OnRadioRxTimeout) referenced from loramac.o(i.LoRaMacInitialization)
 <LI><a href="#[82]">OnRadioTxDone</a> from loramac.o(i.OnRadioTxDone) referenced from loramac.o(i.LoRaMacInitialization)
 <LI><a href="#[85]">OnRadioTxTimeout</a> from loramac.o(i.OnRadioTxTimeout) referenced from loramac.o(i.LoRaMacInitialization)
 <LI><a href="#[8d]">OnRefreshIWDGTimerEvent</a> from app.o(i.OnRefreshIWDGTimerEvent) referenced from app.o(i.appInit)
 <LI><a href="#[7f]">OnRxWindow1TimerEvent</a> from loramac.o(i.OnRxWindow1TimerEvent) referenced from loramac.o(i.LoRaMacInitialization)
 <LI><a href="#[80]">OnRxWindow2TimerEvent</a> from loramac.o(i.OnRxWindow2TimerEvent) referenced from loramac.o(i.LoRaMacInitialization)
 <LI><a href="#[7c]">OnSWResetTimerEvent</a> from bsp.o(i.OnSWResetTimerEvent) referenced from bsp.o(i.BSP_ButtonIrqInit)
 <LI><a href="#[7e]">OnTxDelayedTimerEvent</a> from loramac.o(i.OnTxDelayedTimerEvent) referenced from loramac.o(i.LoRaMacInitialization)
 <LI><a href="#[8a]">OnTxIntervalTimerEvent</a> from app.o(i.OnTxIntervalTimerEvent) referenced from app.o(i.appInit)
 <LI><a href="#[91]">OnTxNextPacketTimerEvent</a> from lora.o(i.OnTxNextPacketTimerEvent) referenced from lora.o(i.lora_fsm)
 <LI><a href="#[87]">OnTxRxDoneTimerEvent</a> from loramodem.o(i.OnTxRxDoneTimerEvent) referenced from loramodem.o(i.LoraInit)
 <LI><a href="#[8b]">OnUSBTimerEvent</a> from app.o(i.OnUSBTimerEvent) referenced from app.o(i.appInit)
 <LI><a href="#[40]">PVD_IRQHandler</a> from startup_stm32l152xd.o(.text) referenced from startup_stm32l152xd.o(RESET)
 <LI><a href="#[3d]">PendSV_Handler</a> from stm32l1xx_it.o(i.PendSV_Handler) referenced from startup_stm32l152xd.o(RESET)
 <LI><a href="#[44]">RCC_IRQHandler</a> from startup_stm32l152xd.o(.text) referenced from startup_stm32l152xd.o(RESET)
 <LI><a href="#[68]">RTC_Alarm_IRQHandler</a> from stm32l1xx_it.o(i.RTC_Alarm_IRQHandler) referenced from startup_stm32l152xd.o(RESET)
 <LI><a href="#[42]">RTC_WKUP_IRQHandler</a> from startup_stm32l152xd.o(.text) referenced from startup_stm32l152xd.o(RESET)
 <LI><a href="#[35]">Reset_Handler</a> from startup_stm32l152xd.o(.text) referenced from startup_stm32l152xd.o(RESET)
 <LI><a href="#[6c]">SDIO_IRQHandler</a> from startup_stm32l152xd.o(.text) referenced from startup_stm32l152xd.o(RESET)
 <LI><a href="#[62]">SPI1_IRQHandler</a> from startup_stm32l152xd.o(.text) referenced from startup_stm32l152xd.o(RESET)
 <LI><a href="#[63]">SPI2_IRQHandler</a> from startup_stm32l152xd.o(.text) referenced from startup_stm32l152xd.o(RESET)
 <LI><a href="#[6e]">SPI3_IRQHandler</a> from startup_stm32l152xd.o(.text) referenced from startup_stm32l152xd.o(RESET)
 <LI><a href="#[26]">STORAGE_GetCapacity_FS</a> from usbd_storage_if.o(i.STORAGE_GetCapacity_FS) referenced 2 times from usbd_storage_if.o(.data)
 <LI><a href="#[2b]">STORAGE_GetMaxLun_FS</a> from usbd_storage_if.o(i.STORAGE_GetMaxLun_FS) referenced 2 times from usbd_storage_if.o(.data)
 <LI><a href="#[25]">STORAGE_Init_FS</a> from usbd_storage_if.o(i.STORAGE_Init_FS) referenced 2 times from usbd_storage_if.o(.data)
 <LI><a href="#[27]">STORAGE_IsReady_FS</a> from usbd_storage_if.o(i.STORAGE_IsReady_FS) referenced 2 times from usbd_storage_if.o(.data)
 <LI><a href="#[28]">STORAGE_IsWriteProtected_FS</a> from usbd_storage_if.o(i.STORAGE_IsWriteProtected_FS) referenced 2 times from usbd_storage_if.o(.data)
 <LI><a href="#[29]">STORAGE_Read_FS</a> from usbd_storage_if.o(i.STORAGE_Read_FS) referenced 2 times from usbd_storage_if.o(.data)
 <LI><a href="#[2a]">STORAGE_Write_FS</a> from usbd_storage_if.o(i.STORAGE_Write_FS) referenced 2 times from usbd_storage_if.o(.data)
 <LI><a href="#[3b]">SVC_Handler</a> from stm32l1xx_it.o(i.SVC_Handler) referenced from startup_stm32l152xd.o(RESET)
 <LI><a href="#[9f]">SX1272CheckRfFrequency</a> from sx1272_board.o(i.SX1272CheckRfFrequency) referenced from sx1272_board.o(.constdata)
 <LI><a href="#[98]">SX1272GetStatus</a> from sx1272.o(i.SX1272GetStatus) referenced from sx1272_board.o(.constdata)
 <LI><a href="#[a0]">SX1272GetTimeOnAir</a> from sx1272.o(i.SX1272GetTimeOnAir) referenced from sx1272_board.o(.constdata)
 <LI><a href="#[97]">SX1272Init</a> from sx1272.o(i.SX1272Init) referenced from sx1272_board.o(.constdata)
 <LI><a href="#[96]">SX1272IoDeInit</a> from sx1272_board.o(i.SX1272IoDeInit) referenced from sx1272_board.o(.constdata)
 <LI><a href="#[95]">SX1272IoInit</a> from sx1272_board.o(i.SX1272IoInit) referenced from sx1272_board.o(.constdata)
 <LI><a href="#[9b]">SX1272IsChannelFree</a> from sx1272.o(i.SX1272IsChannelFree) referenced from sx1272_board.o(.constdata)
 <LI><a href="#[0]">SX1272OnDio0Irq</a> from sx1272.o(i.SX1272OnDio0Irq) referenced 2 times from sx1272.o(.data)
 <LI><a href="#[1]">SX1272OnDio1Irq</a> from sx1272.o(i.SX1272OnDio1Irq) referenced 2 times from sx1272.o(.data)
 <LI><a href="#[2]">SX1272OnDio2Irq</a> from sx1272.o(i.SX1272OnDio2Irq) referenced 2 times from sx1272.o(.data)
 <LI><a href="#[3]">SX1272OnDio3Irq</a> from sx1272.o(i.SX1272OnDio3Irq) referenced 2 times from sx1272.o(.data)
 <LI><a href="#[4]">SX1272OnDio4Irq</a> from sx1272.o(i.SX1272OnDio4Irq) referenced 2 times from sx1272.o(.data)
 <LI><a href="#[88]">SX1272OnTimeoutIrq</a> from sx1272.o(i.SX1272OnTimeoutIrq) referenced from sx1272.o(i.SX1272Init)
 <LI><a href="#[9c]">SX1272Random</a> from sx1272.o(i.SX1272Random) referenced from sx1272_board.o(.constdata)
 <LI><a href="#[a8]">SX1272Read</a> from sx1272.o(i.SX1272Read) referenced from sx1272_board.o(.constdata)
 <LI><a href="#[aa]">SX1272ReadBuffer</a> from sx1272.o(i.SX1272ReadBuffer) referenced from sx1272_board.o(.constdata)
 <LI><a href="#[a6]">SX1272ReadRssi</a> from sx1272.o(i.SX1272ReadRssi) referenced from sx1272_board.o(.constdata)
 <LI><a href="#[a1]">SX1272Send</a> from sx1272.o(i.SX1272Send) referenced from sx1272_board.o(.constdata)
 <LI><a href="#[9a]">SX1272SetChannel</a> from sx1272.o(i.SX1272SetChannel) referenced from sx1272_board.o(.constdata)
 <LI><a href="#[ac]">SX1272SetMaxPayloadLength</a> from sx1272.o(i.SX1272SetMaxPayloadLength) referenced from sx1272_board.o(.constdata)
 <LI><a href="#[99]">SX1272SetModem</a> from sx1272.o(i.SX1272SetModem) referenced from sx1272_board.o(.constdata)
 <LI><a href="#[a4]">SX1272SetRx</a> from sx1272.o(i.SX1272SetRx) referenced from sx1272_board.o(.constdata)
 <LI><a href="#[9d]">SX1272SetRxConfig</a> from sx1272.o(i.SX1272SetRxConfig) referenced from sx1272_board.o(.constdata)
 <LI><a href="#[a2]">SX1272SetSleep</a> from sx1272.o(i.SX1272SetSleep) referenced from sx1272_board.o(.constdata)
 <LI><a href="#[a3]">SX1272SetStby</a> from sx1272.o(i.SX1272SetStby) referenced from sx1272_board.o(.constdata)
 <LI><a href="#[ab]">SX1272SetSyncWord</a> from sx1272.o(i.SX1272SetSyncWord) referenced from sx1272_board.o(.constdata)
 <LI><a href="#[9e]">SX1272SetTxConfig</a> from sx1272.o(i.SX1272SetTxConfig) referenced from sx1272_board.o(.constdata)
 <LI><a href="#[a5]">SX1272StartCad</a> from sx1272.o(i.SX1272StartCad) referenced from sx1272_board.o(.constdata)
 <LI><a href="#[a7]">SX1272Write</a> from sx1272.o(i.SX1272Write) referenced from sx1272_board.o(.constdata)
 <LI><a href="#[a9]">SX1272WriteBuffer</a> from sx1272.o(i.SX1272WriteBuffer) referenced from sx1272_board.o(.constdata)
 <LI><a href="#[3e]">SysTick_Handler</a> from stm32l1xx_it.o(i.SysTick_Handler) referenced from startup_stm32l152xd.o(RESET)
 <LI><a href="#[78]">SystemInit</a> from system_stm32l1xx.o(i.SystemInit) referenced from startup_stm32l152xd.o(.text)
 <LI><a href="#[41]">TAMPER_STAMP_IRQHandler</a> from startup_stm32l152xd.o(.text) referenced from startup_stm32l152xd.o(RESET)
 <LI><a href="#[59]">TIM10_IRQHandler</a> from startup_stm32l152xd.o(.text) referenced from startup_stm32l152xd.o(RESET)
 <LI><a href="#[5a]">TIM11_IRQHandler</a> from startup_stm32l152xd.o(.text) referenced from startup_stm32l152xd.o(RESET)
 <LI><a href="#[5b]">TIM2_IRQHandler</a> from startup_stm32l152xd.o(.text) referenced from startup_stm32l152xd.o(RESET)
 <LI><a href="#[5c]">TIM3_IRQHandler</a> from startup_stm32l152xd.o(.text) referenced from startup_stm32l152xd.o(RESET)
 <LI><a href="#[5d]">TIM4_IRQHandler</a> from startup_stm32l152xd.o(.text) referenced from startup_stm32l152xd.o(RESET)
 <LI><a href="#[6d]">TIM5_IRQHandler</a> from startup_stm32l152xd.o(.text) referenced from startup_stm32l152xd.o(RESET)
 <LI><a href="#[6a]">TIM6_IRQHandler</a> from startup_stm32l152xd.o(.text) referenced from startup_stm32l152xd.o(RESET)
 <LI><a href="#[6b]">TIM7_IRQHandler</a> from startup_stm32l152xd.o(.text) referenced from startup_stm32l152xd.o(RESET)
 <LI><a href="#[58]">TIM9_IRQHandler</a> from startup_stm32l152xd.o(.text) referenced from startup_stm32l152xd.o(RESET)
 <LI><a href="#[6f]">UART4_IRQHandler</a> from startup_stm32l152xd.o(.text) referenced from startup_stm32l152xd.o(RESET)
 <LI><a href="#[70]">UART5_IRQHandler</a> from startup_stm32l152xd.o(.text) referenced from startup_stm32l152xd.o(RESET)
 <LI><a href="#[64]">USART1_IRQHandler</a> from stm32l1xx_it.o(i.USART1_IRQHandler) referenced from startup_stm32l152xd.o(RESET)
 <LI><a href="#[65]">USART2_IRQHandler</a> from startup_stm32l152xd.o(.text) referenced from startup_stm32l152xd.o(RESET)
 <LI><a href="#[66]">USART3_IRQHandler</a> from stm32l1xx_it.o(i.USART3_IRQHandler) referenced from startup_stm32l152xd.o(RESET)
 <LI><a href="#[12]">USBD_CDC_DataIn</a> from usbd_cdc.o(i.USBD_CDC_DataIn) referenced 2 times from usbd_cdc.o(.data)
 <LI><a href="#[13]">USBD_CDC_DataOut</a> from usbd_cdc.o(i.USBD_CDC_DataOut) referenced 2 times from usbd_cdc.o(.data)
 <LI><a href="#[f]">USBD_CDC_DeInit</a> from usbd_cdc.o(i.USBD_CDC_DeInit) referenced 2 times from usbd_cdc.o(.data)
 <LI><a href="#[11]">USBD_CDC_EP0_RxReady</a> from usbd_cdc.o(i.USBD_CDC_EP0_RxReady) referenced 2 times from usbd_cdc.o(.data)
 <LI><a href="#[17]">USBD_CDC_GetDeviceQualifierDescriptor</a> from usbd_cdc.o(i.USBD_CDC_GetDeviceQualifierDescriptor) referenced 2 times from usbd_cdc.o(.data)
 <LI><a href="#[15]">USBD_CDC_GetFSCfgDesc</a> from usbd_cdc.o(i.USBD_CDC_GetFSCfgDesc) referenced 2 times from usbd_cdc.o(.data)
 <LI><a href="#[14]">USBD_CDC_GetHSCfgDesc</a> from usbd_cdc.o(i.USBD_CDC_GetHSCfgDesc) referenced 2 times from usbd_cdc.o(.data)
 <LI><a href="#[16]">USBD_CDC_GetOtherSpeedCfgDesc</a> from usbd_cdc.o(i.USBD_CDC_GetOtherSpeedCfgDesc) referenced 2 times from usbd_cdc.o(.data)
 <LI><a href="#[e]">USBD_CDC_Init</a> from usbd_cdc.o(i.USBD_CDC_Init) referenced 2 times from usbd_cdc.o(.data)
 <LI><a href="#[10]">USBD_CDC_Setup</a> from usbd_cdc.o(i.USBD_CDC_Setup) referenced 2 times from usbd_cdc.o(.data)
 <LI><a href="#[23]">USBD_FS_ConfigStrDescriptor</a> from usbd_desc.o(i.USBD_FS_ConfigStrDescriptor) referenced 2 times from usbd_desc.o(.data)
 <LI><a href="#[1e]">USBD_FS_DeviceDescriptor</a> from usbd_desc.o(i.USBD_FS_DeviceDescriptor) referenced 2 times from usbd_desc.o(.data)
 <LI><a href="#[24]">USBD_FS_InterfaceStrDescriptor</a> from usbd_desc.o(i.USBD_FS_InterfaceStrDescriptor) referenced 2 times from usbd_desc.o(.data)
 <LI><a href="#[1f]">USBD_FS_LangIDStrDescriptor</a> from usbd_desc.o(i.USBD_FS_LangIDStrDescriptor) referenced 2 times from usbd_desc.o(.data)
 <LI><a href="#[20]">USBD_FS_ManufacturerStrDescriptor</a> from usbd_desc.o(i.USBD_FS_ManufacturerStrDescriptor) referenced 2 times from usbd_desc.o(.data)
 <LI><a href="#[21]">USBD_FS_ProductStrDescriptor</a> from usbd_desc.o(i.USBD_FS_ProductStrDescriptor) referenced 2 times from usbd_desc.o(.data)
 <LI><a href="#[22]">USBD_FS_SerialStrDescriptor</a> from usbd_desc.o(i.USBD_FS_SerialStrDescriptor) referenced 2 times from usbd_desc.o(.data)
 <LI><a href="#[8]">USBD_MSC_DataIn</a> from usbd_msc.o(i.USBD_MSC_DataIn) referenced 2 times from usbd_msc.o(.data)
 <LI><a href="#[9]">USBD_MSC_DataOut</a> from usbd_msc.o(i.USBD_MSC_DataOut) referenced 2 times from usbd_msc.o(.data)
 <LI><a href="#[6]">USBD_MSC_DeInit</a> from usbd_msc.o(i.USBD_MSC_DeInit) referenced 2 times from usbd_msc.o(.data)
 <LI><a href="#[d]">USBD_MSC_GetDeviceQualifierDescriptor</a> from usbd_msc.o(i.USBD_MSC_GetDeviceQualifierDescriptor) referenced 2 times from usbd_msc.o(.data)
 <LI><a href="#[b]">USBD_MSC_GetFSCfgDesc</a> from usbd_msc.o(i.USBD_MSC_GetFSCfgDesc) referenced 2 times from usbd_msc.o(.data)
 <LI><a href="#[a]">USBD_MSC_GetHSCfgDesc</a> from usbd_msc.o(i.USBD_MSC_GetHSCfgDesc) referenced 2 times from usbd_msc.o(.data)
 <LI><a href="#[c]">USBD_MSC_GetOtherSpeedCfgDesc</a> from usbd_msc.o(i.USBD_MSC_GetOtherSpeedCfgDesc) referenced 2 times from usbd_msc.o(.data)
 <LI><a href="#[5]">USBD_MSC_Init</a> from usbd_msc.o(i.USBD_MSC_Init) referenced 2 times from usbd_msc.o(.data)
 <LI><a href="#[7]">USBD_MSC_Setup</a> from usbd_msc.o(i.USBD_MSC_Setup) referenced 2 times from usbd_msc.o(.data)
 <LI><a href="#[69]">USB_FS_WKUP_IRQHandler</a> from startup_stm32l152xd.o(.text) referenced from startup_stm32l152xd.o(RESET)
 <LI><a href="#[52]">USB_HP_IRQHandler</a> from startup_stm32l152xd.o(.text) referenced from startup_stm32l152xd.o(RESET)
 <LI><a href="#[53]">USB_LP_IRQHandler</a> from stm32l1xx_it.o(i.USB_LP_IRQHandler) referenced from startup_stm32l152xd.o(RESET)
 <LI><a href="#[2c]">USER_initialize</a> from user_diskio.o(i.USER_initialize) referenced 2 times from user_diskio.o(.data)
 <LI><a href="#[30]">USER_ioctl</a> from user_diskio.o(i.USER_ioctl) referenced 2 times from user_diskio.o(.data)
 <LI><a href="#[2e]">USER_read</a> from user_diskio.o(i.USER_read) referenced 2 times from user_diskio.o(.data)
 <LI><a href="#[2d]">USER_status</a> from user_diskio.o(i.USER_status) referenced 2 times from user_diskio.o(.data)
 <LI><a href="#[2f]">USER_write</a> from user_diskio.o(i.USER_write) referenced 2 times from user_diskio.o(.data)
 <LI><a href="#[3a]">UsageFault_Handler</a> from stm32l1xx_it.o(i.UsageFault_Handler) referenced from startup_stm32l152xd.o(RESET)
 <LI><a href="#[3f]">WWDG_IRQHandler</a> from startup_stm32l152xd.o(.text) referenced from startup_stm32l152xd.o(RESET)
 <LI><a href="#[79]">__main</a> from entry.o(.ARM.Collect$$$$00000000) referenced from startup_stm32l152xd.o(.text)
 <LI><a href="#[89]">_snputc</a> from printfa.o(i._snputc) referenced from printfa.o(i.__0vsnprintf)
 <LI><a href="#[7b]">irqHandlerButton</a> from bsp.o(i.irqHandlerButton) referenced from bsp.o(i.BSP_ButtonIrqInit)
 <LI><a href="#[77]">main</a> from main.o(i.main) referenced from entry9a.o(.ARM.Collect$$$$0000000B)
</UL>
<P>
<H3>
Global Symbols
</H3>
<P><STRONG><a name="[79]"></a>__main</STRONG> (Thumb, 0 bytes, Stack size unknown bytes, entry.o(.ARM.Collect$$$$00000000))
<BR>[Address Reference Count : 1]<UL><LI> startup_stm32l152xd.o(.text)
</UL>
<P><STRONG><a name="[2a4]"></a>_main_stk</STRONG> (Thumb, 0 bytes, Stack size unknown bytes, entry2.o(.ARM.Collect$$$$00000001))

<P><STRONG><a name="[ad]"></a>_main_scatterload</STRONG> (Thumb, 0 bytes, Stack size unknown bytes, entry5.o(.ARM.Collect$$$$00000004))
<BR><BR>[Calls]<UL><LI><a href="#[ae]">&gt;&gt;</a>&nbsp;&nbsp;&nbsp;__scatterload
</UL>

<P><STRONG><a name="[c8]"></a>__main_after_scatterload</STRONG> (Thumb, 0 bytes, Stack size unknown bytes, entry5.o(.ARM.Collect$$$$00000004))
<BR><BR>[Called By]<UL><LI><a href="#[ae]">&gt;&gt;</a>&nbsp;&nbsp;&nbsp;__scatterload
</UL>

<P><STRONG><a name="[2a5]"></a>_main_clock</STRONG> (Thumb, 0 bytes, Stack size unknown bytes, entry7b.o(.ARM.Collect$$$$00000008))

<P><STRONG><a name="[2a6]"></a>_main_cpp_init</STRONG> (Thumb, 0 bytes, Stack size unknown bytes, entry8b.o(.ARM.Collect$$$$0000000A))

<P><STRONG><a name="[2a7]"></a>_main_init</STRONG> (Thumb, 0 bytes, Stack size unknown bytes, entry9a.o(.ARM.Collect$$$$0000000B))

<P><STRONG><a name="[2a8]"></a>__rt_final_cpp</STRONG> (Thumb, 0 bytes, Stack size unknown bytes, entry10a.o(.ARM.Collect$$$$0000000D))

<P><STRONG><a name="[2a9]"></a>__rt_final_exit</STRONG> (Thumb, 0 bytes, Stack size unknown bytes, entry11a.o(.ARM.Collect$$$$0000000F))

<P><STRONG><a name="[35]"></a>Reset_Handler</STRONG> (Thumb, 8 bytes, Stack size 0 bytes, startup_stm32l152xd.o(.text))
<BR>[Address Reference Count : 1]<UL><LI> startup_stm32l152xd.o(RESET)
</UL>
<P><STRONG><a name="[37]"></a>HardFault_Handler</STRONG> (Thumb, 2 bytes, Stack size 0 bytes, startup_stm32l152xd.o(.text))
<BR><BR>[Calls]<UL><LI><a href="#[37]">&gt;&gt;</a>&nbsp;&nbsp;&nbsp;HardFault_Handler
</UL>
<BR>[Called By]<UL><LI><a href="#[37]">&gt;&gt;</a>&nbsp;&nbsp;&nbsp;HardFault_Handler
</UL>
<BR>[Address Reference Count : 1]<UL><LI> startup_stm32l152xd.o(RESET)
</UL>
<P><STRONG><a name="[51]"></a>ADC1_IRQHandler</STRONG> (Thumb, 0 bytes, Stack size 0 bytes, startup_stm32l152xd.o(.text))
<BR><BR>[Calls]<UL><LI><a href="#[51]">&gt;&gt;</a>&nbsp;&nbsp;&nbsp;ADC1_IRQHandler
</UL>
<BR>[Called By]<UL><LI><a href="#[51]">&gt;&gt;</a>&nbsp;&nbsp;&nbsp;ADC1_IRQHandler
</UL>
<BR>[Address Reference Count : 1]<UL><LI> startup_stm32l152xd.o(RESET)
</UL>
<P><STRONG><a name="[76]"></a>COMP_ACQ_IRQHandler</STRONG> (Thumb, 0 bytes, Stack size 0 bytes, startup_stm32l152xd.o(.text))
<BR>[Address Reference Count : 1]<UL><LI> startup_stm32l152xd.o(RESET)
</UL>
<P><STRONG><a name="[55]"></a>COMP_IRQHandler</STRONG> (Thumb, 0 bytes, Stack size 0 bytes, startup_stm32l152xd.o(.text))
<BR>[Address Reference Count : 1]<UL><LI> startup_stm32l152xd.o(RESET)
</UL>
<P><STRONG><a name="[54]"></a>DAC_IRQHandler</STRONG> (Thumb, 0 bytes, Stack size 0 bytes, startup_stm32l152xd.o(.text))
<BR>[Address Reference Count : 1]<UL><LI> startup_stm32l152xd.o(RESET)
</UL>
<P><STRONG><a name="[4a]"></a>DMA1_Channel1_IRQHandler</STRONG> (Thumb, 0 bytes, Stack size 0 bytes, startup_stm32l152xd.o(.text))
<BR>[Address Reference Count : 1]<UL><LI> startup_stm32l152xd.o(RESET)
</UL>
<P><STRONG><a name="[4b]"></a>DMA1_Channel2_IRQHandler</STRONG> (Thumb, 0 bytes, Stack size 0 bytes, startup_stm32l152xd.o(.text))
<BR>[Address Reference Count : 1]<UL><LI> startup_stm32l152xd.o(RESET)
</UL>
<P><STRONG><a name="[4c]"></a>DMA1_Channel3_IRQHandler</STRONG> (Thumb, 0 bytes, Stack size 0 bytes, startup_stm32l152xd.o(.text))
<BR>[Address Reference Count : 1]<UL><LI> startup_stm32l152xd.o(RESET)
</UL>
<P><STRONG><a name="[4d]"></a>DMA1_Channel4_IRQHandler</STRONG> (Thumb, 0 bytes, Stack size 0 bytes, startup_stm32l152xd.o(.text))
<BR>[Address Reference Count : 1]<UL><LI> startup_stm32l152xd.o(RESET)
</UL>
<P><STRONG><a name="[4e]"></a>DMA1_Channel5_IRQHandler</STRONG> (Thumb, 0 bytes, Stack size 0 bytes, startup_stm32l152xd.o(.text))
<BR>[Address Reference Count : 1]<UL><LI> startup_stm32l152xd.o(RESET)
</UL>
<P><STRONG><a name="[4f]"></a>DMA1_Channel6_IRQHandler</STRONG> (Thumb, 0 bytes, Stack size 0 bytes, startup_stm32l152xd.o(.text))
<BR>[Address Reference Count : 1]<UL><LI> startup_stm32l152xd.o(RESET)
</UL>
<P><STRONG><a name="[50]"></a>DMA1_Channel7_IRQHandler</STRONG> (Thumb, 0 bytes, Stack size 0 bytes, startup_stm32l152xd.o(.text))
<BR>[Address Reference Count : 1]<UL><LI> startup_stm32l152xd.o(RESET)
</UL>
<P><STRONG><a name="[71]"></a>DMA2_Channel1_IRQHandler</STRONG> (Thumb, 0 bytes, Stack size 0 bytes, startup_stm32l152xd.o(.text))
<BR>[Address Reference Count : 1]<UL><LI> startup_stm32l152xd.o(RESET)
</UL>
<P><STRONG><a name="[72]"></a>DMA2_Channel2_IRQHandler</STRONG> (Thumb, 0 bytes, Stack size 0 bytes, startup_stm32l152xd.o(.text))
<BR>[Address Reference Count : 1]<UL><LI> startup_stm32l152xd.o(RESET)
</UL>
<P><STRONG><a name="[73]"></a>DMA2_Channel3_IRQHandler</STRONG> (Thumb, 0 bytes, Stack size 0 bytes, startup_stm32l152xd.o(.text))
<BR>[Address Reference Count : 1]<UL><LI> startup_stm32l152xd.o(RESET)
</UL>
<P><STRONG><a name="[74]"></a>DMA2_Channel4_IRQHandler</STRONG> (Thumb, 0 bytes, Stack size 0 bytes, startup_stm32l152xd.o(.text))
<BR>[Address Reference Count : 1]<UL><LI> startup_stm32l152xd.o(RESET)
</UL>
<P><STRONG><a name="[75]"></a>DMA2_Channel5_IRQHandler</STRONG> (Thumb, 0 bytes, Stack size 0 bytes, startup_stm32l152xd.o(.text))
<BR>[Address Reference Count : 1]<UL><LI> startup_stm32l152xd.o(RESET)
</UL>
<P><STRONG><a name="[43]"></a>FLASH_IRQHandler</STRONG> (Thumb, 0 bytes, Stack size 0 bytes, startup_stm32l152xd.o(.text))
<BR>[Address Reference Count : 1]<UL><LI> startup_stm32l152xd.o(RESET)
</UL>
<P><STRONG><a name="[5f]"></a>I2C1_ER_IRQHandler</STRONG> (Thumb, 0 bytes, Stack size 0 bytes, startup_stm32l152xd.o(.text))
<BR>[Address Reference Count : 1]<UL><LI> startup_stm32l152xd.o(RESET)
</UL>
<P><STRONG><a name="[5e]"></a>I2C1_EV_IRQHandler</STRONG> (Thumb, 0 bytes, Stack size 0 bytes, startup_stm32l152xd.o(.text))
<BR>[Address Reference Count : 1]<UL><LI> startup_stm32l152xd.o(RESET)
</UL>
<P><STRONG><a name="[61]"></a>I2C2_ER_IRQHandler</STRONG> (Thumb, 0 bytes, Stack size 0 bytes, startup_stm32l152xd.o(.text))
<BR>[Address Reference Count : 1]<UL><LI> startup_stm32l152xd.o(RESET)
</UL>
<P><STRONG><a name="[60]"></a>I2C2_EV_IRQHandler</STRONG> (Thumb, 0 bytes, Stack size 0 bytes, startup_stm32l152xd.o(.text))
<BR>[Address Reference Count : 1]<UL><LI> startup_stm32l152xd.o(RESET)
</UL>
<P><STRONG><a name="[57]"></a>LCD_IRQHandler</STRONG> (Thumb, 0 bytes, Stack size 0 bytes, startup_stm32l152xd.o(.text))
<BR>[Address Reference Count : 1]<UL><LI> startup_stm32l152xd.o(RESET)
</UL>
<P><STRONG><a name="[40]"></a>PVD_IRQHandler</STRONG> (Thumb, 0 bytes, Stack size 0 bytes, startup_stm32l152xd.o(.text))
<BR>[Address Reference Count : 1]<UL><LI> startup_stm32l152xd.o(RESET)
</UL>
<P><STRONG><a name="[44]"></a>RCC_IRQHandler</STRONG> (Thumb, 0 bytes, Stack size 0 bytes, startup_stm32l152xd.o(.text))
<BR>[Address Reference Count : 1]<UL><LI> startup_stm32l152xd.o(RESET)
</UL>
<P><STRONG><a name="[42]"></a>RTC_WKUP_IRQHandler</STRONG> (Thumb, 0 bytes, Stack size 0 bytes, startup_stm32l152xd.o(.text))
<BR>[Address Reference Count : 1]<UL><LI> startup_stm32l152xd.o(RESET)
</UL>
<P><STRONG><a name="[6c]"></a>SDIO_IRQHandler</STRONG> (Thumb, 0 bytes, Stack size 0 bytes, startup_stm32l152xd.o(.text))
<BR>[Address Reference Count : 1]<UL><LI> startup_stm32l152xd.o(RESET)
</UL>
<P><STRONG><a name="[62]"></a>SPI1_IRQHandler</STRONG> (Thumb, 0 bytes, Stack size 0 bytes, startup_stm32l152xd.o(.text))
<BR>[Address Reference Count : 1]<UL><LI> startup_stm32l152xd.o(RESET)
</UL>
<P><STRONG><a name="[63]"></a>SPI2_IRQHandler</STRONG> (Thumb, 0 bytes, Stack size 0 bytes, startup_stm32l152xd.o(.text))
<BR>[Address Reference Count : 1]<UL><LI> startup_stm32l152xd.o(RESET)
</UL>
<P><STRONG><a name="[6e]"></a>SPI3_IRQHandler</STRONG> (Thumb, 0 bytes, Stack size 0 bytes, startup_stm32l152xd.o(.text))
<BR>[Address Reference Count : 1]<UL><LI> startup_stm32l152xd.o(RESET)
</UL>
<P><STRONG><a name="[41]"></a>TAMPER_STAMP_IRQHandler</STRONG> (Thumb, 0 bytes, Stack size 0 bytes, startup_stm32l152xd.o(.text))
<BR>[Address Reference Count : 1]<UL><LI> startup_stm32l152xd.o(RESET)
</UL>
<P><STRONG><a name="[59]"></a>TIM10_IRQHandler</STRONG> (Thumb, 0 bytes, Stack size 0 bytes, startup_stm32l152xd.o(.text))
<BR>[Address Reference Count : 1]<UL><LI> startup_stm32l152xd.o(RESET)
</UL>
<P><STRONG><a name="[5a]"></a>TIM11_IRQHandler</STRONG> (Thumb, 0 bytes, Stack size 0 bytes, startup_stm32l152xd.o(.text))
<BR>[Address Reference Count : 1]<UL><LI> startup_stm32l152xd.o(RESET)
</UL>
<P><STRONG><a name="[5b]"></a>TIM2_IRQHandler</STRONG> (Thumb, 0 bytes, Stack size 0 bytes, startup_stm32l152xd.o(.text))
<BR>[Address Reference Count : 1]<UL><LI> startup_stm32l152xd.o(RESET)
</UL>
<P><STRONG><a name="[5c]"></a>TIM3_IRQHandler</STRONG> (Thumb, 0 bytes, Stack size 0 bytes, startup_stm32l152xd.o(.text))
<BR>[Address Reference Count : 1]<UL><LI> startup_stm32l152xd.o(RESET)
</UL>
<P><STRONG><a name="[5d]"></a>TIM4_IRQHandler</STRONG> (Thumb, 0 bytes, Stack size 0 bytes, startup_stm32l152xd.o(.text))
<BR>[Address Reference Count : 1]<UL><LI> startup_stm32l152xd.o(RESET)
</UL>
<P><STRONG><a name="[6d]"></a>TIM5_IRQHandler</STRONG> (Thumb, 0 bytes, Stack size 0 bytes, startup_stm32l152xd.o(.text))
<BR>[Address Reference Count : 1]<UL><LI> startup_stm32l152xd.o(RESET)
</UL>
<P><STRONG><a name="[6a]"></a>TIM6_IRQHandler</STRONG> (Thumb, 0 bytes, Stack size 0 bytes, startup_stm32l152xd.o(.text))
<BR>[Address Reference Count : 1]<UL><LI> startup_stm32l152xd.o(RESET)
</UL>
<P><STRONG><a name="[6b]"></a>TIM7_IRQHandler</STRONG> (Thumb, 0 bytes, Stack size 0 bytes, startup_stm32l152xd.o(.text))
<BR>[Address Reference Count : 1]<UL><LI> startup_stm32l152xd.o(RESET)
</UL>
<P><STRONG><a name="[58]"></a>TIM9_IRQHandler</STRONG> (Thumb, 0 bytes, Stack size 0 bytes, startup_stm32l152xd.o(.text))
<BR>[Address Reference Count : 1]<UL><LI> startup_stm32l152xd.o(RESET)
</UL>
<P><STRONG><a name="[6f]"></a>UART4_IRQHandler</STRONG> (Thumb, 0 bytes, Stack size 0 bytes, startup_stm32l152xd.o(.text))
<BR>[Address Reference Count : 1]<UL><LI> startup_stm32l152xd.o(RESET)
</UL>
<P><STRONG><a name="[70]"></a>UART5_IRQHandler</STRONG> (Thumb, 0 bytes, Stack size 0 bytes, startup_stm32l152xd.o(.text))
<BR>[Address Reference Count : 1]<UL><LI> startup_stm32l152xd.o(RESET)
</UL>
<P><STRONG><a name="[65]"></a>USART2_IRQHandler</STRONG> (Thumb, 0 bytes, Stack size 0 bytes, startup_stm32l152xd.o(.text))
<BR>[Address Reference Count : 1]<UL><LI> startup_stm32l152xd.o(RESET)
</UL>
<P><STRONG><a name="[69]"></a>USB_FS_WKUP_IRQHandler</STRONG> (Thumb, 0 bytes, Stack size 0 bytes, startup_stm32l152xd.o(.text))
<BR>[Address Reference Count : 1]<UL><LI> startup_stm32l152xd.o(RESET)
</UL>
<P><STRONG><a name="[52]"></a>USB_HP_IRQHandler</STRONG> (Thumb, 0 bytes, Stack size 0 bytes, startup_stm32l152xd.o(.text))
<BR>[Address Reference Count : 1]<UL><LI> startup_stm32l152xd.o(RESET)
</UL>
<P><STRONG><a name="[3f]"></a>WWDG_IRQHandler</STRONG> (Thumb, 0 bytes, Stack size 0 bytes, startup_stm32l152xd.o(.text))
<BR>[Address Reference Count : 1]<UL><LI> startup_stm32l152xd.o(RESET)
</UL>
<P><STRONG><a name="[af]"></a>__aeabi_uldivmod</STRONG> (Thumb, 98 bytes, Stack size 40 bytes, uldiv.o(.text))
<BR><BR>[Stack]<UL><LI>Max Depth = 40<LI>Call Chain = __aeabi_uldivmod
</UL>
<BR>[Calls]<UL><LI><a href="#[b0]">&gt;&gt;</a>&nbsp;&nbsp;&nbsp;__aeabi_llsr
<LI><a href="#[b1]">&gt;&gt;</a>&nbsp;&nbsp;&nbsp;__aeabi_llsl
</UL>
<BR>[Called By]<UL><LI><a href="#[18b]">&gt;&gt;</a>&nbsp;&nbsp;&nbsp;HW_RTC_ms2Tick
<LI><a href="#[191]">&gt;&gt;</a>&nbsp;&nbsp;&nbsp;HW_RTC_Tick2ms
<LI><a href="#[261]">&gt;&gt;</a>&nbsp;&nbsp;&nbsp;_printf_core
<LI><a href="#[262]">&gt;&gt;</a>&nbsp;&nbsp;&nbsp;_fp_digits
</UL>

<P><STRONG><a name="[f1]"></a>__aeabi_memcpy</STRONG> (Thumb, 36 bytes, Stack size 0 bytes, memcpya.o(.text))
<BR><BR>[Called By]<UL><LI><a href="#[1c0]">&gt;&gt;</a>&nbsp;&nbsp;&nbsp;lora_DefaultConfig
<LI><a href="#[1df]">&gt;&gt;</a>&nbsp;&nbsp;&nbsp;ReadConfigFileData
<LI><a href="#[200]">&gt;&gt;</a>&nbsp;&nbsp;&nbsp;ReadDisk
<LI><a href="#[fd]">&gt;&gt;</a>&nbsp;&nbsp;&nbsp;EEPROMReadAppDefaultConfig
<LI><a href="#[34]">&gt;&gt;</a>&nbsp;&nbsp;&nbsp;CDC_Receive_FS
</UL>

<P><STRONG><a name="[d9]"></a>__aeabi_memcpy4</STRONG> (Thumb, 0 bytes, Stack size 0 bytes, memcpya.o(.text))
<BR><BR>[Called By]<UL><LI><a href="#[d8]">&gt;&gt;</a>&nbsp;&nbsp;&nbsp;App_RTC_StartWakeUpAlarm
<LI><a href="#[26f]">&gt;&gt;</a>&nbsp;&nbsp;&nbsp;appInit
<LI><a href="#[1d9]">&gt;&gt;</a>&nbsp;&nbsp;&nbsp;MX_FATFS_Init
<LI><a href="#[ff]">&gt;&gt;</a>&nbsp;&nbsp;&nbsp;EEPROMReadLoRaDefaultConfig
</UL>

<P><STRONG><a name="[2aa]"></a>__aeabi_memcpy8</STRONG> (Thumb, 0 bytes, Stack size 0 bytes, memcpya.o(.text), UNUSED)

<P><STRONG><a name="[b3]"></a>__aeabi_memset</STRONG> (Thumb, 14 bytes, Stack size 0 bytes, memseta.o(.text))
<BR><BR>[Called By]<UL><LI><a href="#[b4]">&gt;&gt;</a>&nbsp;&nbsp;&nbsp;_memset$wrapper
<LI><a href="#[b2]">&gt;&gt;</a>&nbsp;&nbsp;&nbsp;__aeabi_memclr
</UL>

<P><STRONG><a name="[2ab]"></a>__aeabi_memset4</STRONG> (Thumb, 0 bytes, Stack size 0 bytes, memseta.o(.text), UNUSED)

<P><STRONG><a name="[2ac]"></a>__aeabi_memset8</STRONG> (Thumb, 0 bytes, Stack size 0 bytes, memseta.o(.text), UNUSED)

<P><STRONG><a name="[b2]"></a>__aeabi_memclr</STRONG> (Thumb, 4 bytes, Stack size 0 bytes, memseta.o(.text))
<BR><BR>[Calls]<UL><LI><a href="#[b3]">&gt;&gt;</a>&nbsp;&nbsp;&nbsp;__aeabi_memset
</UL>
<BR>[Called By]<UL><LI><a href="#[200]">&gt;&gt;</a>&nbsp;&nbsp;&nbsp;ReadDisk
</UL>

<P><STRONG><a name="[e8]"></a>__aeabi_memclr4</STRONG> (Thumb, 0 bytes, Stack size 0 bytes, memseta.o(.text))
<BR><BR>[Called By]<UL><LI><a href="#[226]">&gt;&gt;</a>&nbsp;&nbsp;&nbsp;SystemClock_Config
<LI><a href="#[185]">&gt;&gt;</a>&nbsp;&nbsp;&nbsp;HW_IOs_Init
<LI><a href="#[95]">&gt;&gt;</a>&nbsp;&nbsp;&nbsp;SX1272IoInit
<LI><a href="#[96]">&gt;&gt;</a>&nbsp;&nbsp;&nbsp;SX1272IoDeInit
<LI><a href="#[a4]">&gt;&gt;</a>&nbsp;&nbsp;&nbsp;SX1272SetRx
<LI><a href="#[216]">&gt;&gt;</a>&nbsp;&nbsp;&nbsp;SX1272Reset
<LI><a href="#[165]">&gt;&gt;</a>&nbsp;&nbsp;&nbsp;HAL_UART_MspDeInit
<LI><a href="#[1c8]">&gt;&gt;</a>&nbsp;&nbsp;&nbsp;MEASGetUbat
<LI><a href="#[f7]">&gt;&gt;</a>&nbsp;&nbsp;&nbsp;DBG_Init
<LI><a href="#[112]">&gt;&gt;</a>&nbsp;&nbsp;&nbsp;GetHWRev
<LI><a href="#[e7]">&gt;&gt;</a>&nbsp;&nbsp;&nbsp;BSP_ButtonIrqInit
<LI><a href="#[fb]">&gt;&gt;</a>&nbsp;&nbsp;&nbsp;DeinitUSB
</UL>

<P><STRONG><a name="[2ad]"></a>__aeabi_memclr8</STRONG> (Thumb, 0 bytes, Stack size 0 bytes, memseta.o(.text), UNUSED)

<P><STRONG><a name="[b4]"></a>_memset$wrapper</STRONG> (Thumb, 18 bytes, Stack size 8 bytes, memseta.o(.text), UNUSED)
<BR><BR>[Calls]<UL><LI><a href="#[b3]">&gt;&gt;</a>&nbsp;&nbsp;&nbsp;__aeabi_memset
</UL>

<P><STRONG><a name="[1fc]"></a>strlen</STRONG> (Thumb, 14 bytes, Stack size 0 bytes, strlen.o(.text))
<BR><BR>[Called By]<UL><LI><a href="#[1df]">&gt;&gt;</a>&nbsp;&nbsp;&nbsp;ReadConfigFileData
</UL>

<P><STRONG><a name="[272]"></a>memcmp</STRONG> (Thumb, 26 bytes, Stack size 12 bytes, memcmp.o(.text))
<BR><BR>[Stack]<UL><LI>Max Depth = 12<LI>Call Chain = memcmp
</UL>
<BR>[Called By]<UL><LI><a href="#[1be]">&gt;&gt;</a>&nbsp;&nbsp;&nbsp;appParseRxPayload
</UL>

<P><STRONG><a name="[1fd]"></a>strncmp</STRONG> (Thumb, 30 bytes, Stack size 12 bytes, strncmp.o(.text))
<BR><BR>[Stack]<UL><LI>Max Depth = 12<LI>Call Chain = strncmp
</UL>
<BR>[Called By]<UL><LI><a href="#[1df]">&gt;&gt;</a>&nbsp;&nbsp;&nbsp;ReadConfigFileData
</UL>

<P><STRONG><a name="[b5]"></a>strtol</STRONG> (Thumb, 112 bytes, Stack size 32 bytes, strtol.o(.text))
<BR><BR>[Stack]<UL><LI>Max Depth = 72<LI>Call Chain = strtol &rArr; _strtoul
</UL>
<BR>[Calls]<UL><LI><a href="#[b7]">&gt;&gt;</a>&nbsp;&nbsp;&nbsp;_strtoul
<LI><a href="#[b8]">&gt;&gt;</a>&nbsp;&nbsp;&nbsp;__aeabi_errno_addr
<LI><a href="#[b6]">&gt;&gt;</a>&nbsp;&nbsp;&nbsp;__rt_ctype_table
</UL>
<BR>[Called By]<UL><LI><a href="#[1df]">&gt;&gt;</a>&nbsp;&nbsp;&nbsp;ReadConfigFileData
<LI><a href="#[111]">&gt;&gt;</a>&nbsp;&nbsp;&nbsp;GetDecValueMinMax
<LI><a href="#[b9]">&gt;&gt;</a>&nbsp;&nbsp;&nbsp;atol
</UL>

<P><STRONG><a name="[b9]"></a>atol</STRONG> (Thumb, 26 bytes, Stack size 16 bytes, atol.o(.text))
<BR><BR>[Stack]<UL><LI>Max Depth = 88<LI>Call Chain = atol &rArr; strtol &rArr; _strtoul
</UL>
<BR>[Calls]<UL><LI><a href="#[b8]">&gt;&gt;</a>&nbsp;&nbsp;&nbsp;__aeabi_errno_addr
<LI><a href="#[b5]">&gt;&gt;</a>&nbsp;&nbsp;&nbsp;strtol
</UL>
<BR>[Called By]<UL><LI><a href="#[1df]">&gt;&gt;</a>&nbsp;&nbsp;&nbsp;ReadConfigFileData
</UL>

<P><STRONG><a name="[ba]"></a>__aeabi_dadd</STRONG> (Thumb, 322 bytes, Stack size 48 bytes, dadd.o(.text))
<BR><BR>[Stack]<UL><LI>Max Depth = 88<LI>Call Chain = __aeabi_dadd &rArr; _double_epilogue &rArr; _double_round
</UL>
<BR>[Calls]<UL><LI><a href="#[bb]">&gt;&gt;</a>&nbsp;&nbsp;&nbsp;__aeabi_lasr
<LI><a href="#[b1]">&gt;&gt;</a>&nbsp;&nbsp;&nbsp;__aeabi_llsl
<LI><a href="#[bd]">&gt;&gt;</a>&nbsp;&nbsp;&nbsp;_double_round
<LI><a href="#[bc]">&gt;&gt;</a>&nbsp;&nbsp;&nbsp;_double_epilogue
</UL>
<BR>[Called By]<UL><LI><a href="#[a4]">&gt;&gt;</a>&nbsp;&nbsp;&nbsp;SX1272SetRx
<LI><a href="#[a0]">&gt;&gt;</a>&nbsp;&nbsp;&nbsp;SX1272GetTimeOnAir
<LI><a href="#[262]">&gt;&gt;</a>&nbsp;&nbsp;&nbsp;_fp_digits
<LI><a href="#[be]">&gt;&gt;</a>&nbsp;&nbsp;&nbsp;__aeabi_dsub
<LI><a href="#[211]">&gt;&gt;</a>&nbsp;&nbsp;&nbsp;round
<LI><a href="#[214]">&gt;&gt;</a>&nbsp;&nbsp;&nbsp;floor
<LI><a href="#[bf]">&gt;&gt;</a>&nbsp;&nbsp;&nbsp;__aeabi_drsub
<LI><a href="#[212]">&gt;&gt;</a>&nbsp;&nbsp;&nbsp;ceil
</UL>

<P><STRONG><a name="[be]"></a>__aeabi_dsub</STRONG> (Thumb, 6 bytes, Stack size 0 bytes, dadd.o(.text))
<BR><BR>[Stack]<UL><LI>Max Depth = 88<LI>Call Chain = __aeabi_dsub &rArr; __aeabi_dadd &rArr; _double_epilogue &rArr; _double_round
</UL>
<BR>[Calls]<UL><LI><a href="#[ba]">&gt;&gt;</a>&nbsp;&nbsp;&nbsp;__aeabi_dadd
</UL>
<BR>[Called By]<UL><LI><a href="#[211]">&gt;&gt;</a>&nbsp;&nbsp;&nbsp;round
</UL>

<P><STRONG><a name="[bf]"></a>__aeabi_drsub</STRONG> (Thumb, 6 bytes, Stack size 0 bytes, dadd.o(.text))
<BR><BR>[Stack]<UL><LI>Max Depth = 88<LI>Call Chain = __aeabi_drsub &rArr; __aeabi_dadd &rArr; _double_epilogue &rArr; _double_round
</UL>
<BR>[Calls]<UL><LI><a href="#[ba]">&gt;&gt;</a>&nbsp;&nbsp;&nbsp;__aeabi_dadd
</UL>
<BR>[Called By]<UL><LI><a href="#[211]">&gt;&gt;</a>&nbsp;&nbsp;&nbsp;round
<LI><a href="#[214]">&gt;&gt;</a>&nbsp;&nbsp;&nbsp;floor
<LI><a href="#[212]">&gt;&gt;</a>&nbsp;&nbsp;&nbsp;ceil
</UL>

<P><STRONG><a name="[c0]"></a>__aeabi_dmul</STRONG> (Thumb, 228 bytes, Stack size 48 bytes, dmul.o(.text))
<BR><BR>[Stack]<UL><LI>Max Depth = 88<LI>Call Chain = __aeabi_dmul &rArr; _double_epilogue &rArr; _double_round
</UL>
<BR>[Calls]<UL><LI><a href="#[bc]">&gt;&gt;</a>&nbsp;&nbsp;&nbsp;_double_epilogue
</UL>
<BR>[Called By]<UL><LI><a href="#[a4]">&gt;&gt;</a>&nbsp;&nbsp;&nbsp;SX1272SetRx
<LI><a href="#[a0]">&gt;&gt;</a>&nbsp;&nbsp;&nbsp;SX1272GetTimeOnAir
<LI><a href="#[262]">&gt;&gt;</a>&nbsp;&nbsp;&nbsp;_fp_digits
</UL>

<P><STRONG><a name="[c1]"></a>__aeabi_ddiv</STRONG> (Thumb, 222 bytes, Stack size 32 bytes, ddiv.o(.text))
<BR><BR>[Stack]<UL><LI>Max Depth = 40<LI>Call Chain = __aeabi_ddiv &rArr; _double_round
</UL>
<BR>[Calls]<UL><LI><a href="#[bd]">&gt;&gt;</a>&nbsp;&nbsp;&nbsp;_double_round
</UL>
<BR>[Called By]<UL><LI><a href="#[9e]">&gt;&gt;</a>&nbsp;&nbsp;&nbsp;SX1272SetTxConfig
<LI><a href="#[9d]">&gt;&gt;</a>&nbsp;&nbsp;&nbsp;SX1272SetRxConfig
<LI><a href="#[a4]">&gt;&gt;</a>&nbsp;&nbsp;&nbsp;SX1272SetRx
<LI><a href="#[a0]">&gt;&gt;</a>&nbsp;&nbsp;&nbsp;SX1272GetTimeOnAir
<LI><a href="#[262]">&gt;&gt;</a>&nbsp;&nbsp;&nbsp;_fp_digits
</UL>

<P><STRONG><a name="[c2]"></a>__aeabi_i2d</STRONG> (Thumb, 34 bytes, Stack size 16 bytes, dflti.o(.text))
<BR><BR>[Stack]<UL><LI>Max Depth = 56<LI>Call Chain = __aeabi_i2d &rArr; _double_epilogue &rArr; _double_round
</UL>
<BR>[Calls]<UL><LI><a href="#[bc]">&gt;&gt;</a>&nbsp;&nbsp;&nbsp;_double_epilogue
</UL>
<BR>[Called By]<UL><LI><a href="#[a4]">&gt;&gt;</a>&nbsp;&nbsp;&nbsp;SX1272SetRx
<LI><a href="#[a0]">&gt;&gt;</a>&nbsp;&nbsp;&nbsp;SX1272GetTimeOnAir
</UL>

<P><STRONG><a name="[c3]"></a>__aeabi_ui2d</STRONG> (Thumb, 26 bytes, Stack size 16 bytes, dfltui.o(.text))
<BR><BR>[Stack]<UL><LI>Max Depth = 56<LI>Call Chain = __aeabi_ui2d &rArr; _double_epilogue &rArr; _double_round
</UL>
<BR>[Calls]<UL><LI><a href="#[bc]">&gt;&gt;</a>&nbsp;&nbsp;&nbsp;_double_epilogue
</UL>
<BR>[Called By]<UL><LI><a href="#[9e]">&gt;&gt;</a>&nbsp;&nbsp;&nbsp;SX1272SetTxConfig
<LI><a href="#[9d]">&gt;&gt;</a>&nbsp;&nbsp;&nbsp;SX1272SetRxConfig
<LI><a href="#[a4]">&gt;&gt;</a>&nbsp;&nbsp;&nbsp;SX1272SetRx
<LI><a href="#[a0]">&gt;&gt;</a>&nbsp;&nbsp;&nbsp;SX1272GetTimeOnAir
</UL>

<P><STRONG><a name="[c4]"></a>__aeabi_d2uiz</STRONG> (Thumb, 50 bytes, Stack size 8 bytes, dfixui.o(.text))
<BR><BR>[Stack]<UL><LI>Max Depth = 8<LI>Call Chain = __aeabi_d2uiz
</UL>
<BR>[Calls]<UL><LI><a href="#[b0]">&gt;&gt;</a>&nbsp;&nbsp;&nbsp;__aeabi_llsr
</UL>
<BR>[Called By]<UL><LI><a href="#[9e]">&gt;&gt;</a>&nbsp;&nbsp;&nbsp;SX1272SetTxConfig
<LI><a href="#[9d]">&gt;&gt;</a>&nbsp;&nbsp;&nbsp;SX1272SetRxConfig
<LI><a href="#[a4]">&gt;&gt;</a>&nbsp;&nbsp;&nbsp;SX1272SetRx
<LI><a href="#[a0]">&gt;&gt;</a>&nbsp;&nbsp;&nbsp;SX1272GetTimeOnAir
</UL>

<P><STRONG><a name="[213]"></a>__aeabi_cdrcmple</STRONG> (Thumb, 48 bytes, Stack size 0 bytes, cdrcmple.o(.text))
<BR><BR>[Called By]<UL><LI><a href="#[a0]">&gt;&gt;</a>&nbsp;&nbsp;&nbsp;SX1272GetTimeOnAir
<LI><a href="#[262]">&gt;&gt;</a>&nbsp;&nbsp;&nbsp;_fp_digits
<LI><a href="#[211]">&gt;&gt;</a>&nbsp;&nbsp;&nbsp;round
<LI><a href="#[214]">&gt;&gt;</a>&nbsp;&nbsp;&nbsp;floor
<LI><a href="#[212]">&gt;&gt;</a>&nbsp;&nbsp;&nbsp;ceil
</UL>

<P><STRONG><a name="[2ae]"></a>__aeabi_uidiv</STRONG> (Thumb, 0 bytes, Stack size 12 bytes, uidiv.o(.text), UNUSED)

<P><STRONG><a name="[265]"></a>__aeabi_uidivmod</STRONG> (Thumb, 44 bytes, Stack size 12 bytes, uidiv.o(.text), UNUSED)
<BR><BR>[Called By]<UL><LI><a href="#[261]">&gt;&gt;</a>&nbsp;&nbsp;&nbsp;_printf_core
</UL>

<P><STRONG><a name="[b1]"></a>__aeabi_llsl</STRONG> (Thumb, 30 bytes, Stack size 0 bytes, llshl.o(.text))
<BR><BR>[Called By]<UL><LI><a href="#[ba]">&gt;&gt;</a>&nbsp;&nbsp;&nbsp;__aeabi_dadd
<LI><a href="#[bc]">&gt;&gt;</a>&nbsp;&nbsp;&nbsp;_double_epilogue
<LI><a href="#[c7]">&gt;&gt;</a>&nbsp;&nbsp;&nbsp;__aeabi_d2ulz
<LI><a href="#[af]">&gt;&gt;</a>&nbsp;&nbsp;&nbsp;__aeabi_uldivmod
<LI><a href="#[c6]">&gt;&gt;</a>&nbsp;&nbsp;&nbsp;_drnd
</UL>

<P><STRONG><a name="[2af]"></a>_ll_shift_l</STRONG> (Thumb, 0 bytes, Stack size 0 bytes, llshl.o(.text), UNUSED)

<P><STRONG><a name="[b0]"></a>__aeabi_llsr</STRONG> (Thumb, 32 bytes, Stack size 0 bytes, llushr.o(.text))
<BR><BR>[Called By]<UL><LI><a href="#[c4]">&gt;&gt;</a>&nbsp;&nbsp;&nbsp;__aeabi_d2uiz
<LI><a href="#[bc]">&gt;&gt;</a>&nbsp;&nbsp;&nbsp;_double_epilogue
<LI><a href="#[c7]">&gt;&gt;</a>&nbsp;&nbsp;&nbsp;__aeabi_d2ulz
<LI><a href="#[af]">&gt;&gt;</a>&nbsp;&nbsp;&nbsp;__aeabi_uldivmod
<LI><a href="#[c6]">&gt;&gt;</a>&nbsp;&nbsp;&nbsp;_drnd
</UL>

<P><STRONG><a name="[2b0]"></a>_ll_ushift_r</STRONG> (Thumb, 0 bytes, Stack size 0 bytes, llushr.o(.text), UNUSED)

<P><STRONG><a name="[bb]"></a>__aeabi_lasr</STRONG> (Thumb, 36 bytes, Stack size 0 bytes, llsshr.o(.text))
<BR><BR>[Called By]<UL><LI><a href="#[ba]">&gt;&gt;</a>&nbsp;&nbsp;&nbsp;__aeabi_dadd
</UL>

<P><STRONG><a name="[2b1]"></a>_ll_sshift_r</STRONG> (Thumb, 0 bytes, Stack size 0 bytes, llsshr.o(.text), UNUSED)

<P><STRONG><a name="[b6]"></a>__rt_ctype_table</STRONG> (Thumb, 4 bytes, Stack size 0 bytes, ctype_o.o(.text))
<BR><BR>[Called By]<UL><LI><a href="#[b5]">&gt;&gt;</a>&nbsp;&nbsp;&nbsp;strtol
</UL>

<P><STRONG><a name="[b7]"></a>_strtoul</STRONG> (Thumb, 158 bytes, Stack size 40 bytes, _strtoul.o(.text))
<BR><BR>[Stack]<UL><LI>Max Depth = 40<LI>Call Chain = _strtoul
</UL>
<BR>[Calls]<UL><LI><a href="#[c5]">&gt;&gt;</a>&nbsp;&nbsp;&nbsp;_chval
<LI><a href="#[b8]">&gt;&gt;</a>&nbsp;&nbsp;&nbsp;__aeabi_errno_addr
</UL>
<BR>[Called By]<UL><LI><a href="#[b5]">&gt;&gt;</a>&nbsp;&nbsp;&nbsp;strtol
</UL>

<P><STRONG><a name="[2b2]"></a>__I$use$fp</STRONG> (Thumb, 0 bytes, Stack size 8 bytes, iusefp.o(.text), UNUSED)

<P><STRONG><a name="[bd]"></a>_double_round</STRONG> (Thumb, 30 bytes, Stack size 8 bytes, depilogue.o(.text))
<BR><BR>[Stack]<UL><LI>Max Depth = 8<LI>Call Chain = _double_round
</UL>
<BR>[Called By]<UL><LI><a href="#[c1]">&gt;&gt;</a>&nbsp;&nbsp;&nbsp;__aeabi_ddiv
<LI><a href="#[ba]">&gt;&gt;</a>&nbsp;&nbsp;&nbsp;__aeabi_dadd
<LI><a href="#[bc]">&gt;&gt;</a>&nbsp;&nbsp;&nbsp;_double_epilogue
<LI><a href="#[c6]">&gt;&gt;</a>&nbsp;&nbsp;&nbsp;_drnd
</UL>

<P><STRONG><a name="[bc]"></a>_double_epilogue</STRONG> (Thumb, 156 bytes, Stack size 32 bytes, depilogue.o(.text))
<BR><BR>[Stack]<UL><LI>Max Depth = 40<LI>Call Chain = _double_epilogue &rArr; _double_round
</UL>
<BR>[Calls]<UL><LI><a href="#[b0]">&gt;&gt;</a>&nbsp;&nbsp;&nbsp;__aeabi_llsr
<LI><a href="#[b1]">&gt;&gt;</a>&nbsp;&nbsp;&nbsp;__aeabi_llsl
<LI><a href="#[bd]">&gt;&gt;</a>&nbsp;&nbsp;&nbsp;_double_round
</UL>
<BR>[Called By]<UL><LI><a href="#[c3]">&gt;&gt;</a>&nbsp;&nbsp;&nbsp;__aeabi_ui2d
<LI><a href="#[c2]">&gt;&gt;</a>&nbsp;&nbsp;&nbsp;__aeabi_i2d
<LI><a href="#[c0]">&gt;&gt;</a>&nbsp;&nbsp;&nbsp;__aeabi_dmul
<LI><a href="#[ba]">&gt;&gt;</a>&nbsp;&nbsp;&nbsp;__aeabi_dadd
</UL>

<P><STRONG><a name="[c6]"></a>_drnd</STRONG> (Thumb, 132 bytes, Stack size 24 bytes, drnd.o(.text))
<BR><BR>[Stack]<UL><LI>Max Depth = 32<LI>Call Chain = _drnd &rArr; _double_round
</UL>
<BR>[Calls]<UL><LI><a href="#[b0]">&gt;&gt;</a>&nbsp;&nbsp;&nbsp;__aeabi_llsr
<LI><a href="#[b1]">&gt;&gt;</a>&nbsp;&nbsp;&nbsp;__aeabi_llsl
<LI><a href="#[bd]">&gt;&gt;</a>&nbsp;&nbsp;&nbsp;_double_round
</UL>
<BR>[Called By]<UL><LI><a href="#[211]">&gt;&gt;</a>&nbsp;&nbsp;&nbsp;round
</UL>

<P><STRONG><a name="[c7]"></a>__aeabi_d2ulz</STRONG> (Thumb, 48 bytes, Stack size 0 bytes, dfixul.o(.text), UNUSED)
<BR><BR>[Calls]<UL><LI><a href="#[b0]">&gt;&gt;</a>&nbsp;&nbsp;&nbsp;__aeabi_llsr
<LI><a href="#[b1]">&gt;&gt;</a>&nbsp;&nbsp;&nbsp;__aeabi_llsl
</UL>
<BR>[Called By]<UL><LI><a href="#[262]">&gt;&gt;</a>&nbsp;&nbsp;&nbsp;_fp_digits
</UL>

<P><STRONG><a name="[2b3]"></a>__aeabi_cdcmpeq</STRONG> (Thumb, 0 bytes, Stack size 0 bytes, cdcmple.o(.text), UNUSED)

<P><STRONG><a name="[2a2]"></a>__aeabi_cdcmple</STRONG> (Thumb, 48 bytes, Stack size 0 bytes, cdcmple.o(.text))
<BR><BR>[Called By]<UL><LI><a href="#[211]">&gt;&gt;</a>&nbsp;&nbsp;&nbsp;round
</UL>

<P><STRONG><a name="[ae]"></a>__scatterload</STRONG> (Thumb, 28 bytes, Stack size 0 bytes, init.o(.text))
<BR><BR>[Calls]<UL><LI><a href="#[c8]">&gt;&gt;</a>&nbsp;&nbsp;&nbsp;__main_after_scatterload
</UL>
<BR>[Called By]<UL><LI><a href="#[ad]">&gt;&gt;</a>&nbsp;&nbsp;&nbsp;_main_scatterload
</UL>

<P><STRONG><a name="[2b4]"></a>__scatterload_rt2</STRONG> (Thumb, 0 bytes, Stack size 0 bytes, init.o(.text), UNUSED)

<P><STRONG><a name="[c5]"></a>_chval</STRONG> (Thumb, 28 bytes, Stack size 0 bytes, _chval.o(.text))
<BR><BR>[Called By]<UL><LI><a href="#[b7]">&gt;&gt;</a>&nbsp;&nbsp;&nbsp;_strtoul
</UL>

<P><STRONG><a name="[2b5]"></a>__decompress</STRONG> (Thumb, 0 bytes, Stack size unknown bytes, __dczerorl2.o(.text), UNUSED)

<P><STRONG><a name="[2b6]"></a>__decompress1</STRONG> (Thumb, 86 bytes, Stack size unknown bytes, __dczerorl2.o(.text), UNUSED)

<P><STRONG><a name="[c9]"></a>ADC_Enable</STRONG> (Thumb, 126 bytes, Stack size 16 bytes, stm32l1xx_hal_adc.o(i.ADC_Enable))
<BR><BR>[Stack]<UL><LI>Max Depth = 16<LI>Call Chain = ADC_Enable
</UL>
<BR>[Calls]<UL><LI><a href="#[ca]">&gt;&gt;</a>&nbsp;&nbsp;&nbsp;HAL_GetTick
</UL>
<BR>[Called By]<UL><LI><a href="#[11a]">&gt;&gt;</a>&nbsp;&nbsp;&nbsp;HAL_ADC_Start
</UL>

<P><STRONG><a name="[cb]"></a>AES_CMAC_Final</STRONG> (Thumb, 430 bytes, Stack size 48 bytes, cmac.o(i.AES_CMAC_Final))
<BR><BR>[Stack]<UL><LI>Max Depth = 112<LI>Call Chain = AES_CMAC_Final &rArr; aes_encrypt &rArr; mix_sub_columns
</UL>
<BR>[Calls]<UL><LI><a href="#[ce]">&gt;&gt;</a>&nbsp;&nbsp;&nbsp;memcpy1
<LI><a href="#[cc]">&gt;&gt;</a>&nbsp;&nbsp;&nbsp;memset1
<LI><a href="#[cd]">&gt;&gt;</a>&nbsp;&nbsp;&nbsp;aes_encrypt
</UL>
<BR>[Called By]<UL><LI><a href="#[1a6]">&gt;&gt;</a>&nbsp;&nbsp;&nbsp;LoRaMacJoinComputeMic
<LI><a href="#[1a1]">&gt;&gt;</a>&nbsp;&nbsp;&nbsp;LoRaMacComputeMic
</UL>

<P><STRONG><a name="[cf]"></a>AES_CMAC_Init</STRONG> (Thumb, 32 bytes, Stack size 8 bytes, cmac.o(i.AES_CMAC_Init))
<BR><BR>[Stack]<UL><LI>Max Depth = 16<LI>Call Chain = AES_CMAC_Init &rArr; memset1
</UL>
<BR>[Calls]<UL><LI><a href="#[cc]">&gt;&gt;</a>&nbsp;&nbsp;&nbsp;memset1
</UL>
<BR>[Called By]<UL><LI><a href="#[1a6]">&gt;&gt;</a>&nbsp;&nbsp;&nbsp;LoRaMacJoinComputeMic
<LI><a href="#[1a1]">&gt;&gt;</a>&nbsp;&nbsp;&nbsp;LoRaMacComputeMic
</UL>

<P><STRONG><a name="[d0]"></a>AES_CMAC_SetKey</STRONG> (Thumb, 20 bytes, Stack size 16 bytes, cmac.o(i.AES_CMAC_SetKey))
<BR><BR>[Stack]<UL><LI>Max Depth = 64<LI>Call Chain = AES_CMAC_SetKey &rArr; aes_set_key &rArr; copy_block_nn
</UL>
<BR>[Calls]<UL><LI><a href="#[d1]">&gt;&gt;</a>&nbsp;&nbsp;&nbsp;aes_set_key
</UL>
<BR>[Called By]<UL><LI><a href="#[1a6]">&gt;&gt;</a>&nbsp;&nbsp;&nbsp;LoRaMacJoinComputeMic
<LI><a href="#[1a1]">&gt;&gt;</a>&nbsp;&nbsp;&nbsp;LoRaMacComputeMic
</UL>

<P><STRONG><a name="[d2]"></a>AES_CMAC_Update</STRONG> (Thumb, 206 bytes, Stack size 40 bytes, cmac.o(i.AES_CMAC_Update))
<BR><BR>[Stack]<UL><LI>Max Depth = 104<LI>Call Chain = AES_CMAC_Update &rArr; aes_encrypt &rArr; mix_sub_columns
</UL>
<BR>[Calls]<UL><LI><a href="#[ce]">&gt;&gt;</a>&nbsp;&nbsp;&nbsp;memcpy1
<LI><a href="#[cd]">&gt;&gt;</a>&nbsp;&nbsp;&nbsp;aes_encrypt
</UL>
<BR>[Called By]<UL><LI><a href="#[1a6]">&gt;&gt;</a>&nbsp;&nbsp;&nbsp;LoRaMacJoinComputeMic
<LI><a href="#[1a1]">&gt;&gt;</a>&nbsp;&nbsp;&nbsp;LoRaMacComputeMic
</UL>

<P><STRONG><a name="[22b]"></a>App_RTC_GetMinimumTimeout</STRONG> (Thumb, 4 bytes, Stack size 0 bytes, rtcapp.o(i.App_RTC_GetMinimumTimeout))
<BR><BR>[Called By]<UL><LI><a href="#[e4]">&gt;&gt;</a>&nbsp;&nbsp;&nbsp;TimerSetValue
<LI><a href="#[229]">&gt;&gt;</a>&nbsp;&nbsp;&nbsp;TimerSetTimeout
</UL>

<P><STRONG><a name="[d3]"></a>App_RTC_SetAlarm</STRONG> (Thumb, 64 bytes, Stack size 8 bytes, rtcapp.o(i.App_RTC_SetAlarm))
<BR><BR>[Stack]<UL><LI>Max Depth = 96<LI>Call Chain = App_RTC_SetAlarm &rArr; App_RTC_StartWakeUpAlarm &rArr; HAL_RTC_SetAlarm_IT
</UL>
<BR>[Calls]<UL><LI><a href="#[d5]">&gt;&gt;</a>&nbsp;&nbsp;&nbsp;LowPower_Enable
<LI><a href="#[d4]">&gt;&gt;</a>&nbsp;&nbsp;&nbsp;HW_RTC_GetTimerElapsedTime
<LI><a href="#[d8]">&gt;&gt;</a>&nbsp;&nbsp;&nbsp;App_RTC_StartWakeUpAlarm
<LI><a href="#[d7]">&gt;&gt;</a>&nbsp;&nbsp;&nbsp;LowPower_GetState
<LI><a href="#[d6]">&gt;&gt;</a>&nbsp;&nbsp;&nbsp;LowPower_Disable
</UL>
<BR>[Called By]<UL><LI><a href="#[229]">&gt;&gt;</a>&nbsp;&nbsp;&nbsp;TimerSetTimeout
</UL>

<P><STRONG><a name="[da]"></a>App_RTC_StopAlarm</STRONG> (Thumb, 34 bytes, Stack size 8 bytes, rtcapp.o(i.App_RTC_StopAlarm))
<BR><BR>[Stack]<UL><LI>Max Depth = 24<LI>Call Chain = App_RTC_StopAlarm &rArr; HAL_RTC_DeactivateAlarm
</UL>
<BR>[Calls]<UL><LI><a href="#[dc]">&gt;&gt;</a>&nbsp;&nbsp;&nbsp;HAL_RTC_DeactivateAlarm
</UL>
<BR>[Called By]<UL><LI><a href="#[1ea]">&gt;&gt;</a>&nbsp;&nbsp;&nbsp;TimerStop
<LI><a href="#[d8]">&gt;&gt;</a>&nbsp;&nbsp;&nbsp;App_RTC_StartWakeUpAlarm
</UL>

<P><STRONG><a name="[dd]"></a>App_RTC_setMcuWakeUpTime</STRONG> (Thumb, 116 bytes, Stack size 40 bytes, rtcapp.o(i.App_RTC_setMcuWakeUpTime))
<BR><BR>[Stack]<UL><LI>Max Depth = 88<LI>Call Chain = App_RTC_setMcuWakeUpTime &rArr; HW_RTC_GetCalendarValue &rArr; HAL_RTC_GetTime
</UL>
<BR>[Calls]<UL><LI><a href="#[de]">&gt;&gt;</a>&nbsp;&nbsp;&nbsp;HAL_NVIC_GetPendingIRQ
<LI><a href="#[e0]">&gt;&gt;</a>&nbsp;&nbsp;&nbsp;HAL_RTC_GetAlarm
<LI><a href="#[df]">&gt;&gt;</a>&nbsp;&nbsp;&nbsp;HW_RTC_GetCalendarValue
</UL>
<BR>[Called By]<UL><LI><a href="#[e6]">&gt;&gt;</a>&nbsp;&nbsp;&nbsp;LowPower_Handler
</UL>

<P><STRONG><a name="[e1]"></a>BSPSleepDelayMs</STRONG> (Thumb, 84 bytes, Stack size 8 bytes, bsp.o(i.BSPSleepDelayMs))
<BR><BR>[Stack]<UL><LI>Max Depth = 168<LI>Call Chain = BSPSleepDelayMs &rArr; TimerSetValue &rArr; TimerStop &rArr; TimerSetTimeout &rArr; App_RTC_SetAlarm &rArr; App_RTC_StartWakeUpAlarm &rArr; HAL_RTC_SetAlarm_IT
</UL>
<BR>[Calls]<UL><LI><a href="#[e5]">&gt;&gt;</a>&nbsp;&nbsp;&nbsp;TimerStart
<LI><a href="#[e4]">&gt;&gt;</a>&nbsp;&nbsp;&nbsp;TimerSetValue
<LI><a href="#[e2]">&gt;&gt;</a>&nbsp;&nbsp;&nbsp;TimerInit
<LI><a href="#[e3]">&gt;&gt;</a>&nbsp;&nbsp;&nbsp;HAL_Delay
<LI><a href="#[e6]">&gt;&gt;</a>&nbsp;&nbsp;&nbsp;LowPower_Handler
</UL>
<BR>[Called By]<UL><LI><a href="#[1c1]">&gt;&gt;</a>&nbsp;&nbsp;&nbsp;appBuildTxPayload
</UL>

<P><STRONG><a name="[e7]"></a>BSP_ButtonIrqInit</STRONG> (Thumb, 68 bytes, Stack size 24 bytes, bsp.o(i.BSP_ButtonIrqInit))
<BR><BR>[Stack]<UL><LI>Max Depth = 184<LI>Call Chain = BSP_ButtonIrqInit &rArr; TimerSetValue &rArr; TimerStop &rArr; TimerSetTimeout &rArr; App_RTC_SetAlarm &rArr; App_RTC_StartWakeUpAlarm &rArr; HAL_RTC_SetAlarm_IT
</UL>
<BR>[Calls]<UL><LI><a href="#[ea]">&gt;&gt;</a>&nbsp;&nbsp;&nbsp;HW_GPIO_SetIrq
<LI><a href="#[e9]">&gt;&gt;</a>&nbsp;&nbsp;&nbsp;HW_GPIO_Init
<LI><a href="#[e4]">&gt;&gt;</a>&nbsp;&nbsp;&nbsp;TimerSetValue
<LI><a href="#[e2]">&gt;&gt;</a>&nbsp;&nbsp;&nbsp;TimerInit
<LI><a href="#[e8]">&gt;&gt;</a>&nbsp;&nbsp;&nbsp;__aeabi_memclr4
</UL>
<BR>[Called By]<UL><LI><a href="#[26f]">&gt;&gt;</a>&nbsp;&nbsp;&nbsp;appInit
</UL>

<P><STRONG><a name="[eb]"></a>BSP_IsSystemVccON</STRONG> (Thumb, 20 bytes, Stack size 8 bytes, bsp.o(i.BSP_IsSystemVccON))
<BR><BR>[Stack]<UL><LI>Max Depth = 8<LI>Call Chain = BSP_IsSystemVccON
</UL>
<BR>[Calls]<UL><LI><a href="#[ec]">&gt;&gt;</a>&nbsp;&nbsp;&nbsp;HAL_GPIO_ReadPin
</UL>
<BR>[Called By]<UL><LI><a href="#[1b8]">&gt;&gt;</a>&nbsp;&nbsp;&nbsp;vcom_UART_Send
</UL>

<P><STRONG><a name="[ed]"></a>BSP_SystemVcc</STRONG> (Thumb, 56 bytes, Stack size 8 bytes, bsp.o(i.BSP_SystemVcc))
<BR><BR>[Stack]<UL><LI>Max Depth = 112<LI>Call Chain = BSP_SystemVcc &rArr; HAL_Delay &rArr; HW_RTC_DelayMs &rArr; HW_RTC_GetTimerValue &rArr; HW_RTC_GetCalendarValue &rArr; HAL_RTC_GetTime
</UL>
<BR>[Calls]<UL><LI><a href="#[ee]">&gt;&gt;</a>&nbsp;&nbsp;&nbsp;HAL_GPIO_WritePin
<LI><a href="#[e3]">&gt;&gt;</a>&nbsp;&nbsp;&nbsp;HAL_Delay
</UL>
<BR>[Called By]<UL><LI><a href="#[1b8]">&gt;&gt;</a>&nbsp;&nbsp;&nbsp;vcom_UART_Send
<LI><a href="#[1c1]">&gt;&gt;</a>&nbsp;&nbsp;&nbsp;appBuildTxPayload
</UL>

<P><STRONG><a name="[39]"></a>BusFault_Handler</STRONG> (Thumb, 4 bytes, Stack size 0 bytes, stm32l1xx_it.o(i.BusFault_Handler))
<BR>[Address Reference Count : 1]<UL><LI> startup_stm32l152xd.o(RESET)
</UL>
<P><STRONG><a name="[fe]"></a>CrcCcitt</STRONG> (Thumb, 64 bytes, Stack size 8 bytes, eeprom.o(i.CrcCcitt))
<BR><BR>[Stack]<UL><LI>Max Depth = 8<LI>Call Chain = CrcCcitt
</UL>
<BR>[Called By]<UL><LI><a href="#[105]">&gt;&gt;</a>&nbsp;&nbsp;&nbsp;EEPROMWriteLoRaDefaultConfig
<LI><a href="#[100]">&gt;&gt;</a>&nbsp;&nbsp;&nbsp;EEPROMWriteAppDefaultConfig
<LI><a href="#[ff]">&gt;&gt;</a>&nbsp;&nbsp;&nbsp;EEPROMReadLoRaDefaultConfig
<LI><a href="#[fd]">&gt;&gt;</a>&nbsp;&nbsp;&nbsp;EEPROMReadAppDefaultConfig
</UL>

<P><STRONG><a name="[f7]"></a>DBG_Init</STRONG> (Thumb, 60 bytes, Stack size 24 bytes, debug.o(i.DBG_Init))
<BR><BR>[Stack]<UL><LI>Max Depth = 68<LI>Call Chain = DBG_Init &rArr; HW_GPIO_Init &rArr; HAL_GPIO_Init
</UL>
<BR>[Calls]<UL><LI><a href="#[f9]">&gt;&gt;</a>&nbsp;&nbsp;&nbsp;HAL_DBGMCU_DisableDBGStopMode
<LI><a href="#[fa]">&gt;&gt;</a>&nbsp;&nbsp;&nbsp;HAL_DBGMCU_DisableDBGStandbyMode
<LI><a href="#[f8]">&gt;&gt;</a>&nbsp;&nbsp;&nbsp;HAL_DBGMCU_DisableDBGSleepMode
<LI><a href="#[e9]">&gt;&gt;</a>&nbsp;&nbsp;&nbsp;HW_GPIO_Init
<LI><a href="#[e8]">&gt;&gt;</a>&nbsp;&nbsp;&nbsp;__aeabi_memclr4
</UL>
<BR>[Called By]<UL><LI><a href="#[77]">&gt;&gt;</a>&nbsp;&nbsp;&nbsp;main
</UL>

<P><STRONG><a name="[3c]"></a>DebugMon_Handler</STRONG> (Thumb, 2 bytes, Stack size 0 bytes, stm32l1xx_it.o(i.DebugMon_Handler))
<BR>[Address Reference Count : 1]<UL><LI> startup_stm32l152xd.o(RESET)
</UL>
<P><STRONG><a name="[fd]"></a>EEPROMReadAppDefaultConfig</STRONG> (Thumb, 76 bytes, Stack size 16 bytes, eeprom.o(i.EEPROMReadAppDefaultConfig))
<BR><BR>[Stack]<UL><LI>Max Depth = 24<LI>Call Chain = EEPROMReadAppDefaultConfig &rArr; CrcCcitt
</UL>
<BR>[Calls]<UL><LI><a href="#[fe]">&gt;&gt;</a>&nbsp;&nbsp;&nbsp;CrcCcitt
<LI><a href="#[f1]">&gt;&gt;</a>&nbsp;&nbsp;&nbsp;__aeabi_memcpy
</UL>
<BR>[Called By]<UL><LI><a href="#[1be]">&gt;&gt;</a>&nbsp;&nbsp;&nbsp;appParseRxPayload
<LI><a href="#[26f]">&gt;&gt;</a>&nbsp;&nbsp;&nbsp;appInit
</UL>

<P><STRONG><a name="[ff]"></a>EEPROMReadLoRaDefaultConfig</STRONG> (Thumb, 64 bytes, Stack size 8 bytes, eeprom.o(i.EEPROMReadLoRaDefaultConfig))
<BR><BR>[Stack]<UL><LI>Max Depth = 16<LI>Call Chain = EEPROMReadLoRaDefaultConfig &rArr; CrcCcitt
</UL>
<BR>[Calls]<UL><LI><a href="#[fe]">&gt;&gt;</a>&nbsp;&nbsp;&nbsp;CrcCcitt
<LI><a href="#[d9]">&gt;&gt;</a>&nbsp;&nbsp;&nbsp;__aeabi_memcpy4
</UL>
<BR>[Called By]<UL><LI><a href="#[26f]">&gt;&gt;</a>&nbsp;&nbsp;&nbsp;appInit
</UL>

<P><STRONG><a name="[100]"></a>EEPROMWriteAppDefaultConfig</STRONG> (Thumb, 82 bytes, Stack size 16 bytes, eeprom.o(i.EEPROMWriteAppDefaultConfig))
<BR><BR>[Stack]<UL><LI>Max Depth = 72<LI>Call Chain = EEPROMWriteAppDefaultConfig &rArr; HAL_FLASHEx_DATAEEPROM_Program &rArr; FLASH_DATAEEPROM_ProgramWord &rArr; FLASH_WaitForLastOperation
</UL>
<BR>[Calls]<UL><LI><a href="#[102]">&gt;&gt;</a>&nbsp;&nbsp;&nbsp;HAL_FLASHEx_DATAEEPROM_Unlock
<LI><a href="#[103]">&gt;&gt;</a>&nbsp;&nbsp;&nbsp;HAL_FLASHEx_DATAEEPROM_Program
<LI><a href="#[104]">&gt;&gt;</a>&nbsp;&nbsp;&nbsp;HAL_FLASHEx_DATAEEPROM_Lock
<LI><a href="#[101]">&gt;&gt;</a>&nbsp;&nbsp;&nbsp;HAL_FLASHEx_DATAEEPROM_DisableFixedTimeProgram
<LI><a href="#[fe]">&gt;&gt;</a>&nbsp;&nbsp;&nbsp;CrcCcitt
</UL>
<BR>[Called By]<UL><LI><a href="#[1be]">&gt;&gt;</a>&nbsp;&nbsp;&nbsp;appParseRxPayload
<LI><a href="#[26f]">&gt;&gt;</a>&nbsp;&nbsp;&nbsp;appInit
<LI><a href="#[1d9]">&gt;&gt;</a>&nbsp;&nbsp;&nbsp;MX_FATFS_Init
</UL>

<P><STRONG><a name="[105]"></a>EEPROMWriteLoRaDefaultConfig</STRONG> (Thumb, 72 bytes, Stack size 16 bytes, eeprom.o(i.EEPROMWriteLoRaDefaultConfig))
<BR><BR>[Stack]<UL><LI>Max Depth = 72<LI>Call Chain = EEPROMWriteLoRaDefaultConfig &rArr; HAL_FLASHEx_DATAEEPROM_Program &rArr; FLASH_DATAEEPROM_ProgramWord &rArr; FLASH_WaitForLastOperation
</UL>
<BR>[Calls]<UL><LI><a href="#[102]">&gt;&gt;</a>&nbsp;&nbsp;&nbsp;HAL_FLASHEx_DATAEEPROM_Unlock
<LI><a href="#[103]">&gt;&gt;</a>&nbsp;&nbsp;&nbsp;HAL_FLASHEx_DATAEEPROM_Program
<LI><a href="#[104]">&gt;&gt;</a>&nbsp;&nbsp;&nbsp;HAL_FLASHEx_DATAEEPROM_Lock
<LI><a href="#[101]">&gt;&gt;</a>&nbsp;&nbsp;&nbsp;HAL_FLASHEx_DATAEEPROM_DisableFixedTimeProgram
<LI><a href="#[fe]">&gt;&gt;</a>&nbsp;&nbsp;&nbsp;CrcCcitt
</UL>
<BR>[Called By]<UL><LI><a href="#[26f]">&gt;&gt;</a>&nbsp;&nbsp;&nbsp;appInit
<LI><a href="#[1d9]">&gt;&gt;</a>&nbsp;&nbsp;&nbsp;MX_FATFS_Init
</UL>

<P><STRONG><a name="[45]"></a>EXTI0_IRQHandler</STRONG> (Thumb, 10 bytes, Stack size 8 bytes, stm32l1xx_it.o(i.EXTI0_IRQHandler))
<BR><BR>[Stack]<UL><LI>Max Depth = 40<LI>Call Chain = EXTI0_IRQHandler &rArr; HAL_GPIO_EXTI_IRQHandler &rArr; HAL_GPIO_EXTI_Callback &rArr; HW_GPIO_IrqHandler
</UL>
<BR>[Calls]<UL><LI><a href="#[106]">&gt;&gt;</a>&nbsp;&nbsp;&nbsp;HAL_GPIO_EXTI_IRQHandler
</UL>
<BR>[Address Reference Count : 1]<UL><LI> startup_stm32l152xd.o(RESET)
</UL>
<P><STRONG><a name="[67]"></a>EXTI15_10_IRQHandler</STRONG> (Thumb, 52 bytes, Stack size 8 bytes, stm32l1xx_it.o(i.EXTI15_10_IRQHandler))
<BR><BR>[Stack]<UL><LI>Max Depth = 40<LI>Call Chain = EXTI15_10_IRQHandler &rArr; HAL_GPIO_EXTI_IRQHandler &rArr; HAL_GPIO_EXTI_Callback &rArr; HW_GPIO_IrqHandler
</UL>
<BR>[Calls]<UL><LI><a href="#[106]">&gt;&gt;</a>&nbsp;&nbsp;&nbsp;HAL_GPIO_EXTI_IRQHandler
</UL>
<BR>[Address Reference Count : 1]<UL><LI> startup_stm32l152xd.o(RESET)
</UL>
<P><STRONG><a name="[46]"></a>EXTI1_IRQHandler</STRONG> (Thumb, 10 bytes, Stack size 8 bytes, stm32l1xx_it.o(i.EXTI1_IRQHandler))
<BR><BR>[Stack]<UL><LI>Max Depth = 40<LI>Call Chain = EXTI1_IRQHandler &rArr; HAL_GPIO_EXTI_IRQHandler &rArr; HAL_GPIO_EXTI_Callback &rArr; HW_GPIO_IrqHandler
</UL>
<BR>[Calls]<UL><LI><a href="#[106]">&gt;&gt;</a>&nbsp;&nbsp;&nbsp;HAL_GPIO_EXTI_IRQHandler
</UL>
<BR>[Address Reference Count : 1]<UL><LI> startup_stm32l152xd.o(RESET)
</UL>
<P><STRONG><a name="[47]"></a>EXTI2_IRQHandler</STRONG> (Thumb, 10 bytes, Stack size 8 bytes, stm32l1xx_it.o(i.EXTI2_IRQHandler))
<BR><BR>[Stack]<UL><LI>Max Depth = 40<LI>Call Chain = EXTI2_IRQHandler &rArr; HAL_GPIO_EXTI_IRQHandler &rArr; HAL_GPIO_EXTI_Callback &rArr; HW_GPIO_IrqHandler
</UL>
<BR>[Calls]<UL><LI><a href="#[106]">&gt;&gt;</a>&nbsp;&nbsp;&nbsp;HAL_GPIO_EXTI_IRQHandler
</UL>
<BR>[Address Reference Count : 1]<UL><LI> startup_stm32l152xd.o(RESET)
</UL>
<P><STRONG><a name="[48]"></a>EXTI3_IRQHandler</STRONG> (Thumb, 10 bytes, Stack size 8 bytes, stm32l1xx_it.o(i.EXTI3_IRQHandler))
<BR><BR>[Stack]<UL><LI>Max Depth = 40<LI>Call Chain = EXTI3_IRQHandler &rArr; HAL_GPIO_EXTI_IRQHandler &rArr; HAL_GPIO_EXTI_Callback &rArr; HW_GPIO_IrqHandler
</UL>
<BR>[Calls]<UL><LI><a href="#[106]">&gt;&gt;</a>&nbsp;&nbsp;&nbsp;HAL_GPIO_EXTI_IRQHandler
</UL>
<BR>[Address Reference Count : 1]<UL><LI> startup_stm32l152xd.o(RESET)
</UL>
<P><STRONG><a name="[49]"></a>EXTI4_IRQHandler</STRONG> (Thumb, 10 bytes, Stack size 8 bytes, stm32l1xx_it.o(i.EXTI4_IRQHandler))
<BR><BR>[Stack]<UL><LI>Max Depth = 40<LI>Call Chain = EXTI4_IRQHandler &rArr; HAL_GPIO_EXTI_IRQHandler &rArr; HAL_GPIO_EXTI_Callback &rArr; HW_GPIO_IrqHandler
</UL>
<BR>[Calls]<UL><LI><a href="#[106]">&gt;&gt;</a>&nbsp;&nbsp;&nbsp;HAL_GPIO_EXTI_IRQHandler
</UL>
<BR>[Address Reference Count : 1]<UL><LI> startup_stm32l152xd.o(RESET)
</UL>
<P><STRONG><a name="[56]"></a>EXTI9_5_IRQHandler</STRONG> (Thumb, 38 bytes, Stack size 8 bytes, stm32l1xx_it.o(i.EXTI9_5_IRQHandler))
<BR><BR>[Stack]<UL><LI>Max Depth = 40<LI>Call Chain = EXTI9_5_IRQHandler &rArr; HAL_GPIO_EXTI_IRQHandler &rArr; HAL_GPIO_EXTI_Callback &rArr; HW_GPIO_IrqHandler
</UL>
<BR>[Calls]<UL><LI><a href="#[106]">&gt;&gt;</a>&nbsp;&nbsp;&nbsp;HAL_GPIO_EXTI_IRQHandler
</UL>
<BR>[Address Reference Count : 1]<UL><LI> startup_stm32l152xd.o(RESET)
</UL>
<P><STRONG><a name="[171]"></a>Error_Handler</STRONG> (Thumb, 4 bytes, Stack size 0 bytes, debug.o(i.Error_Handler))
<BR><BR>[Called By]<UL><LI><a href="#[226]">&gt;&gt;</a>&nbsp;&nbsp;&nbsp;SystemClock_Config
<LI><a href="#[172]">&gt;&gt;</a>&nbsp;&nbsp;&nbsp;HW_ADC1_Read
<LI><a href="#[18a]">&gt;&gt;</a>&nbsp;&nbsp;&nbsp;HW_UART3_Init
<LI><a href="#[189]">&gt;&gt;</a>&nbsp;&nbsp;&nbsp;HW_UART1_Init
<LI><a href="#[170]">&gt;&gt;</a>&nbsp;&nbsp;&nbsp;HW_ADC1_Init
</UL>

<P><STRONG><a name="[107]"></a>FATFS_LinkDriver</STRONG> (Thumb, 18 bytes, Stack size 12 bytes, ff_gen_drv.o(i.FATFS_LinkDriver))
<BR><BR>[Stack]<UL><LI>Max Depth = 32<LI>Call Chain = FATFS_LinkDriver &rArr; FATFS_LinkDriverEx
</UL>
<BR>[Calls]<UL><LI><a href="#[108]">&gt;&gt;</a>&nbsp;&nbsp;&nbsp;FATFS_LinkDriverEx
</UL>
<BR>[Called By]<UL><LI><a href="#[1d9]">&gt;&gt;</a>&nbsp;&nbsp;&nbsp;MX_FATFS_Init
</UL>

<P><STRONG><a name="[108]"></a>FATFS_LinkDriverEx</STRONG> (Thumb, 78 bytes, Stack size 20 bytes, ff_gen_drv.o(i.FATFS_LinkDriverEx))
<BR><BR>[Stack]<UL><LI>Max Depth = 20<LI>Call Chain = FATFS_LinkDriverEx
</UL>
<BR>[Called By]<UL><LI><a href="#[107]">&gt;&gt;</a>&nbsp;&nbsp;&nbsp;FATFS_LinkDriver
</UL>

<P><STRONG><a name="[10a]"></a>FLASH_WaitForLastOperation</STRONG> (Thumb, 128 bytes, Stack size 16 bytes, stm32l1xx_hal_flash.o(i.FLASH_WaitForLastOperation))
<BR><BR>[Stack]<UL><LI>Max Depth = 16<LI>Call Chain = FLASH_WaitForLastOperation
</UL>
<BR>[Calls]<UL><LI><a href="#[ca]">&gt;&gt;</a>&nbsp;&nbsp;&nbsp;HAL_GetTick
<LI><a href="#[110]">&gt;&gt;</a>&nbsp;&nbsp;&nbsp;FLASH_SetErrorCode
</UL>
<BR>[Called By]<UL><LI><a href="#[103]">&gt;&gt;</a>&nbsp;&nbsp;&nbsp;HAL_FLASHEx_DATAEEPROM_Program
<LI><a href="#[11c]">&gt;&gt;</a>&nbsp;&nbsp;&nbsp;HAL_FLASHEx_DATAEEPROM_Erase
<LI><a href="#[10f]">&gt;&gt;</a>&nbsp;&nbsp;&nbsp;FLASH_DATAEEPROM_ProgramWord
<LI><a href="#[10e]">&gt;&gt;</a>&nbsp;&nbsp;&nbsp;FLASH_DATAEEPROM_ProgramHalfWord
<LI><a href="#[10d]">&gt;&gt;</a>&nbsp;&nbsp;&nbsp;FLASH_DATAEEPROM_ProgramByte
<LI><a href="#[10c]">&gt;&gt;</a>&nbsp;&nbsp;&nbsp;FLASH_DATAEEPROM_FastProgramWord
<LI><a href="#[10b]">&gt;&gt;</a>&nbsp;&nbsp;&nbsp;FLASH_DATAEEPROM_FastProgramHalfWord
<LI><a href="#[109]">&gt;&gt;</a>&nbsp;&nbsp;&nbsp;FLASH_DATAEEPROM_FastProgramByte
</UL>

<P><STRONG><a name="[111]"></a>GetDecValueMinMax</STRONG> (Thumb, 42 bytes, Stack size 24 bytes, fatfs.o(i.GetDecValueMinMax))
<BR><BR>[Stack]<UL><LI>Max Depth = 96<LI>Call Chain = GetDecValueMinMax &rArr; strtol &rArr; _strtoul
</UL>
<BR>[Calls]<UL><LI><a href="#[b5]">&gt;&gt;</a>&nbsp;&nbsp;&nbsp;strtol
</UL>
<BR>[Called By]<UL><LI><a href="#[1df]">&gt;&gt;</a>&nbsp;&nbsp;&nbsp;ReadConfigFileData
</UL>

<P><STRONG><a name="[112]"></a>GetHWRev</STRONG> (Thumb, 230 bytes, Stack size 32 bytes, bsp.o(i.GetHWRev))
<BR><BR>[Stack]<UL><LI>Max Depth = 52<LI>Call Chain = GetHWRev &rArr; HAL_GPIO_Init
</UL>
<BR>[Calls]<UL><LI><a href="#[ec]">&gt;&gt;</a>&nbsp;&nbsp;&nbsp;HAL_GPIO_ReadPin
<LI><a href="#[113]">&gt;&gt;</a>&nbsp;&nbsp;&nbsp;HAL_GPIO_Init
<LI><a href="#[e8]">&gt;&gt;</a>&nbsp;&nbsp;&nbsp;__aeabi_memclr4
</UL>
<BR>[Called By]<UL><LI><a href="#[1c1]">&gt;&gt;</a>&nbsp;&nbsp;&nbsp;appBuildTxPayload
</UL>

<P><STRONG><a name="[1fe]"></a>GetHexValueAry</STRONG> (Thumb, 206 bytes, Stack size 32 bytes, fatfs.o(i.GetHexValueAry))
<BR><BR>[Stack]<UL><LI>Max Depth = 32<LI>Call Chain = GetHexValueAry
</UL>
<BR>[Called By]<UL><LI><a href="#[1df]">&gt;&gt;</a>&nbsp;&nbsp;&nbsp;ReadConfigFileData
</UL>

<P><STRONG><a name="[114]"></a>GetLEDGreen</STRONG> (Thumb, 26 bytes, Stack size 8 bytes, bsp.o(i.GetLEDGreen))
<BR><BR>[Stack]<UL><LI>Max Depth = 8<LI>Call Chain = GetLEDGreen
</UL>
<BR>[Calls]<UL><LI><a href="#[ec]">&gt;&gt;</a>&nbsp;&nbsp;&nbsp;HAL_GPIO_ReadPin
</UL>
<BR>[Called By]<UL><LI><a href="#[196]">&gt;&gt;</a>&nbsp;&nbsp;&nbsp;LEDLoRaCtrlFSM
</UL>

<P><STRONG><a name="[115]"></a>GetLEDRed</STRONG> (Thumb, 26 bytes, Stack size 8 bytes, bsp.o(i.GetLEDRed))
<BR><BR>[Stack]<UL><LI>Max Depth = 8<LI>Call Chain = GetLEDRed
</UL>
<BR>[Calls]<UL><LI><a href="#[ec]">&gt;&gt;</a>&nbsp;&nbsp;&nbsp;HAL_GPIO_ReadPin
</UL>
<BR>[Called By]<UL><LI><a href="#[196]">&gt;&gt;</a>&nbsp;&nbsp;&nbsp;LEDLoRaCtrlFSM
</UL>

<P><STRONG><a name="[116]"></a>GetLoraPower</STRONG> (Thumb, 28 bytes, Stack size 8 bytes, bsp.o(i.GetLoraPower))
<BR><BR>[Stack]<UL><LI>Max Depth = 8<LI>Call Chain = GetLoraPower
</UL>
<BR>[Calls]<UL><LI><a href="#[ec]">&gt;&gt;</a>&nbsp;&nbsp;&nbsp;HAL_GPIO_ReadPin
</UL>
<BR>[Called By]<UL><LI><a href="#[181]">&gt;&gt;</a>&nbsp;&nbsp;&nbsp;HW_Init
<LI><a href="#[175]">&gt;&gt;</a>&nbsp;&nbsp;&nbsp;HW_DeInit
<LI><a href="#[15e]">&gt;&gt;</a>&nbsp;&nbsp;&nbsp;HAL_SPI_MspDeInit
<LI><a href="#[1bd]">&gt;&gt;</a>&nbsp;&nbsp;&nbsp;LoraON
<LI><a href="#[1bb]">&gt;&gt;</a>&nbsp;&nbsp;&nbsp;LoraOFF
<LI><a href="#[26d]">&gt;&gt;</a>&nbsp;&nbsp;&nbsp;appDo
</UL>

<P><STRONG><a name="[197]"></a>GetShowLED</STRONG> (Thumb, 6 bytes, Stack size 0 bytes, bsp.o(i.GetShowLED))
<BR><BR>[Called By]<UL><LI><a href="#[26e]">&gt;&gt;</a>&nbsp;&nbsp;&nbsp;appHasWork
<LI><a href="#[26d]">&gt;&gt;</a>&nbsp;&nbsp;&nbsp;appDo
<LI><a href="#[196]">&gt;&gt;</a>&nbsp;&nbsp;&nbsp;LEDLoRaCtrlFSM
</UL>

<P><STRONG><a name="[1c3]"></a>GetTxType</STRONG> (Thumb, 6 bytes, Stack size 0 bytes, bsp.o(i.GetTxType))
<BR><BR>[Called By]<UL><LI><a href="#[1c5]">&gt;&gt;</a>&nbsp;&nbsp;&nbsp;LoraTxRxStart
<LI><a href="#[1c2]">&gt;&gt;</a>&nbsp;&nbsp;&nbsp;LoraTxMessageSet
<LI><a href="#[26e]">&gt;&gt;</a>&nbsp;&nbsp;&nbsp;appHasWork
<LI><a href="#[26d]">&gt;&gt;</a>&nbsp;&nbsp;&nbsp;appDo
</UL>

<P><STRONG><a name="[173]"></a>HAL_ADC_ConfigChannel</STRONG> (Thumb, 496 bytes, Stack size 16 bytes, stm32l1xx_hal_adc.o(i.HAL_ADC_ConfigChannel))
<BR><BR>[Stack]<UL><LI>Max Depth = 16<LI>Call Chain = HAL_ADC_ConfigChannel
</UL>
<BR>[Called By]<UL><LI><a href="#[172]">&gt;&gt;</a>&nbsp;&nbsp;&nbsp;HW_ADC1_Read
</UL>

<P><STRONG><a name="[174]"></a>HAL_ADC_GetValue</STRONG> (Thumb, 8 bytes, Stack size 0 bytes, stm32l1xx_hal_adc.o(i.HAL_ADC_GetValue))
<BR><BR>[Called By]<UL><LI><a href="#[172]">&gt;&gt;</a>&nbsp;&nbsp;&nbsp;HW_ADC1_Read
</UL>

<P><STRONG><a name="[117]"></a>HAL_ADC_Init</STRONG> (Thumb, 440 bytes, Stack size 24 bytes, stm32l1xx_hal_adc.o(i.HAL_ADC_Init))
<BR><BR>[Stack]<UL><LI>Max Depth = 24<LI>Call Chain = HAL_ADC_Init
</UL>
<BR>[Calls]<UL><LI><a href="#[118]">&gt;&gt;</a>&nbsp;&nbsp;&nbsp;HAL_ADC_MspInit
</UL>
<BR>[Called By]<UL><LI><a href="#[170]">&gt;&gt;</a>&nbsp;&nbsp;&nbsp;HW_ADC1_Init
</UL>

<P><STRONG><a name="[118]"></a>HAL_ADC_MspInit</STRONG> (Thumb, 2 bytes, Stack size 0 bytes, stm32l1xx_hal_adc.o(i.HAL_ADC_MspInit))
<BR><BR>[Called By]<UL><LI><a href="#[117]">&gt;&gt;</a>&nbsp;&nbsp;&nbsp;HAL_ADC_Init
</UL>

<P><STRONG><a name="[119]"></a>HAL_ADC_PollForConversion</STRONG> (Thumb, 190 bytes, Stack size 16 bytes, stm32l1xx_hal_adc.o(i.HAL_ADC_PollForConversion))
<BR><BR>[Stack]<UL><LI>Max Depth = 16<LI>Call Chain = HAL_ADC_PollForConversion
</UL>
<BR>[Calls]<UL><LI><a href="#[ca]">&gt;&gt;</a>&nbsp;&nbsp;&nbsp;HAL_GetTick
</UL>
<BR>[Called By]<UL><LI><a href="#[172]">&gt;&gt;</a>&nbsp;&nbsp;&nbsp;HW_ADC1_Read
</UL>

<P><STRONG><a name="[11a]"></a>HAL_ADC_Start</STRONG> (Thumb, 140 bytes, Stack size 16 bytes, stm32l1xx_hal_adc.o(i.HAL_ADC_Start))
<BR><BR>[Stack]<UL><LI>Max Depth = 32<LI>Call Chain = HAL_ADC_Start &rArr; ADC_Enable
</UL>
<BR>[Calls]<UL><LI><a href="#[c9]">&gt;&gt;</a>&nbsp;&nbsp;&nbsp;ADC_Enable
</UL>
<BR>[Called By]<UL><LI><a href="#[172]">&gt;&gt;</a>&nbsp;&nbsp;&nbsp;HW_ADC1_Read
</UL>

<P><STRONG><a name="[f8]"></a>HAL_DBGMCU_DisableDBGSleepMode</STRONG> (Thumb, 14 bytes, Stack size 0 bytes, stm32l1xx_hal.o(i.HAL_DBGMCU_DisableDBGSleepMode))
<BR><BR>[Called By]<UL><LI><a href="#[f7]">&gt;&gt;</a>&nbsp;&nbsp;&nbsp;DBG_Init
</UL>

<P><STRONG><a name="[fa]"></a>HAL_DBGMCU_DisableDBGStandbyMode</STRONG> (Thumb, 14 bytes, Stack size 0 bytes, stm32l1xx_hal.o(i.HAL_DBGMCU_DisableDBGStandbyMode))
<BR><BR>[Called By]<UL><LI><a href="#[f7]">&gt;&gt;</a>&nbsp;&nbsp;&nbsp;DBG_Init
</UL>

<P><STRONG><a name="[f9]"></a>HAL_DBGMCU_DisableDBGStopMode</STRONG> (Thumb, 14 bytes, Stack size 0 bytes, stm32l1xx_hal.o(i.HAL_DBGMCU_DisableDBGStopMode))
<BR><BR>[Called By]<UL><LI><a href="#[f7]">&gt;&gt;</a>&nbsp;&nbsp;&nbsp;DBG_Init
</UL>

<P><STRONG><a name="[e3]"></a>HAL_Delay</STRONG> (Thumb, 10 bytes, Stack size 8 bytes, stm32l1xx_hal_msp.o(i.HAL_Delay))
<BR><BR>[Stack]<UL><LI>Max Depth = 104<LI>Call Chain = HAL_Delay &rArr; HW_RTC_DelayMs &rArr; HW_RTC_GetTimerValue &rArr; HW_RTC_GetCalendarValue &rArr; HAL_RTC_GetTime
</UL>
<BR>[Calls]<UL><LI><a href="#[11b]">&gt;&gt;</a>&nbsp;&nbsp;&nbsp;HW_RTC_DelayMs
</UL>
<BR>[Called By]<UL><LI><a href="#[215]">&gt;&gt;</a>&nbsp;&nbsp;&nbsp;SX1272SetXO
<LI><a href="#[a1]">&gt;&gt;</a>&nbsp;&nbsp;&nbsp;SX1272Send
<LI><a href="#[216]">&gt;&gt;</a>&nbsp;&nbsp;&nbsp;SX1272Reset
<LI><a href="#[9c]">&gt;&gt;</a>&nbsp;&nbsp;&nbsp;SX1272Random
<LI><a href="#[9b]">&gt;&gt;</a>&nbsp;&nbsp;&nbsp;SX1272IsChannelFree
<LI><a href="#[1b7]">&gt;&gt;</a>&nbsp;&nbsp;&nbsp;LoraInit
<LI><a href="#[26f]">&gt;&gt;</a>&nbsp;&nbsp;&nbsp;appInit
<LI><a href="#[1bc]">&gt;&gt;</a>&nbsp;&nbsp;&nbsp;SetLoraPower
<LI><a href="#[ed]">&gt;&gt;</a>&nbsp;&nbsp;&nbsp;BSP_SystemVcc
<LI><a href="#[e1]">&gt;&gt;</a>&nbsp;&nbsp;&nbsp;BSPSleepDelayMs
</UL>

<P><STRONG><a name="[101]"></a>HAL_FLASHEx_DATAEEPROM_DisableFixedTimeProgram</STRONG> (Thumb, 14 bytes, Stack size 0 bytes, stm32l1xx_hal_flash_ex.o(i.HAL_FLASHEx_DATAEEPROM_DisableFixedTimeProgram))
<BR><BR>[Called By]<UL><LI><a href="#[210]">&gt;&gt;</a>&nbsp;&nbsp;&nbsp;WriteDisk
<LI><a href="#[105]">&gt;&gt;</a>&nbsp;&nbsp;&nbsp;EEPROMWriteLoRaDefaultConfig
<LI><a href="#[100]">&gt;&gt;</a>&nbsp;&nbsp;&nbsp;EEPROMWriteAppDefaultConfig
</UL>

<P><STRONG><a name="[11c]"></a>HAL_FLASHEx_DATAEEPROM_Erase</STRONG> (Thumb, 60 bytes, Stack size 16 bytes, stm32l1xx_hal_flash_ex.o(i.HAL_FLASHEx_DATAEEPROM_Erase))
<BR><BR>[Stack]<UL><LI>Max Depth = 32<LI>Call Chain = HAL_FLASHEx_DATAEEPROM_Erase &rArr; FLASH_WaitForLastOperation
</UL>
<BR>[Calls]<UL><LI><a href="#[10a]">&gt;&gt;</a>&nbsp;&nbsp;&nbsp;FLASH_WaitForLastOperation
</UL>
<BR>[Called By]<UL><LI><a href="#[25f]">&gt;&gt;</a>&nbsp;&nbsp;&nbsp;ZeroDisk
</UL>

<P><STRONG><a name="[104]"></a>HAL_FLASHEx_DATAEEPROM_Lock</STRONG> (Thumb, 16 bytes, Stack size 0 bytes, stm32l1xx_hal_flash_ex.o(i.HAL_FLASHEx_DATAEEPROM_Lock))
<BR><BR>[Called By]<UL><LI><a href="#[210]">&gt;&gt;</a>&nbsp;&nbsp;&nbsp;WriteDisk
<LI><a href="#[25f]">&gt;&gt;</a>&nbsp;&nbsp;&nbsp;ZeroDisk
<LI><a href="#[105]">&gt;&gt;</a>&nbsp;&nbsp;&nbsp;EEPROMWriteLoRaDefaultConfig
<LI><a href="#[100]">&gt;&gt;</a>&nbsp;&nbsp;&nbsp;EEPROMWriteAppDefaultConfig
</UL>

<P><STRONG><a name="[103]"></a>HAL_FLASHEx_DATAEEPROM_Program</STRONG> (Thumb, 164 bytes, Stack size 24 bytes, stm32l1xx_hal_flash_ex.o(i.HAL_FLASHEx_DATAEEPROM_Program))
<BR><BR>[Stack]<UL><LI>Max Depth = 56<LI>Call Chain = HAL_FLASHEx_DATAEEPROM_Program &rArr; FLASH_DATAEEPROM_ProgramWord &rArr; FLASH_WaitForLastOperation
</UL>
<BR>[Calls]<UL><LI><a href="#[10f]">&gt;&gt;</a>&nbsp;&nbsp;&nbsp;FLASH_DATAEEPROM_ProgramWord
<LI><a href="#[10e]">&gt;&gt;</a>&nbsp;&nbsp;&nbsp;FLASH_DATAEEPROM_ProgramHalfWord
<LI><a href="#[10d]">&gt;&gt;</a>&nbsp;&nbsp;&nbsp;FLASH_DATAEEPROM_ProgramByte
<LI><a href="#[10c]">&gt;&gt;</a>&nbsp;&nbsp;&nbsp;FLASH_DATAEEPROM_FastProgramWord
<LI><a href="#[10b]">&gt;&gt;</a>&nbsp;&nbsp;&nbsp;FLASH_DATAEEPROM_FastProgramHalfWord
<LI><a href="#[109]">&gt;&gt;</a>&nbsp;&nbsp;&nbsp;FLASH_DATAEEPROM_FastProgramByte
<LI><a href="#[10a]">&gt;&gt;</a>&nbsp;&nbsp;&nbsp;FLASH_WaitForLastOperation
</UL>
<BR>[Called By]<UL><LI><a href="#[210]">&gt;&gt;</a>&nbsp;&nbsp;&nbsp;WriteDisk
<LI><a href="#[105]">&gt;&gt;</a>&nbsp;&nbsp;&nbsp;EEPROMWriteLoRaDefaultConfig
<LI><a href="#[100]">&gt;&gt;</a>&nbsp;&nbsp;&nbsp;EEPROMWriteAppDefaultConfig
</UL>

<P><STRONG><a name="[102]"></a>HAL_FLASHEx_DATAEEPROM_Unlock</STRONG> (Thumb, 32 bytes, Stack size 0 bytes, stm32l1xx_hal_flash_ex.o(i.HAL_FLASHEx_DATAEEPROM_Unlock))
<BR><BR>[Called By]<UL><LI><a href="#[210]">&gt;&gt;</a>&nbsp;&nbsp;&nbsp;WriteDisk
<LI><a href="#[25f]">&gt;&gt;</a>&nbsp;&nbsp;&nbsp;ZeroDisk
<LI><a href="#[105]">&gt;&gt;</a>&nbsp;&nbsp;&nbsp;EEPROMWriteLoRaDefaultConfig
<LI><a href="#[100]">&gt;&gt;</a>&nbsp;&nbsp;&nbsp;EEPROMWriteAppDefaultConfig
</UL>

<P><STRONG><a name="[11d]"></a>HAL_GPIO_EXTI_Callback</STRONG> (Thumb, 12 bytes, Stack size 8 bytes, stm32l1xx_hal_msp.o(i.HAL_GPIO_EXTI_Callback))
<BR><BR>[Stack]<UL><LI>Max Depth = 24<LI>Call Chain = HAL_GPIO_EXTI_Callback &rArr; HW_GPIO_IrqHandler
</UL>
<BR>[Calls]<UL><LI><a href="#[11e]">&gt;&gt;</a>&nbsp;&nbsp;&nbsp;HW_GPIO_IrqHandler
</UL>
<BR>[Called By]<UL><LI><a href="#[106]">&gt;&gt;</a>&nbsp;&nbsp;&nbsp;HAL_GPIO_EXTI_IRQHandler
</UL>

<P><STRONG><a name="[106]"></a>HAL_GPIO_EXTI_IRQHandler</STRONG> (Thumb, 24 bytes, Stack size 8 bytes, stm32l1xx_hal_gpio.o(i.HAL_GPIO_EXTI_IRQHandler))
<BR><BR>[Stack]<UL><LI>Max Depth = 32<LI>Call Chain = HAL_GPIO_EXTI_IRQHandler &rArr; HAL_GPIO_EXTI_Callback &rArr; HW_GPIO_IrqHandler
</UL>
<BR>[Calls]<UL><LI><a href="#[11d]">&gt;&gt;</a>&nbsp;&nbsp;&nbsp;HAL_GPIO_EXTI_Callback
</UL>
<BR>[Called By]<UL><LI><a href="#[56]">&gt;&gt;</a>&nbsp;&nbsp;&nbsp;EXTI9_5_IRQHandler
<LI><a href="#[49]">&gt;&gt;</a>&nbsp;&nbsp;&nbsp;EXTI4_IRQHandler
<LI><a href="#[48]">&gt;&gt;</a>&nbsp;&nbsp;&nbsp;EXTI3_IRQHandler
<LI><a href="#[47]">&gt;&gt;</a>&nbsp;&nbsp;&nbsp;EXTI2_IRQHandler
<LI><a href="#[46]">&gt;&gt;</a>&nbsp;&nbsp;&nbsp;EXTI1_IRQHandler
<LI><a href="#[67]">&gt;&gt;</a>&nbsp;&nbsp;&nbsp;EXTI15_10_IRQHandler
<LI><a href="#[45]">&gt;&gt;</a>&nbsp;&nbsp;&nbsp;EXTI0_IRQHandler
</UL>

<P><STRONG><a name="[113]"></a>HAL_GPIO_Init</STRONG> (Thumb, 450 bytes, Stack size 20 bytes, stm32l1xx_hal_gpio.o(i.HAL_GPIO_Init))
<BR><BR>[Stack]<UL><LI>Max Depth = 20<LI>Call Chain = HAL_GPIO_Init
</UL>
<BR>[Called By]<UL><LI><a href="#[e9]">&gt;&gt;</a>&nbsp;&nbsp;&nbsp;HW_GPIO_Init
<LI><a href="#[1c8]">&gt;&gt;</a>&nbsp;&nbsp;&nbsp;MEASGetUbat
<LI><a href="#[112]">&gt;&gt;</a>&nbsp;&nbsp;&nbsp;GetHWRev
</UL>

<P><STRONG><a name="[ec]"></a>HAL_GPIO_ReadPin</STRONG> (Thumb, 16 bytes, Stack size 0 bytes, stm32l1xx_hal_gpio.o(i.HAL_GPIO_ReadPin))
<BR><BR>[Called By]<UL><LI><a href="#[116]">&gt;&gt;</a>&nbsp;&nbsp;&nbsp;GetLoraPower
<LI><a href="#[26f]">&gt;&gt;</a>&nbsp;&nbsp;&nbsp;appInit
<LI><a href="#[26d]">&gt;&gt;</a>&nbsp;&nbsp;&nbsp;appDo
<LI><a href="#[115]">&gt;&gt;</a>&nbsp;&nbsp;&nbsp;GetLEDRed
<LI><a href="#[114]">&gt;&gt;</a>&nbsp;&nbsp;&nbsp;GetLEDGreen
<LI><a href="#[112]">&gt;&gt;</a>&nbsp;&nbsp;&nbsp;GetHWRev
<LI><a href="#[eb]">&gt;&gt;</a>&nbsp;&nbsp;&nbsp;BSP_IsSystemVccON
<LI><a href="#[7c]">&gt;&gt;</a>&nbsp;&nbsp;&nbsp;OnSWResetTimerEvent
</UL>

[...]
</UL>
<BR>[Called By]<UL><LI><a href="#[29a]">&gt;&gt;</a>&nbsp;&nbsp;&nbsp;putc_bfd
<LI><a href="#[25c]">&gt;&gt;</a>&nbsp;&nbsp;&nbsp;f_puts
<LI><a href="#[25b]">&gt;&gt;</a>&nbsp;&nbsp;&nbsp;f_printf
</UL>

<P><STRONG><a name="[298]"></a>remove_chain</STRONG> (Thumb, 122 bytes, Stack size 24 bytes, ff.o(i.remove_chain))
<BR><BR>[Stack]<UL><LI>Max Depth = 120<LI>Call Chain = remove_chain &rArr; put_fat &rArr; move_window &rArr; sync_window &rArr; disk_write
</UL>
<BR>[Calls]<UL><LI><a href="#[278]">&gt;&gt;</a>&nbsp;&nbsp;&nbsp;put_fat
<LI><a href="#[277]">&gt;&gt;</a>&nbsp;&nbsp;&nbsp;get_fat
</UL>
<BR>[Called By]<UL><LI><a href="#[1e1]">&gt;&gt;</a>&nbsp;&nbsp;&nbsp;f_unlink
<LI><a href="#[25e]">&gt;&gt;</a>&nbsp;&nbsp;&nbsp;f_truncate
<LI><a href="#[1db]">&gt;&gt;</a>&nbsp;&nbsp;&nbsp;f_open
</UL>

<P><STRONG><a name="[297]"></a>st_clust</STRONG> (Thumb, 16 bytes, Stack size 0 bytes, ff.o(i.st_clust))
<BR><BR>[Called By]<UL><LI><a href="#[287]">&gt;&gt;</a>&nbsp;&nbsp;&nbsp;f_sync
<LI><a href="#[1db]">&gt;&gt;</a>&nbsp;&nbsp;&nbsp;f_open
</UL>

<P><STRONG><a name="[29d]"></a>sync_fs</STRONG> (Thumb, 244 bytes, Stack size 16 bytes, ff.o(i.sync_fs))
<BR><BR>[Stack]<UL><LI>Max Depth = 64<LI>Call Chain = sync_fs &rArr; sync_window &rArr; disk_write
</UL>
<BR>[Calls]<UL><LI><a href="#[281]">&gt;&gt;</a>&nbsp;&nbsp;&nbsp;sync_window
<LI><a href="#[27a]">&gt;&gt;</a>&nbsp;&nbsp;&nbsp;mem_set
<LI><a href="#[28f]">&gt;&gt;</a>&nbsp;&nbsp;&nbsp;disk_write
<LI><a href="#[28e]">&gt;&gt;</a>&nbsp;&nbsp;&nbsp;disk_ioctl
</UL>
<BR>[Called By]<UL><LI><a href="#[1e1]">&gt;&gt;</a>&nbsp;&nbsp;&nbsp;f_unlink
<LI><a href="#[287]">&gt;&gt;</a>&nbsp;&nbsp;&nbsp;f_sync
<LI><a href="#[1dd]">&gt;&gt;</a>&nbsp;&nbsp;&nbsp;f_setlabel
</UL>

<P><STRONG><a name="[281]"></a>sync_window</STRONG> (Thumb, 96 bytes, Stack size 24 bytes, ff.o(i.sync_window))
<BR><BR>[Stack]<UL><LI>Max Depth = 48<LI>Call Chain = sync_window &rArr; disk_write
</UL>
<BR>[Calls]<UL><LI><a href="#[28f]">&gt;&gt;</a>&nbsp;&nbsp;&nbsp;disk_write
</UL>
<BR>[Called By]<UL><LI><a href="#[29d]">&gt;&gt;</a>&nbsp;&nbsp;&nbsp;sync_fs
<LI><a href="#[275]">&gt;&gt;</a>&nbsp;&nbsp;&nbsp;move_window
<LI><a href="#[27e]">&gt;&gt;</a>&nbsp;&nbsp;&nbsp;dir_next
<LI><a href="#[29b]">&gt;&gt;</a>&nbsp;&nbsp;&nbsp;f_write
</UL>

<P><STRONG><a name="[288]"></a>validate</STRONG> (Thumb, 56 bytes, Stack size 16 bytes, ff.o(i.validate))
<BR><BR>[Stack]<UL><LI>Max Depth = 32<LI>Call Chain = validate &rArr; disk_status
</UL>
<BR>[Calls]<UL><LI><a href="#[29e]">&gt;&gt;</a>&nbsp;&nbsp;&nbsp;disk_status
</UL>
<BR>[Called By]<UL><LI><a href="#[29b]">&gt;&gt;</a>&nbsp;&nbsp;&nbsp;f_write
<LI><a href="#[25e]">&gt;&gt;</a>&nbsp;&nbsp;&nbsp;f_truncate
<LI><a href="#[287]">&gt;&gt;</a>&nbsp;&nbsp;&nbsp;f_sync
<LI><a href="#[28a]">&gt;&gt;</a>&nbsp;&nbsp;&nbsp;f_read
<LI><a href="#[1fb]">&gt;&gt;</a>&nbsp;&nbsp;&nbsp;f_lseek
<LI><a href="#[1e0]">&gt;&gt;</a>&nbsp;&nbsp;&nbsp;f_close
</UL>

<P><STRONG><a name="[7a]"></a>OnDelayTimerEvent</STRONG> (Thumb, 16 bytes, Stack size 8 bytes, bsp.o(i.OnDelayTimerEvent))
<BR><BR>[Stack]<UL><LI>Max Depth = 144<LI>Call Chain = OnDelayTimerEvent &rArr; TimerStop &rArr; TimerSetTimeout &rArr; App_RTC_SetAlarm &rArr; App_RTC_StartWakeUpAlarm &rArr; HAL_RTC_SetAlarm_IT
</UL>
<BR>[Calls]<UL><LI><a href="#[1ea]">&gt;&gt;</a>&nbsp;&nbsp;&nbsp;TimerStop
</UL>
<BR>[Address Reference Count : 1]<UL><LI> bsp.o(i.BSPSleepDelayMs)
</UL>
<P><STRONG><a name="[7c]"></a>OnSWResetTimerEvent</STRONG> (Thumb, 80 bytes, Stack size 8 bytes, bsp.o(i.OnSWResetTimerEvent))
<BR><BR>[Stack]<UL><LI>Max Depth = 144<LI>Call Chain = OnSWResetTimerEvent &rArr; TimerStop &rArr; TimerSetTimeout &rArr; App_RTC_SetAlarm &rArr; App_RTC_StartWakeUpAlarm &rArr; HAL_RTC_SetAlarm_IT
</UL>
<BR>[Calls]<UL><LI><a href="#[ec]">&gt;&gt;</a>&nbsp;&nbsp;&nbsp;HAL_GPIO_ReadPin
<LI><a href="#[1ea]">&gt;&gt;</a>&nbsp;&nbsp;&nbsp;TimerStop
</UL>
<BR>[Address Reference Count : 1]<UL><LI> bsp.o(i.BSP_ButtonIrqInit)
</UL>
<P><STRONG><a name="[7b]"></a>irqHandlerButton</STRONG> (Thumb, 34 bytes, Stack size 8 bytes, bsp.o(i.irqHandlerButton))
<BR><BR>[Stack]<UL><LI>Max Depth = 152<LI>Call Chain = irqHandlerButton &rArr; TimerStart &rArr; TimerInsertNewHeadTimer &rArr; TimerSetTimeout &rArr; App_RTC_SetAlarm &rArr; App_RTC_StartWakeUpAlarm &rArr; HAL_RTC_SetAlarm_IT
</UL>
<BR>[Calls]<UL><LI><a href="#[1ea]">&gt;&gt;</a>&nbsp;&nbsp;&nbsp;TimerStop
<LI><a href="#[e5]">&gt;&gt;</a>&nbsp;&nbsp;&nbsp;TimerStart
<LI><a href="#[198]">&gt;&gt;</a>&nbsp;&nbsp;&nbsp;LoraTxRxStatus
<LI><a href="#[1c4]">&gt;&gt;</a>&nbsp;&nbsp;&nbsp;SetTxType
<LI><a href="#[19c]">&gt;&gt;</a>&nbsp;&nbsp;&nbsp;SetShowLED
</UL>
<BR>[Address Reference Count : 1]<UL><LI> bsp.o(i.BSP_ButtonIrqInit)
</UL>
<P><STRONG><a name="[1d]"></a>LoraHasTxEvents</STRONG> (Thumb, 24 bytes, Stack size 0 bytes, loramodem.o(i.LoraHasTxEvents))
<BR>[Address Reference Count : 1]<UL><LI> loramodem.o(.data)
</UL>
<P><STRONG><a name="[1c]"></a>LoraRxData</STRONG> (Thumb, 16 bytes, Stack size 8 bytes, loramodem.o(i.LoraRxData))
<BR><BR>[Stack]<UL><LI>Max Depth = 432<LI>Call Chain = LoraRxData &rArr; appParseRxPayload &rArr; ReWriteConfigFileData &rArr; WriteConfigFileData &rArr; f_printf &rArr; putc_bfd &rArr;  putc_bfd (Cycle)
</UL>
<BR>[Calls]<UL><LI><a href="#[1be]">&gt;&gt;</a>&nbsp;&nbsp;&nbsp;appParseRxPayload
</UL>
<BR>[Address Reference Count : 1]<UL><LI> loramodem.o(.data)
</UL>
<P><STRONG><a name="[1b]"></a>LoraTxData</STRONG> (Thumb, 20 bytes, Stack size 16 bytes, loramodem.o(i.LoraTxData))
<BR><BR>[Stack]<UL><LI>Max Depth = 224<LI>Call Chain = LoraTxData &rArr; appBuildTxPayload &rArr; BSPSleepDelayMs &rArr; TimerSetValue &rArr; TimerStop &rArr; TimerSetTimeout &rArr; App_RTC_SetAlarm &rArr; App_RTC_StartWakeUpAlarm &rArr; HAL_RTC_SetAlarm_IT
</UL>
<BR>[Calls]<UL><LI><a href="#[1c1]">&gt;&gt;</a>&nbsp;&nbsp;&nbsp;appBuildTxPayload
</UL>
<BR>[Address Reference Count : 1]<UL><LI> loramodem.o(.data)
</UL>
<P><STRONG><a name="[87]"></a>OnTxRxDoneTimerEvent</STRONG> (Thumb, 102 bytes, Stack size 8 bytes, loramodem.o(i.OnTxRxDoneTimerEvent))
<BR><BR>[Stack]<UL><LI>Max Depth = 168<LI>Call Chain = OnTxRxDoneTimerEvent &rArr; TimerSetValue &rArr; TimerStop &rArr; TimerSetTimeout &rArr; App_RTC_SetAlarm &rArr; App_RTC_StartWakeUpAlarm &rArr; HAL_RTC_SetAlarm_IT
</UL>
<BR>[Calls]<UL><LI><a href="#[1b8]">&gt;&gt;</a>&nbsp;&nbsp;&nbsp;vcom_UART_Send
<LI><a href="#[1ea]">&gt;&gt;</a>&nbsp;&nbsp;&nbsp;TimerStop
<LI><a href="#[e5]">&gt;&gt;</a>&nbsp;&nbsp;&nbsp;TimerStart
<LI><a href="#[e4]">&gt;&gt;</a>&nbsp;&nbsp;&nbsp;TimerSetValue
<LI><a href="#[199]">&gt;&gt;</a>&nbsp;&nbsp;&nbsp;lora_getModemFlags
<LI><a href="#[1bb]">&gt;&gt;</a>&nbsp;&nbsp;&nbsp;LoraOFF
<LI><a href="#[1f4]">&gt;&gt;</a>&nbsp;&nbsp;&nbsp;IsDeviceClassC
<LI><a href="#[19c]">&gt;&gt;</a>&nbsp;&nbsp;&nbsp;SetShowLED
</UL>
<BR>[Address Reference Count : 1]<UL><LI> loramodem.o(i.LoraInit)
</UL>
<P><STRONG><a name="[d8]"></a>App_RTC_StartWakeUpAlarm</STRONG> (Thumb, 364 bytes, Stack size 56 bytes, rtcapp.o(i.App_RTC_StartWakeUpAlarm))
<BR><BR>[Stack]<UL><LI>Max Depth = 88<LI>Call Chain = App_RTC_StartWakeUpAlarm &rArr; HAL_RTC_SetAlarm_IT
</UL>
<BR>[Calls]<UL><LI><a href="#[db]">&gt;&gt;</a>&nbsp;&nbsp;&nbsp;HAL_RTC_SetAlarm_IT
<LI><a href="#[da]">&gt;&gt;</a>&nbsp;&nbsp;&nbsp;App_RTC_StopAlarm
<LI><a href="#[d9]">&gt;&gt;</a>&nbsp;&nbsp;&nbsp;__aeabi_memcpy4
</UL>
<BR>[Called By]<UL><LI><a href="#[d3]">&gt;&gt;</a>&nbsp;&nbsp;&nbsp;App_RTC_SetAlarm
</UL>

<P><STRONG><a name="[22c]"></a>TimerExists</STRONG> (Thumb, 26 bytes, Stack size 0 bytes, timeserver.o(i.TimerExists))
<BR><BR>[Called By]<UL><LI><a href="#[e5]">&gt;&gt;</a>&nbsp;&nbsp;&nbsp;TimerStart
</UL>

<P><STRONG><a name="[228]"></a>TimerInsertNewHeadTimer</STRONG> (Thumb, 28 bytes, Stack size 16 bytes, timeserver.o(i.TimerInsertNewHeadTimer))
<BR><BR>[Stack]<UL><LI>Max Depth = 128<LI>Call Chain = TimerInsertNewHeadTimer &rArr; TimerSetTimeout &rArr; App_RTC_SetAlarm &rArr; App_RTC_StartWakeUpAlarm &rArr; HAL_RTC_SetAlarm_IT
</UL>
<BR>[Calls]<UL><LI><a href="#[229]">&gt;&gt;</a>&nbsp;&nbsp;&nbsp;TimerSetTimeout
</UL>
<BR>[Called By]<UL><LI><a href="#[e5]">&gt;&gt;</a>&nbsp;&nbsp;&nbsp;TimerStart
</UL>

<P><STRONG><a name="[22e]"></a>TimerInsertTimer</STRONG> (Thumb, 46 bytes, Stack size 8 bytes, timeserver.o(i.TimerInsertTimer))
<BR><BR>[Stack]<UL><LI>Max Depth = 8<LI>Call Chain = TimerInsertTimer
</UL>
<BR>[Called By]<UL><LI><a href="#[e5]">&gt;&gt;</a>&nbsp;&nbsp;&nbsp;TimerStart
</UL>

<P><STRONG><a name="[229]"></a>TimerSetTimeout</STRONG> (Thumb, 42 bytes, Stack size 16 bytes, timeserver.o(i.TimerSetTimeout))
<BR><BR>[Stack]<UL><LI>Max Depth = 112<LI>Call Chain = TimerSetTimeout &rArr; App_RTC_SetAlarm &rArr; App_RTC_StartWakeUpAlarm &rArr; HAL_RTC_SetAlarm_IT
</UL>
<BR>[Calls]<UL><LI><a href="#[d4]">&gt;&gt;</a>&nbsp;&nbsp;&nbsp;HW_RTC_GetTimerElapsedTime
<LI><a href="#[d3]">&gt;&gt;</a>&nbsp;&nbsp;&nbsp;App_RTC_SetAlarm
<LI><a href="#[22b]">&gt;&gt;</a>&nbsp;&nbsp;&nbsp;App_RTC_GetMinimumTimeout
</UL>
<BR>[Called By]<UL><LI><a href="#[1ea]">&gt;&gt;</a>&nbsp;&nbsp;&nbsp;TimerStop
<LI><a href="#[150]">&gt;&gt;</a>&nbsp;&nbsp;&nbsp;TimerIrqHandler
<LI><a href="#[228]">&gt;&gt;</a>&nbsp;&nbsp;&nbsp;TimerInsertNewHeadTimer
</UL>

<P><STRONG><a name="[22d]"></a>__set_PRIMASK</STRONG> (Thumb, 6 bytes, Stack size 0 bytes, timeserver.o(i.__set_PRIMASK))
<BR><BR>[Called By]<UL><LI><a href="#[1ea]">&gt;&gt;</a>&nbsp;&nbsp;&nbsp;TimerStop
<LI><a href="#[e5]">&gt;&gt;</a>&nbsp;&nbsp;&nbsp;TimerStart
</UL>

<P><STRONG><a name="[f6]"></a>CalculateTxInterval</STRONG> (Thumb, 54 bytes, Stack size 8 bytes, app.o(i.CalculateTxInterval))
<BR><BR>[Stack]<UL><LI>Max Depth = 16<LI>Call Chain = CalculateTxInterval &rArr; randr
</UL>
<BR>[Calls]<UL><LI><a href="#[f5]">&gt;&gt;</a>&nbsp;&nbsp;&nbsp;randr
</UL>
<BR>[Called By]<UL><LI><a href="#[26f]">&gt;&gt;</a>&nbsp;&nbsp;&nbsp;appInit
<LI><a href="#[26d]">&gt;&gt;</a>&nbsp;&nbsp;&nbsp;appDo
</UL>

<P><STRONG><a name="[fb]"></a>DeinitUSB</STRONG> (Thumb, 66 bytes, Stack size 24 bytes, app.o(i.DeinitUSB))
<BR><BR>[Stack]<UL><LI>Max Depth = 68<LI>Call Chain = DeinitUSB &rArr; HW_GPIO_Init &rArr; HAL_GPIO_Init
</UL>
<BR>[Calls]<UL><LI><a href="#[e9]">&gt;&gt;</a>&nbsp;&nbsp;&nbsp;HW_GPIO_Init
<LI><a href="#[d5]">&gt;&gt;</a>&nbsp;&nbsp;&nbsp;LowPower_Enable
<LI><a href="#[fc]">&gt;&gt;</a>&nbsp;&nbsp;&nbsp;USBD_DeInit
<LI><a href="#[e8]">&gt;&gt;</a>&nbsp;&nbsp;&nbsp;__aeabi_memclr4
</UL>
<BR>[Called By]<UL><LI><a href="#[26d]">&gt;&gt;</a>&nbsp;&nbsp;&nbsp;appDo
</UL>

<P><STRONG><a name="[194]"></a>InitUSB</STRONG> (Thumb, 76 bytes, Stack size 8 bytes, app.o(i.InitUSB))
<BR><BR>[Stack]<UL><LI>Max Depth = 120<LI>Call Chain = InitUSB &rArr; MX_USB_DEVICE_Init &rArr; USBD_Init &rArr; USBD_LL_Init &rArr; HAL_PCD_Init &rArr; HAL_PCD_MspInit &rArr; HAL_NVIC_SetPriority &rArr; NVIC_SetPriority
</UL>
<BR>[Calls]<UL><LI><a href="#[d6]">&gt;&gt;</a>&nbsp;&nbsp;&nbsp;LowPower_Disable
<LI><a href="#[195]">&gt;&gt;</a>&nbsp;&nbsp;&nbsp;MX_USB_DEVICE_Init
</UL>
<BR>[Called By]<UL><LI><a href="#[26d]">&gt;&gt;</a>&nbsp;&nbsp;&nbsp;appDo
</UL>

<P><STRONG><a name="[196]"></a>LEDLoRaCtrlFSM</STRONG> (Thumb, 528 bytes, Stack size 8 bytes, app.o(i.LEDLoRaCtrlFSM))
<BR><BR>[Stack]<UL><LI>Max Depth = 168<LI>Call Chain = LEDLoRaCtrlFSM &rArr; TimerSetValue &rArr; TimerStop &rArr; TimerSetTimeout &rArr; App_RTC_SetAlarm &rArr; App_RTC_StartWakeUpAlarm &rArr; HAL_RTC_SetAlarm_IT
</UL>
<BR>[Calls]<UL><LI><a href="#[e5]">&gt;&gt;</a>&nbsp;&nbsp;&nbsp;TimerStart
<LI><a href="#[e4]">&gt;&gt;</a>&nbsp;&nbsp;&nbsp;TimerSetValue
<LI><a href="#[199]">&gt;&gt;</a>&nbsp;&nbsp;&nbsp;lora_getModemFlags
<LI><a href="#[198]">&gt;&gt;</a>&nbsp;&nbsp;&nbsp;LoraTxRxStatus
<LI><a href="#[19c]">&gt;&gt;</a>&nbsp;&nbsp;&nbsp;SetShowLED
<LI><a href="#[19b]">&gt;&gt;</a>&nbsp;&nbsp;&nbsp;SetLEDRed
<LI><a href="#[19a]">&gt;&gt;</a>&nbsp;&nbsp;&nbsp;SetLEDGreen
<LI><a href="#[197]">&gt;&gt;</a>&nbsp;&nbsp;&nbsp;GetShowLED
<LI><a href="#[115]">&gt;&gt;</a>&nbsp;&nbsp;&nbsp;GetLEDRed
<LI><a href="#[114]">&gt;&gt;</a>&nbsp;&nbsp;&nbsp;GetLEDGreen
</UL>
<BR>[Called By]<UL><LI><a href="#[26d]">&gt;&gt;</a>&nbsp;&nbsp;&nbsp;appDo
</UL>

<P><STRONG><a name="[8c]"></a>OnLEDLoRaDisplayTimerEvent</STRONG> (Thumb, 16 bytes, Stack size 8 bytes, app.o(i.OnLEDLoRaDisplayTimerEvent))
<BR><BR>[Stack]<UL><LI>Max Depth = 144<LI>Call Chain = OnLEDLoRaDisplayTimerEvent &rArr; TimerStop &rArr; TimerSetTimeout &rArr; App_RTC_SetAlarm &rArr; App_RTC_StartWakeUpAlarm &rArr; HAL_RTC_SetAlarm_IT
</UL>
<BR>[Calls]<UL><LI><a href="#[1ea]">&gt;&gt;</a>&nbsp;&nbsp;&nbsp;TimerStop
</UL>
<BR>[Address Reference Count : 1]<UL><LI> app.o(i.appInit)
</UL>
<P><STRONG><a name="[8d]"></a>OnRefreshIWDGTimerEvent</STRONG> (Thumb, 32 bytes, Stack size 8 bytes, app.o(i.OnRefreshIWDGTimerEvent))
<BR><BR>[Stack]<UL><LI>Max Depth = 168<LI>Call Chain = OnRefreshIWDGTimerEvent &rArr; TimerSetValue &rArr; TimerStop &rArr; TimerSetTimeout &rArr; App_RTC_SetAlarm &rArr; App_RTC_StartWakeUpAlarm &rArr; HAL_RTC_SetAlarm_IT
</UL>
<BR>[Calls]<UL><LI><a href="#[1ef]">&gt;&gt;</a>&nbsp;&nbsp;&nbsp;HAL_IWDG_Refresh
<LI><a href="#[1ea]">&gt;&gt;</a>&nbsp;&nbsp;&nbsp;TimerStop
<LI><a href="#[e5]">&gt;&gt;</a>&nbsp;&nbsp;&nbsp;TimerStart
<LI><a href="#[e4]">&gt;&gt;</a>&nbsp;&nbsp;&nbsp;TimerSetValue
</UL>
<BR>[Address Reference Count : 1]<UL><LI> app.o(i.appInit)
</UL>
<P><STRONG><a name="[8a]"></a>OnTxIntervalTimerEvent</STRONG> (Thumb, 28 bytes, Stack size 8 bytes, app.o(i.OnTxIntervalTimerEvent))
<BR><BR>[Stack]<UL><LI>Max Depth = 144<LI>Call Chain = OnTxIntervalTimerEvent &rArr; TimerStop &rArr; TimerSetTimeout &rArr; App_RTC_SetAlarm &rArr; App_RTC_StartWakeUpAlarm &rArr; HAL_RTC_SetAlarm_IT
</UL>
<BR>[Calls]<UL><LI><a href="#[1ea]">&gt;&gt;</a>&nbsp;&nbsp;&nbsp;TimerStop
<LI><a href="#[198]">&gt;&gt;</a>&nbsp;&nbsp;&nbsp;LoraTxRxStatus
<LI><a href="#[1c4]">&gt;&gt;</a>&nbsp;&nbsp;&nbsp;SetTxType
<LI><a href="#[19c]">&gt;&gt;</a>&nbsp;&nbsp;&nbsp;SetShowLED
</UL>
<BR>[Address Reference Count : 1]<UL><LI> app.o(i.appInit)
</UL>
<P><STRONG><a name="[8b]"></a>OnUSBTimerEvent</STRONG> (Thumb, 16 bytes, Stack size 8 bytes, app.o(i.OnUSBTimerEvent))
<BR><BR>[Stack]<UL><LI>Max Depth = 144<LI>Call Chain = OnUSBTimerEvent &rArr; TimerStop &rArr; TimerSetTimeout &rArr; App_RTC_SetAlarm &rArr; App_RTC_StartWakeUpAlarm &rArr; HAL_RTC_SetAlarm_IT
</UL>
<BR>[Calls]<UL><LI><a href="#[1ea]">&gt;&gt;</a>&nbsp;&nbsp;&nbsp;TimerStop
</UL>
<BR>[Address Reference Count : 1]<UL><LI> app.o(i.appInit)
</UL>
<P><STRONG><a name="[1e2]"></a>NVIC_SystemReset</STRONG> (Thumb, 56 bytes, Stack size 0 bytes, fatfs.o(i.NVIC_SystemReset))
<BR><BR>[Called By]<UL><LI><a href="#[1d9]">&gt;&gt;</a>&nbsp;&nbsp;&nbsp;MX_FATFS_Init
</UL>

<P><STRONG><a name="[26]"></a>STORAGE_GetCapacity_FS</STRONG> (Thumb, 14 bytes, Stack size 0 bytes, usbd_storage_if.o(i.STORAGE_GetCapacity_FS))
<BR>[Address Reference Count : 1]<UL><LI> usbd_storage_if.o(.data)
</UL>
<P><STRONG><a name="[2b]"></a>STORAGE_GetMaxLun_FS</STRONG> (Thumb, 4 bytes, Stack size 0 bytes, usbd_storage_if.o(i.STORAGE_GetMaxLun_FS))
<BR>[Address Reference Count : 1]<UL><LI> usbd_storage_if.o(.data)
</UL>
<P><STRONG><a name="[25]"></a>STORAGE_Init_FS</STRONG> (Thumb, 6 bytes, Stack size 0 bytes, usbd_storage_if.o(i.STORAGE_Init_FS))
<BR>[Address Reference Count : 1]<UL><LI> usbd_storage_if.o(.data)
</UL>
<P><STRONG><a name="[27]"></a>STORAGE_IsReady_FS</STRONG> (Thumb, 6 bytes, Stack size 0 bytes, usbd_storage_if.o(i.STORAGE_IsReady_FS))
<BR>[Address Reference Count : 1]<UL><LI> usbd_storage_if.o(.data)
</UL>
<P><STRONG><a name="[28]"></a>STORAGE_IsWriteProtected_FS</STRONG> (Thumb, 6 bytes, Stack size 0 bytes, usbd_storage_if.o(i.STORAGE_IsWriteProtected_FS))
<BR>[Address Reference Count : 1]<UL><LI> usbd_storage_if.o(.data)
</UL>
<P><STRONG><a name="[29]"></a>STORAGE_Read_FS</STRONG> (Thumb, 28 bytes, Stack size 24 bytes, usbd_storage_if.o(i.STORAGE_Read_FS))
<BR><BR>[Stack]<UL><LI>Max Depth = 48<LI>Call Chain = STORAGE_Read_FS &rArr; ReadDisk
</UL>
<BR>[Calls]<UL><LI><a href="#[200]">&gt;&gt;</a>&nbsp;&nbsp;&nbsp;ReadDisk
</UL>
<BR>[Address Reference Count : 1]<UL><LI> usbd_storage_if.o(.data)
</UL>
<P><STRONG><a name="[2a]"></a>STORAGE_Write_FS</STRONG> (Thumb, 28 bytes, Stack size 24 bytes, usbd_storage_if.o(i.STORAGE_Write_FS))
<BR><BR>[Stack]<UL><LI>Max Depth = 112<LI>Call Chain = STORAGE_Write_FS &rArr; WriteDisk &rArr; HAL_FLASHEx_DATAEEPROM_Program &rArr; FLASH_DATAEEPROM_ProgramWord &rArr; FLASH_WaitForLastOperation
</UL>
<BR>[Calls]<UL><LI><a href="#[210]">&gt;&gt;</a>&nbsp;&nbsp;&nbsp;WriteDisk
</UL>
<BR>[Address Reference Count : 1]<UL><LI> usbd_storage_if.o(.data)
</UL>
<P><STRONG><a name="[33]"></a>CDC_Control_FS</STRONG> (Thumb, 68 bytes, Stack size 0 bytes, usbd_cdc_if.o(i.CDC_Control_FS))
<BR>[Address Reference Count : 1]<UL><LI> usbd_cdc_if.o(.data)
</UL>
<P><STRONG><a name="[32]"></a>CDC_DeInit_FS</STRONG> (Thumb, 4 bytes, Stack size 0 bytes, usbd_cdc_if.o(i.CDC_DeInit_FS))
<BR>[Address Reference Count : 1]<UL><LI> usbd_cdc_if.o(.data)
</UL>
<P><STRONG><a name="[31]"></a>CDC_Init_FS</STRONG> (Thumb, 24 bytes, Stack size 8 bytes, usbd_cdc_if.o(i.CDC_Init_FS))
<BR><BR>[Stack]<UL><LI>Max Depth = 16<LI>Call Chain = CDC_Init_FS &rArr; USBD_CDC_SetTxBuffer
</UL>
<BR>[Calls]<UL><LI><a href="#[ef]">&gt;&gt;</a>&nbsp;&nbsp;&nbsp;USBD_CDC_SetTxBuffer
<LI><a href="#[f0]">&gt;&gt;</a>&nbsp;&nbsp;&nbsp;USBD_CDC_SetRxBuffer
</UL>
<BR>[Address Reference Count : 1]<UL><LI> usbd_cdc_if.o(.data)
</UL>
<P><STRONG><a name="[34]"></a>CDC_Receive_FS</STRONG> (Thumb, 80 bytes, Stack size 16 bytes, usbd_cdc_if.o(i.CDC_Receive_FS))
<BR><BR>[Stack]<UL><LI>Max Depth = 76<LI>Call Chain = CDC_Receive_FS &rArr; USBD_CDC_ReceivePacket &rArr; USBD_LL_PrepareReceive &rArr; HAL_PCD_EP_Receive
</UL>
<BR>[Calls]<UL><LI><a href="#[f2]">&gt;&gt;</a>&nbsp;&nbsp;&nbsp;USBD_CDC_ReceivePacket
<LI><a href="#[f1]">&gt;&gt;</a>&nbsp;&nbsp;&nbsp;__aeabi_memcpy
</UL>
<BR>[Address Reference Count : 1]<UL><LI> usbd_cdc_if.o(.data)
</UL>
<P><STRONG><a name="[262]"></a>_fp_digits</STRONG> (Thumb, 334 bytes, Stack size 56 bytes, printfa.o(i._fp_digits), UNUSED)
<BR><BR>[Calls]<UL><LI><a href="#[c0]">&gt;&gt;</a>&nbsp;&nbsp;&nbsp;__aeabi_dmul
<LI><a href="#[c1]">&gt;&gt;</a>&nbsp;&nbsp;&nbsp;__aeabi_ddiv
<LI><a href="#[ba]">&gt;&gt;</a>&nbsp;&nbsp;&nbsp;__aeabi_dadd
<LI><a href="#[213]">&gt;&gt;</a>&nbsp;&nbsp;&nbsp;__aeabi_cdrcmple
<LI><a href="#[c7]">&gt;&gt;</a>&nbsp;&nbsp;&nbsp;__aeabi_d2ulz
<LI><a href="#[af]">&gt;&gt;</a>&nbsp;&nbsp;&nbsp;__aeabi_uldivmod
</UL>
<BR>[Called By]<UL><LI><a href="#[261]">&gt;&gt;</a>&nbsp;&nbsp;&nbsp;_printf_core
</UL>

<P><STRONG><a name="[261]"></a>_printf_core</STRONG> (Thumb, 1744 bytes, Stack size 136 bytes, printfa.o(i._printf_core), UNUSED)
<BR><BR>[Calls]<UL><LI><a href="#[265]">&gt;&gt;</a>&nbsp;&nbsp;&nbsp;__aeabi_uidivmod
<LI><a href="#[263]">&gt;&gt;</a>&nbsp;&nbsp;&nbsp;_printf_pre_padding
<LI><a href="#[264]">&gt;&gt;</a>&nbsp;&nbsp;&nbsp;_printf_post_padding
<LI><a href="#[262]">&gt;&gt;</a>&nbsp;&nbsp;&nbsp;_fp_digits
<LI><a href="#[af]">&gt;&gt;</a>&nbsp;&nbsp;&nbsp;__aeabi_uldivmod
</UL>
<BR>[Called By]<UL><LI><a href="#[260]">&gt;&gt;</a>&nbsp;&nbsp;&nbsp;__0vsnprintf
</UL>

<P><STRONG><a name="[264]"></a>_printf_post_padding</STRONG> (Thumb, 36 bytes, Stack size 24 bytes, printfa.o(i._printf_post_padding), UNUSED)
<BR><BR>[Called By]<UL><LI><a href="#[261]">&gt;&gt;</a>&nbsp;&nbsp;&nbsp;_printf_core
</UL>

<P><STRONG><a name="[263]"></a>_printf_pre_padding</STRONG> (Thumb, 46 bytes, Stack size 24 bytes, printfa.o(i._printf_pre_padding), UNUSED)
<BR><BR>[Called By]<UL><LI><a href="#[261]">&gt;&gt;</a>&nbsp;&nbsp;&nbsp;_printf_core
</UL>

<P><STRONG><a name="[89]"></a>_snputc</STRONG> (Thumb, 22 bytes, Stack size 0 bytes, printfa.o(i._snputc))
<BR>[Address Reference Count : 1]<UL><LI> printfa.o(i.__0vsnprintf)
</UL><P>
<H3>
Undefined Global Symbols
</H3><HR></body></html>
