<html>
<body>
<pre>
<h1>µVision Build Log</h1>
<h2>Tool Versions:</h2>
IDE-Version: µVision V5.35.0.0
Copyright (C) 2021 ARM Ltd and ARM Germany GmbH. All rights reserved.
License Information: Daniel Koller BEEL Flex license: MDK Essential 5.35 (Flex): 2 user(s) (mdk_essential) Support: Sep 2022
 
Tool Versions:
Toolchain:       MDK Essential 5.35 (Flex): 2 user(s)  Version: 5.35.0.2
Toolchain Path:  e:\Keil_v5\ARM\ARMCC\Bin
C Compiler:      Armcc.exe V5.06 update 7 (build 960)
Assembler:       Armasm.exe V5.06 update 7 (build 960)
Linker/Locator:  ArmLink.exe V5.06 update 7 (build 960)
Library Manager: ArmAr.exe V5.06 update 7 (build 960)
Hex Converter:   FromElf.exe V5.06 update 7 (build 960)
CPU DLL:         SARMCM3.DLL V5.35.0.2
Dialog DLL:      DCM.DLL V1.17.3.0
Target DLL:      STLink\ST-LINKIII-KEIL_SWO.dll V3.0.9.0
Dialog DLL:      TCM.DLL V1.53.0.0
 
<h2>Project:</h2>
E:\Users\danie_000\Documents\STM32Cube\Projects\LoRa_ST_lrwan\E1361_TFB\TFB_LRWAN_V1.0.3_V1.12_RevXX\Projects\STM32L151VD_classA_C\MDK-ARM\Lora.uvprojx
Project File Date:  03/18/2024

<h2>Output:</h2>
*** Using Compiler 'V5.06 update 7 (build 960)', folder: 'e:\Keil_v5\ARM\ARMCC\Bin'
Build target 'TFB_App'
compiling log.c...
compiling app.c...
linking...
Program Size: Code=122806 RO-data=6350 RW-data=1244 ZI-data=21432  
FromELF: creating hex file...
After Build - User command #1: hexmate TFB_Boot.hex .\Build\TFB_App.hex -OTFB_BL_App_V1.10.hex
(960) An error, warning or message was generated, but no description is available
(636) An error, warning or message was generated, but no description is available
(960) An error, warning or message was generated, but no description is available
(636) An error, warning or message was generated, but no description is available
".\Build\TFB_App.axf" - 0 Error(s), 0 Warning(s).

<h2>Software Packages used:</h2>

Package Vendor: Keil
                http://www.keil.com/pack/Keil.STM32L1xx_DFP.1.0.2.pack
                Keil.STM32L1xx_DFP.1.0.2
                STMicroelectronics STM32L1 Series Device Support and Examples

<h2>Collection of Component include folders:</h2>
  e:\Keil_v5\ARM\PACK\Keil\STM32L1xx_DFP\1.0.2\Device\Include

<h2>Collection of Component Files used:</h2>
Build Time Elapsed:  00:00:13
</pre>
</body>
</html>
