<!doctype html public "-//w3c//dtd html 4.0 transitional//en">
<html><head>
<title>Static Call Graph - [.\Build_DB\TFB_App_DB.axf]</title></head>
<body><HR>
<H1>Static Call Graph for image .\Build_DB\TFB_App_DB.axf</H1><HR>
<BR><P>#&#060CALLGRAPH&#062# ARM Linker, 5060960: Last Updated: Thu Mar 28 16:34:15 2024
<BR><P>
<H3>Maximum Stack Usage =        804 bytes + Unknown(Cycles, Untraceable Function Pointers)</H3><H3>
Call chain for Maximum Stack Depth:</H3>
main &rArr; appDo &rArr; App_Measure &rArr; MEASGetExtADCSensors &rArr; ADS1248_Measure &rArr; ADS1248_Board_Scale &rArr; Thermocouple_GetTemperature &rArr; Thermocouple_MultShift24
<P>
<H3>
Mutually Recursive functions
</H3> <LI><a href="#[37]">HardFault_Handler</a>&nbsp;&nbsp;&nbsp;&rArr;&nbsp;&nbsp;&nbsp;<a href="#[37]">HardFault_Handler</a><BR>
 <LI><a href="#[51]">ADC1_IRQHandler</a>&nbsp;&nbsp;&nbsp;&rArr;&nbsp;&nbsp;&nbsp;<a href="#[51]">ADC1_IRQHandler</a><BR>
 <LI><a href="#[3b5]">putc_bfd</a>&nbsp;&nbsp;&nbsp;&rArr;&nbsp;&nbsp;&nbsp;<a href="#[3b5]">putc_bfd</a><BR>
</UL>
<P>
<H3>
Function Pointers
</H3><UL>
 <LI><a href="#[51]">ADC1_IRQHandler</a> from startup_stm32l152xd.o(.text) referenced from startup_stm32l152xd.o(RESET)
 <LI><a href="#[84]">ADC_DMAConvCplt</a> from stm32l1xx_hal_adc.o(i.ADC_DMAConvCplt) referenced from stm32l1xx_hal_adc.o(i.HAL_ADC_Start_DMA)
 <LI><a href="#[86]">ADC_DMAError</a> from stm32l1xx_hal_adc.o(i.ADC_DMAError) referenced from stm32l1xx_hal_adc.o(i.HAL_ADC_Start_DMA)
 <LI><a href="#[85]">ADC_DMAHalfConvCplt</a> from stm32l1xx_hal_adc.o(i.ADC_DMAHalfConvCplt) referenced from stm32l1xx_hal_adc.o(i.HAL_ADC_Start_DMA)
 <LI><a href="#[82]">BT_irqHandler_Rx</a> from bt.o(i.BT_irqHandler_Rx) referenced from bt.o(i.BT_Rx_IrqInit)
 <LI><a href="#[82]">BT_irqHandler_Rx</a> from bt.o(i.BT_irqHandler_Rx) referenced from bt.o(i.OnBTcomTimerEvent)
 <LI><a href="#[39]">BusFault_Handler</a> from stm32l1xx_it.o(i.BusFault_Handler) referenced from startup_stm32l152xd.o(RESET)
 <LI><a href="#[33]">CDC_Control_FS</a> from usbd_cdc_if.o(i.CDC_Control_FS) referenced 2 times from usbd_cdc_if.o(.data)
 <LI><a href="#[32]">CDC_DeInit_FS</a> from usbd_cdc_if.o(i.CDC_DeInit_FS) referenced 2 times from usbd_cdc_if.o(.data)
 <LI><a href="#[31]">CDC_Init_FS</a> from usbd_cdc_if.o(i.CDC_Init_FS) referenced 2 times from usbd_cdc_if.o(.data)
 <LI><a href="#[34]">CDC_Receive_FS</a> from usbd_cdc_if.o(i.CDC_Receive_FS) referenced 2 times from usbd_cdc_if.o(.data)
 <LI><a href="#[76]">COMP_ACQ_IRQHandler</a> from startup_stm32l152xd.o(.text) referenced from startup_stm32l152xd.o(RESET)
 <LI><a href="#[55]">COMP_IRQHandler</a> from startup_stm32l152xd.o(.text) referenced from startup_stm32l152xd.o(RESET)
 <LI><a href="#[87]">DAC_DMAConvCpltCh1</a> from stm32l1xx_hal_dac.o(i.DAC_DMAConvCpltCh1) referenced from stm32l1xx_hal_dac.o(i.HAL_DAC_Start_DMA)
 <LI><a href="#[8a]">DAC_DMAConvCpltCh2</a> from stm32l1xx_hal_dac_ex.o(i.DAC_DMAConvCpltCh2) referenced from stm32l1xx_hal_dac.o(i.HAL_DAC_Start_DMA)
 <LI><a href="#[89]">DAC_DMAErrorCh1</a> from stm32l1xx_hal_dac.o(i.DAC_DMAErrorCh1) referenced from stm32l1xx_hal_dac.o(i.HAL_DAC_Start_DMA)
 <LI><a href="#[8c]">DAC_DMAErrorCh2</a> from stm32l1xx_hal_dac_ex.o(i.DAC_DMAErrorCh2) referenced from stm32l1xx_hal_dac.o(i.HAL_DAC_Start_DMA)
 <LI><a href="#[88]">DAC_DMAHalfConvCpltCh1</a> from stm32l1xx_hal_dac.o(i.DAC_DMAHalfConvCpltCh1) referenced from stm32l1xx_hal_dac.o(i.HAL_DAC_Start_DMA)
 <LI><a href="#[8b]">DAC_DMAHalfConvCpltCh2</a> from stm32l1xx_hal_dac_ex.o(i.DAC_DMAHalfConvCpltCh2) referenced from stm32l1xx_hal_dac.o(i.HAL_DAC_Start_DMA)
 <LI><a href="#[54]">DAC_IRQHandler</a> from startup_stm32l152xd.o(.text) referenced from startup_stm32l152xd.o(RESET)
 <LI><a href="#[9b]">DAC_XferCpltCB</a> from meas.o(i.DAC_XferCpltCB) referenced from meas.o(i.MEASGetIntADCSensors)
 <LI><a href="#[4a]">DMA1_Channel1_IRQHandler</a> from startup_stm32l152xd.o(.text) referenced from startup_stm32l152xd.o(RESET)
 <LI><a href="#[4b]">DMA1_Channel2_IRQHandler</a> from stm32l1xx_it.o(i.DMA1_Channel2_IRQHandler) referenced from startup_stm32l152xd.o(RESET)
 <LI><a href="#[4c]">DMA1_Channel3_IRQHandler</a> from stm32l1xx_it.o(i.DMA1_Channel3_IRQHandler) referenced from startup_stm32l152xd.o(RESET)
 <LI><a href="#[4d]">DMA1_Channel4_IRQHandler</a> from startup_stm32l152xd.o(.text) referenced from startup_stm32l152xd.o(RESET)
 <LI><a href="#[4e]">DMA1_Channel5_IRQHandler</a> from startup_stm32l152xd.o(.text) referenced from startup_stm32l152xd.o(RESET)
 <LI><a href="#[4f]">DMA1_Channel6_IRQHandler</a> from startup_stm32l152xd.o(.text) referenced from startup_stm32l152xd.o(RESET)
 <LI><a href="#[50]">DMA1_Channel7_IRQHandler</a> from startup_stm32l152xd.o(.text) referenced from startup_stm32l152xd.o(RESET)
 <LI><a href="#[71]">DMA2_Channel1_IRQHandler</a> from startup_stm32l152xd.o(.text) referenced from startup_stm32l152xd.o(RESET)
 <LI><a href="#[72]">DMA2_Channel2_IRQHandler</a> from startup_stm32l152xd.o(.text) referenced from startup_stm32l152xd.o(RESET)
 <LI><a href="#[73]">DMA2_Channel3_IRQHandler</a> from startup_stm32l152xd.o(.text) referenced from startup_stm32l152xd.o(RESET)
 <LI><a href="#[74]">DMA2_Channel4_IRQHandler</a> from startup_stm32l152xd.o(.text) referenced from startup_stm32l152xd.o(RESET)
 <LI><a href="#[75]">DMA2_Channel5_IRQHandler</a> from startup_stm32l152xd.o(.text) referenced from startup_stm32l152xd.o(RESET)
 <LI><a href="#[3c]">DebugMon_Handler</a> from stm32l1xx_it.o(i.DebugMon_Handler) referenced from startup_stm32l152xd.o(RESET)
 <LI><a href="#[45]">EXTI0_IRQHandler</a> from stm32l1xx_it.o(i.EXTI0_IRQHandler) referenced from startup_stm32l152xd.o(RESET)
 <LI><a href="#[67]">EXTI15_10_IRQHandler</a> from stm32l1xx_it.o(i.EXTI15_10_IRQHandler) referenced from startup_stm32l152xd.o(RESET)
 <LI><a href="#[46]">EXTI1_IRQHandler</a> from stm32l1xx_it.o(i.EXTI1_IRQHandler) referenced from startup_stm32l152xd.o(RESET)
 <LI><a href="#[47]">EXTI2_IRQHandler</a> from stm32l1xx_it.o(i.EXTI2_IRQHandler) referenced from startup_stm32l152xd.o(RESET)
 <LI><a href="#[48]">EXTI3_IRQHandler</a> from stm32l1xx_it.o(i.EXTI3_IRQHandler) referenced from startup_stm32l152xd.o(RESET)
 <LI><a href="#[49]">EXTI4_IRQHandler</a> from stm32l1xx_it.o(i.EXTI4_IRQHandler) referenced from startup_stm32l152xd.o(RESET)
 <LI><a href="#[56]">EXTI9_5_IRQHandler</a> from stm32l1xx_it.o(i.EXTI9_5_IRQHandler) referenced from startup_stm32l152xd.o(RESET)
 <LI><a href="#[43]">FLASH_IRQHandler</a> from startup_stm32l152xd.o(.text) referenced from startup_stm32l152xd.o(RESET)
 <LI><a href="#[18]">HW_GetBatteryLevel</a> from hw.o(i.HW_GetBatteryLevel) referenced 2 times from loramodem.o(.data)
 <LI><a href="#[1a]">HW_GetRandomSeed</a> from hw.o(i.HW_GetRandomSeed) referenced 2 times from loramodem.o(.data)
 <LI><a href="#[19]">HW_GetUniqueId</a> from hw.o(i.HW_GetUniqueId) referenced 2 times from loramodem.o(.data)
 <LI><a href="#[37]">HardFault_Handler</a> from startup_stm32l152xd.o(.text) referenced from startup_stm32l152xd.o(RESET)
 <LI><a href="#[5f]">I2C1_ER_IRQHandler</a> from startup_stm32l152xd.o(.text) referenced from startup_stm32l152xd.o(RESET)
 <LI><a href="#[5e]">I2C1_EV_IRQHandler</a> from startup_stm32l152xd.o(.text) referenced from startup_stm32l152xd.o(RESET)
 <LI><a href="#[61]">I2C2_ER_IRQHandler</a> from startup_stm32l152xd.o(.text) referenced from startup_stm32l152xd.o(RESET)
 <LI><a href="#[60]">I2C2_EV_IRQHandler</a> from startup_stm32l152xd.o(.text) referenced from startup_stm32l152xd.o(RESET)
 <LI><a href="#[57]">LCD_IRQHandler</a> from startup_stm32l152xd.o(.text) referenced from startup_stm32l152xd.o(RESET)
 <LI><a href="#[1d]">LoraHasTxEvents</a> from loramodem.o(i.LoraHasTxEvents) referenced 2 times from loramodem.o(.data)
 <LI><a href="#[1c]">LoraRxData</a> from loramodem.o(i.LoraRxData) referenced 2 times from loramodem.o(.data)
 <LI><a href="#[1b]">LoraTxData</a> from loramodem.o(i.LoraTxData) referenced 2 times from loramodem.o(.data)
 <LI><a href="#[a3]">McpsConfirm</a> from lora.o(i.McpsConfirm) referenced from lora.o(i.lora_fsm)
 <LI><a href="#[a4]">McpsIndication</a> from lora.o(i.McpsIndication) referenced from lora.o(i.lora_fsm)
 <LI><a href="#[38]">MemManage_Handler</a> from stm32l1xx_it.o(i.MemManage_Handler) referenced from startup_stm32l152xd.o(RESET)
 <LI><a href="#[a5]">MlmeConfirm</a> from lora.o(i.MlmeConfirm) referenced from lora.o(i.lora_fsm)
 <LI><a href="#[36]">NMI_Handler</a> from stm32l1xx_it.o(i.NMI_Handler) referenced from startup_stm32l152xd.o(RESET)
 <LI><a href="#[94]">OnAckTimeoutTimerEvent</a> from loramac.o(i.OnAckTimeoutTimerEvent) referenced from loramac.o(i.LoRaMacInitialization)
 <LI><a href="#[83]">OnBTcomTimerEvent</a> from bt.o(i.OnBTcomTimerEvent) referenced from bt.o(i.BT_Rx_IrqInit)
 <LI><a href="#[81]">OnBTrestartTimerEvent</a> from bt.o(i.OnBTrestartTimerEvent) referenced from bt.o(i.BT_Init)
 <LI><a href="#[80]">OnDelayTimerEvent</a> from bsp.o(i.OnDelayTimerEvent) referenced from bsp.o(i.BSP_SleepDelayMs)
 <LI><a href="#[a7]">OnJoinTrialTimerEvent</a> from lora.o(i.OnJoinTrialTimerEvent) referenced from lora.o(i.lora_fsm)
 <LI><a href="#[a0]">OnLEDLoRaDisplayTimerEvent</a> from app.o(i.OnLEDLoRaDisplayTimerEvent) referenced from app.o(i.appInit)
 <LI><a href="#[a9]">OnLedLinkActTimerEvent</a> from lora.o(i.OnLedLinkActTimerEvent) referenced from lora.o(i.lora_fsm)
 <LI><a href="#[a8]">OnLedStateTimerEvent</a> from lora.o(i.OnLedStateTimerEvent) referenced from lora.o(i.lora_fsm)
 <LI><a href="#[90]">OnMacStateCheckTimerEvent</a> from loramac.o(i.OnMacStateCheckTimerEvent) referenced from loramac.o(i.LoRaMacInitialization)
 <LI><a href="#[96]">OnRadioRxDone</a> from loramac.o(i.OnRadioRxDone) referenced from loramac.o(i.LoRaMacInitialization)
 <LI><a href="#[97]">OnRadioRxError</a> from loramac.o(i.OnRadioRxError) referenced from loramac.o(i.LoRaMacInitialization)
 <LI><a href="#[99]">OnRadioRxTimeout</a> from loramac.o(i.OnRadioRxTimeout) referenced from loramac.o(i.LoRaMacInitialization)
 <LI><a href="#[95]">OnRadioTxDone</a> from loramac.o(i.OnRadioTxDone) referenced from loramac.o(i.LoRaMacInitialization)
 <LI><a href="#[98]">OnRadioTxTimeout</a> from loramac.o(i.OnRadioTxTimeout) referenced from loramac.o(i.LoRaMacInitialization)
 <LI><a href="#[a1]">OnRefreshIWDGTimerEvent</a> from app.o(i.OnRefreshIWDGTimerEvent) referenced from app.o(i.appInit)
 <LI><a href="#[92]">OnRxWindow1TimerEvent</a> from loramac.o(i.OnRxWindow1TimerEvent) referenced from loramac.o(i.LoRaMacInitialization)
 <LI><a href="#[93]">OnRxWindow2TimerEvent</a> from loramac.o(i.OnRxWindow2TimerEvent) referenced from loramac.o(i.LoRaMacInitialization)
 <LI><a href="#[7f]">OnSWResetTimerEvent</a> from bsp.o(i.OnSWResetTimerEvent) referenced from bsp.o(i.BSP_ButtonIrqInit)
 <LI><a href="#[91]">OnTxDelayedTimerEvent</a> from loramac.o(i.OnTxDelayedTimerEvent) referenced from loramac.o(i.LoRaMacInitialization)
 <LI><a href="#[9e]">OnTxIntervalTimerEvent</a> from app.o(i.OnTxIntervalTimerEvent) referenced from app.o(i.appInit)
 <LI><a href="#[a6]">OnTxNextPacketTimerEvent</a> from lora.o(i.OnTxNextPacketTimerEvent) referenced from lora.o(i.lora_fsm)
 <LI><a href="#[9a]">OnTxRxDoneTimerEvent</a> from loramodem.o(i.OnTxRxDoneTimerEvent) referenced from loramodem.o(i.LoraInit)
 <LI><a href="#[9f]">OnUSBTimerEvent</a> from app.o(i.OnUSBTimerEvent) referenced from app.o(i.appInit)
 <LI><a href="#[40]">PVD_IRQHandler</a> from startup_stm32l152xd.o(.text) referenced from startup_stm32l152xd.o(RESET)
 <LI><a href="#[3d]">PendSV_Handler</a> from stm32l1xx_it.o(i.PendSV_Handler) referenced from startup_stm32l152xd.o(RESET)
 <LI><a href="#[44]">RCC_IRQHandler</a> from startup_stm32l152xd.o(.text) referenced from startup_stm32l152xd.o(RESET)
 <LI><a href="#[68]">RTC_Alarm_IRQHandler</a> from stm32l1xx_it.o(i.RTC_Alarm_IRQHandler) referenced from startup_stm32l152xd.o(RESET)
 <LI><a href="#[42]">RTC_WKUP_IRQHandler</a> from startup_stm32l152xd.o(.text) referenced from startup_stm32l152xd.o(RESET)
 <LI><a href="#[35]">Reset_Handler</a> from startup_stm32l152xd.o(.text) referenced from startup_stm32l152xd.o(RESET)
 <LI><a href="#[6c]">SDIO_IRQHandler</a> from startup_stm32l152xd.o(.text) referenced from startup_stm32l152xd.o(RESET)
 <LI><a href="#[c2]">SD_initialize</a> from sd_diskio.o(i.SD_initialize) referenced from sd_diskio.o(.constdata)
 <LI><a href="#[c6]">SD_ioctl</a> from sd_diskio.o(i.SD_ioctl) referenced from sd_diskio.o(.constdata)
 <LI><a href="#[c4]">SD_read</a> from sd_diskio.o(i.SD_read) referenced from sd_diskio.o(.constdata)
 <LI><a href="#[c3]">SD_status</a> from sd_diskio.o(i.SD_status) referenced from sd_diskio.o(.constdata)
 <LI><a href="#[c5]">SD_write</a> from sd_diskio.o(i.SD_write) referenced from sd_diskio.o(.constdata)
 <LI><a href="#[62]">SPI1_IRQHandler</a> from startup_stm32l152xd.o(.text) referenced from startup_stm32l152xd.o(RESET)
 <LI><a href="#[63]">SPI2_IRQHandler</a> from startup_stm32l152xd.o(.text) referenced from startup_stm32l152xd.o(RESET)
 <LI><a href="#[6e]">SPI3_IRQHandler</a> from startup_stm32l152xd.o(.text) referenced from startup_stm32l152xd.o(RESET)
 <LI><a href="#[26]">STORAGE_GetCapacity_FS</a> from usbd_storage_if.o(i.STORAGE_GetCapacity_FS) referenced 2 times from usbd_storage_if.o(.data)
 <LI><a href="#[2b]">STORAGE_GetMaxLun_FS</a> from usbd_storage_if.o(i.STORAGE_GetMaxLun_FS) referenced 2 times from usbd_storage_if.o(.data)
 <LI><a href="#[25]">STORAGE_Init_FS</a> from usbd_storage_if.o(i.STORAGE_Init_FS) referenced 2 times from usbd_storage_if.o(.data)
 <LI><a href="#[27]">STORAGE_IsReady_FS</a> from usbd_storage_if.o(i.STORAGE_IsReady_FS) referenced 2 times from usbd_storage_if.o(.data)
 <LI><a href="#[28]">STORAGE_IsWriteProtected_FS</a> from usbd_storage_if.o(i.STORAGE_IsWriteProtected_FS) referenced 2 times from usbd_storage_if.o(.data)
 <LI><a href="#[29]">STORAGE_Read_FS</a> from usbd_storage_if.o(i.STORAGE_Read_FS) referenced 2 times from usbd_storage_if.o(.data)
 <LI><a href="#[2a]">STORAGE_Write_FS</a> from usbd_storage_if.o(i.STORAGE_Write_FS) referenced 2 times from usbd_storage_if.o(.data)
 <LI><a href="#[3b]">SVC_Handler</a> from stm32l1xx_it.o(i.SVC_Handler) referenced from startup_stm32l152xd.o(RESET)
 <LI><a href="#[b4]">SX1272CheckRfFrequency</a> from sx1272_board.o(i.SX1272CheckRfFrequency) referenced from sx1272_board.o(.constdata)
 <LI><a href="#[ad]">SX1272GetStatus</a> from sx1272.o(i.SX1272GetStatus) referenced from sx1272_board.o(.constdata)
 <LI><a href="#[b5]">SX1272GetTimeOnAir</a> from sx1272.o(i.SX1272GetTimeOnAir) referenced from sx1272_board.o(.constdata)
 <LI><a href="#[ac]">SX1272Init</a> from sx1272.o(i.SX1272Init) referenced from sx1272_board.o(.constdata)
 <LI><a href="#[ab]">SX1272IoDeInit</a> from sx1272_board.o(i.SX1272IoDeInit) referenced from sx1272_board.o(.constdata)
 <LI><a href="#[aa]">SX1272IoInit</a> from sx1272_board.o(i.SX1272IoInit) referenced from sx1272_board.o(.constdata)
 <LI><a href="#[b0]">SX1272IsChannelFree</a> from sx1272.o(i.SX1272IsChannelFree) referenced from sx1272_board.o(.constdata)
 <LI><a href="#[0]">SX1272OnDio0Irq</a> from sx1272.o(i.SX1272OnDio0Irq) referenced 2 times from sx1272.o(.data)
 <LI><a href="#[1]">SX1272OnDio1Irq</a> from sx1272.o(i.SX1272OnDio1Irq) referenced 2 times from sx1272.o(.data)
 <LI><a href="#[2]">SX1272OnDio2Irq</a> from sx1272.o(i.SX1272OnDio2Irq) referenced 2 times from sx1272.o(.data)
 <LI><a href="#[3]">SX1272OnDio3Irq</a> from sx1272.o(i.SX1272OnDio3Irq) referenced 2 times from sx1272.o(.data)
 <LI><a href="#[4]">SX1272OnDio4Irq</a> from sx1272.o(i.SX1272OnDio4Irq) referenced 2 times from sx1272.o(.data)
 <LI><a href="#[9c]">SX1272OnTimeoutIrq</a> from sx1272.o(i.SX1272OnTimeoutIrq) referenced from sx1272.o(i.SX1272Init)
 <LI><a href="#[b1]">SX1272Random</a> from sx1272.o(i.SX1272Random) referenced from sx1272_board.o(.constdata)
 <LI><a href="#[bd]">SX1272Read</a> from sx1272.o(i.SX1272Read) referenced from sx1272_board.o(.constdata)
 <LI><a href="#[bf]">SX1272ReadBuffer</a> from sx1272.o(i.SX1272ReadBuffer) referenced from sx1272_board.o(.constdata)
 <LI><a href="#[bb]">SX1272ReadRssi</a> from sx1272.o(i.SX1272ReadRssi) referenced from sx1272_board.o(.constdata)
 <LI><a href="#[b6]">SX1272Send</a> from sx1272.o(i.SX1272Send) referenced from sx1272_board.o(.constdata)
 <LI><a href="#[af]">SX1272SetChannel</a> from sx1272.o(i.SX1272SetChannel) referenced from sx1272_board.o(.constdata)
 <LI><a href="#[c1]">SX1272SetMaxPayloadLength</a> from sx1272.o(i.SX1272SetMaxPayloadLength) referenced from sx1272_board.o(.constdata)
 <LI><a href="#[ae]">SX1272SetModem</a> from sx1272.o(i.SX1272SetModem) referenced from sx1272_board.o(.constdata)
 <LI><a href="#[b9]">SX1272SetRx</a> from sx1272.o(i.SX1272SetRx) referenced from sx1272_board.o(.constdata)
 <LI><a href="#[b2]">SX1272SetRxConfig</a> from sx1272.o(i.SX1272SetRxConfig) referenced from sx1272_board.o(.constdata)
 <LI><a href="#[b7]">SX1272SetSleep</a> from sx1272.o(i.SX1272SetSleep) referenced from sx1272_board.o(.constdata)
 <LI><a href="#[b8]">SX1272SetStby</a> from sx1272.o(i.SX1272SetStby) referenced from sx1272_board.o(.constdata)
 <LI><a href="#[c0]">SX1272SetSyncWord</a> from sx1272.o(i.SX1272SetSyncWord) referenced from sx1272_board.o(.constdata)
 <LI><a href="#[b3]">SX1272SetTxConfig</a> from sx1272.o(i.SX1272SetTxConfig) referenced from sx1272_board.o(.constdata)
 <LI><a href="#[ba]">SX1272StartCad</a> from sx1272.o(i.SX1272StartCad) referenced from sx1272_board.o(.constdata)
 <LI><a href="#[bc]">SX1272Write</a> from sx1272.o(i.SX1272Write) referenced from sx1272_board.o(.constdata)
 <LI><a href="#[be]">SX1272WriteBuffer</a> from sx1272.o(i.SX1272WriteBuffer) referenced from sx1272_board.o(.constdata)
 <LI><a href="#[3e]">SysTick_Handler</a> from stm32l1xx_it.o(i.SysTick_Handler) referenced from startup_stm32l152xd.o(RESET)
 <LI><a href="#[78]">SystemInit</a> from system_stm32l1xx.o(i.SystemInit) referenced from startup_stm32l152xd.o(.text)
 <LI><a href="#[41]">TAMPER_STAMP_IRQHandler</a> from startup_stm32l152xd.o(.text) referenced from startup_stm32l152xd.o(RESET)
 <LI><a href="#[59]">TIM10_IRQHandler</a> from startup_stm32l152xd.o(.text) referenced from startup_stm32l152xd.o(RESET)
 <LI><a href="#[5a]">TIM11_IRQHandler</a> from startup_stm32l152xd.o(.text) referenced from startup_stm32l152xd.o(RESET)
 <LI><a href="#[5b]">TIM2_IRQHandler</a> from startup_stm32l152xd.o(.text) referenced from startup_stm32l152xd.o(RESET)
 <LI><a href="#[5c]">TIM3_IRQHandler</a> from startup_stm32l152xd.o(.text) referenced from startup_stm32l152xd.o(RESET)
 <LI><a href="#[5d]">TIM4_IRQHandler</a> from startup_stm32l152xd.o(.text) referenced from startup_stm32l152xd.o(RESET)
 <LI><a href="#[6d]">TIM5_IRQHandler</a> from startup_stm32l152xd.o(.text) referenced from startup_stm32l152xd.o(RESET)
 <LI><a href="#[6a]">TIM6_IRQHandler</a> from startup_stm32l152xd.o(.text) referenced from startup_stm32l152xd.o(RESET)
 <LI><a href="#[6b]">TIM7_IRQHandler</a> from startup_stm32l152xd.o(.text) referenced from startup_stm32l152xd.o(RESET)
 <LI><a href="#[58]">TIM9_IRQHandler</a> from startup_stm32l152xd.o(.text) referenced from startup_stm32l152xd.o(RESET)
 <LI><a href="#[6f]">UART4_IRQHandler</a> from startup_stm32l152xd.o(.text) referenced from startup_stm32l152xd.o(RESET)
 <LI><a href="#[70]">UART5_IRQHandler</a> from startup_stm32l152xd.o(.text) referenced from startup_stm32l152xd.o(RESET)
 <LI><a href="#[8f]">UART_DMAError</a> from stm32l1xx_hal_uart.o(i.UART_DMAError) referenced from stm32l1xx_hal_uart.o(i.HAL_UART_Transmit_DMA)
 <LI><a href="#[8d]">UART_DMATransmitCplt</a> from stm32l1xx_hal_uart.o(i.UART_DMATransmitCplt) referenced from stm32l1xx_hal_uart.o(i.HAL_UART_Transmit_DMA)
 <LI><a href="#[8e]">UART_DMATxHalfCplt</a> from stm32l1xx_hal_uart.o(i.UART_DMATxHalfCplt) referenced from stm32l1xx_hal_uart.o(i.HAL_UART_Transmit_DMA)
 <LI><a href="#[64]">USART1_IRQHandler</a> from stm32l1xx_it.o(i.USART1_IRQHandler) referenced from startup_stm32l152xd.o(RESET)
 <LI><a href="#[65]">USART2_IRQHandler</a> from startup_stm32l152xd.o(.text) referenced from startup_stm32l152xd.o(RESET)
 <LI><a href="#[66]">USART3_IRQHandler</a> from stm32l1xx_it.o(i.USART3_IRQHandler) referenced from startup_stm32l152xd.o(RESET)
 <LI><a href="#[12]">USBD_CDC_DataIn</a> from usbd_cdc.o(i.USBD_CDC_DataIn) referenced 2 times from usbd_cdc.o(.data)
 <LI><a href="#[13]">USBD_CDC_DataOut</a> from usbd_cdc.o(i.USBD_CDC_DataOut) referenced 2 times from usbd_cdc.o(.data)
 <LI><a href="#[f]">USBD_CDC_DeInit</a> from usbd_cdc.o(i.USBD_CDC_DeInit) referenced 2 times from usbd_cdc.o(.data)
 <LI><a href="#[11]">USBD_CDC_EP0_RxReady</a> from usbd_cdc.o(i.USBD_CDC_EP0_RxReady) referenced 2 times from usbd_cdc.o(.data)
 <LI><a href="#[17]">USBD_CDC_GetDeviceQualifierDescriptor</a> from usbd_cdc.o(i.USBD_CDC_GetDeviceQualifierDescriptor) referenced 2 times from usbd_cdc.o(.data)
 <LI><a href="#[15]">USBD_CDC_GetFSCfgDesc</a> from usbd_cdc.o(i.USBD_CDC_GetFSCfgDesc) referenced 2 times from usbd_cdc.o(.data)
 <LI><a href="#[14]">USBD_CDC_GetHSCfgDesc</a> from usbd_cdc.o(i.USBD_CDC_GetHSCfgDesc) referenced 2 times from usbd_cdc.o(.data)
 <LI><a href="#[16]">USBD_CDC_GetOtherSpeedCfgDesc</a> from usbd_cdc.o(i.USBD_CDC_GetOtherSpeedCfgDesc) referenced 2 times from usbd_cdc.o(.data)
 <LI><a href="#[e]">USBD_CDC_Init</a> from usbd_cdc.o(i.USBD_CDC_Init) referenced 2 times from usbd_cdc.o(.data)
 <LI><a href="#[10]">USBD_CDC_Setup</a> from usbd_cdc.o(i.USBD_CDC_Setup) referenced 2 times from usbd_cdc.o(.data)
 <LI><a href="#[23]">USBD_FS_ConfigStrDescriptor</a> from usbd_desc.o(i.USBD_FS_ConfigStrDescriptor) referenced 2 times from usbd_desc.o(.data)
 <LI><a href="#[1e]">USBD_FS_DeviceDescriptor</a> from usbd_desc.o(i.USBD_FS_DeviceDescriptor) referenced 2 times from usbd_desc.o(.data)
 <LI><a href="#[24]">USBD_FS_InterfaceStrDescriptor</a> from usbd_desc.o(i.USBD_FS_InterfaceStrDescriptor) referenced 2 times from usbd_desc.o(.data)
 <LI><a href="#[1f]">USBD_FS_LangIDStrDescriptor</a> from usbd_desc.o(i.USBD_FS_LangIDStrDescriptor) referenced 2 times from usbd_desc.o(.data)
 <LI><a href="#[20]">USBD_FS_ManufacturerStrDescriptor</a> from usbd_desc.o(i.USBD_FS_ManufacturerStrDescriptor) referenced 2 times from usbd_desc.o(.data)
 <LI><a href="#[21]">USBD_FS_ProductStrDescriptor</a> from usbd_desc.o(i.USBD_FS_ProductStrDescriptor) referenced 2 times from usbd_desc.o(.data)
 <LI><a href="#[22]">USBD_FS_SerialStrDescriptor</a> from usbd_desc.o(i.USBD_FS_SerialStrDescriptor) referenced 2 times from usbd_desc.o(.data)
 <LI><a href="#[8]">USBD_MSC_DataIn</a> from usbd_msc.o(i.USBD_MSC_DataIn) referenced 2 times from usbd_msc.o(.data)
 <LI><a href="#[9]">USBD_MSC_DataOut</a> from usbd_msc.o(i.USBD_MSC_DataOut) referenced 2 times from usbd_msc.o(.data)
 <LI><a href="#[6]">USBD_MSC_DeInit</a> from usbd_msc.o(i.USBD_MSC_DeInit) referenced 2 times from usbd_msc.o(.data)
 <LI><a href="#[d]">USBD_MSC_GetDeviceQualifierDescriptor</a> from usbd_msc.o(i.USBD_MSC_GetDeviceQualifierDescriptor) referenced 2 times from usbd_msc.o(.data)
 <LI><a href="#[b]">USBD_MSC_GetFSCfgDesc</a> from usbd_msc.o(i.USBD_MSC_GetFSCfgDesc) referenced 2 times from usbd_msc.o(.data)
 <LI><a href="#[a]">USBD_MSC_GetHSCfgDesc</a> from usbd_msc.o(i.USBD_MSC_GetHSCfgDesc) referenced 2 times from usbd_msc.o(.data)
 <LI><a href="#[c]">USBD_MSC_GetOtherSpeedCfgDesc</a> from usbd_msc.o(i.USBD_MSC_GetOtherSpeedCfgDesc) referenced 2 times from usbd_msc.o(.data)
 <LI><a href="#[5]">USBD_MSC_Init</a> from usbd_msc.o(i.USBD_MSC_Init) referenced 2 times from usbd_msc.o(.data)
 <LI><a href="#[7]">USBD_MSC_Setup</a> from usbd_msc.o(i.USBD_MSC_Setup) referenced 2 times from usbd_msc.o(.data)
 <LI><a href="#[69]">USB_FS_WKUP_IRQHandler</a> from startup_stm32l152xd.o(.text) referenced from startup_stm32l152xd.o(RESET)
 <LI><a href="#[52]">USB_HP_IRQHandler</a> from startup_stm32l152xd.o(.text) referenced from startup_stm32l152xd.o(RESET)
 <LI><a href="#[53]">USB_LP_IRQHandler</a> from stm32l1xx_it.o(i.USB_LP_IRQHandler) referenced from startup_stm32l152xd.o(RESET)
 <LI><a href="#[2c]">USER_initialize</a> from user_diskio.o(i.USER_initialize) referenced 2 times from user_diskio.o(.data)
 <LI><a href="#[30]">USER_ioctl</a> from user_diskio.o(i.USER_ioctl) referenced 2 times from user_diskio.o(.data)
 <LI><a href="#[2e]">USER_read</a> from user_diskio.o(i.USER_read) referenced 2 times from user_diskio.o(.data)
 <LI><a href="#[2d]">USER_status</a> from user_diskio.o(i.USER_status) referenced 2 times from user_diskio.o(.data)
 <LI><a href="#[2f]">USER_write</a> from user_diskio.o(i.USER_write) referenced 2 times from user_diskio.o(.data)
 <LI><a href="#[3a]">UsageFault_Handler</a> from stm32l1xx_it.o(i.UsageFault_Handler) referenced from startup_stm32l152xd.o(RESET)
 <LI><a href="#[3f]">WWDG_IRQHandler</a> from startup_stm32l152xd.o(.text) referenced from startup_stm32l152xd.o(RESET)
 <LI><a href="#[79]">__main</a> from entry.o(.ARM.Collect$$$$00000000) referenced from startup_stm32l152xd.o(.text)
 <LI><a href="#[7b]">_sbackspace</a> from _sgetc.o(.text) referenced from __0sscanf.o(.text)
 <LI><a href="#[7c]">_scanf_char_input</a> from scanf_char.o(.text) referenced from scanf_char.o(.text)
 <LI><a href="#[7a]">_sgetc</a> from _sgetc.o(.text) referenced from __0sscanf.o(.text)
 <LI><a href="#[9d]">_sputc</a> from printfa.o(i._sputc) referenced from printfa.o(i.__0sprintf)
 <LI><a href="#[a2]">appBtnResetCallback</a> from app.o(i.appBtnResetCallback) referenced from app.o(i.appInit)
 <LI><a href="#[7e]">irqHandlerButton</a> from bsp.o(i.irqHandlerButton) referenced from bsp.o(i.BSP_ButtonIrqInit)
 <LI><a href="#[7d]">isspace</a> from isspace_o.o(.text) referenced from scanf_char.o(.text)
 <LI><a href="#[77]">main</a> from main.o(i.main) referenced from entry9a.o(.ARM.Collect$$$$0000000B)
</UL>
<P>
<H3>
Global Symbols
</H3>
<P><STRONG><a name="[79]"></a>__main</STRONG> (Thumb, 0 bytes, Stack size unknown bytes, entry.o(.ARM.Collect$$$$00000000))
<BR>[Address Reference Count : 1]<UL><LI> startup_stm32l152xd.o(.text)
</UL>
<P><STRONG><a name="[3be]"></a>_main_stk</STRONG> (Thumb, 0 bytes, Stack size unknown bytes, entry2.o(.ARM.Collect$$$$00000001))

<P><STRONG><a name="[c7]"></a>_main_scatterload</STRONG> (Thumb, 0 bytes, Stack size unknown bytes, entry5.o(.ARM.Collect$$$$00000004))
<BR><BR>[Calls]<UL><LI><a href="#[c8]">&gt;&gt;</a>&nbsp;&nbsp;&nbsp;__scatterload
</UL>

<P><STRONG><a name="[f3]"></a>__main_after_scatterload</STRONG> (Thumb, 0 bytes, Stack size unknown bytes, entry5.o(.ARM.Collect$$$$00000004))
<BR><BR>[Called By]<UL><LI><a href="#[c8]">&gt;&gt;</a>&nbsp;&nbsp;&nbsp;__scatterload
</UL>

<P><STRONG><a name="[3bf]"></a>_main_clock</STRONG> (Thumb, 0 bytes, Stack size unknown bytes, entry7b.o(.ARM.Collect$$$$00000008))

<P><STRONG><a name="[3c0]"></a>_main_cpp_init</STRONG> (Thumb, 0 bytes, Stack size unknown bytes, entry8b.o(.ARM.Collect$$$$0000000A))

<P><STRONG><a name="[3c1]"></a>_main_init</STRONG> (Thumb, 0 bytes, Stack size unknown bytes, entry9a.o(.ARM.Collect$$$$0000000B))

<P><STRONG><a name="[3c2]"></a>__rt_lib_shutdown_fini</STRONG> (Thumb, 0 bytes, Stack size unknown bytes, entry12b.o(.ARM.Collect$$$$0000000E))

<P><STRONG><a name="[3c3]"></a>__rt_final_cpp</STRONG> (Thumb, 0 bytes, Stack size unknown bytes, entry10a.o(.ARM.Collect$$$$0000000F))

<P><STRONG><a name="[3c4]"></a>__rt_final_exit</STRONG> (Thumb, 0 bytes, Stack size unknown bytes, entry11a.o(.ARM.Collect$$$$00000011))

<P><STRONG><a name="[35]"></a>Reset_Handler</STRONG> (Thumb, 8 bytes, Stack size 0 bytes, startup_stm32l152xd.o(.text))
<BR>[Address Reference Count : 1]<UL><LI> startup_stm32l152xd.o(RESET)
</UL>
<P><STRONG><a name="[37]"></a>HardFault_Handler</STRONG> (Thumb, 2 bytes, Stack size 0 bytes, startup_stm32l152xd.o(.text))
<BR><BR>[Calls]<UL><LI><a href="#[37]">&gt;&gt;</a>&nbsp;&nbsp;&nbsp;HardFault_Handler
</UL>
<BR>[Called By]<UL><LI><a href="#[37]">&gt;&gt;</a>&nbsp;&nbsp;&nbsp;HardFault_Handler
</UL>
<BR>[Address Reference Count : 1]<UL><LI> startup_stm32l152xd.o(RESET)
</UL>
<P><STRONG><a name="[51]"></a>ADC1_IRQHandler</STRONG> (Thumb, 0 bytes, Stack size 0 bytes, startup_stm32l152xd.o(.text))
<BR><BR>[Calls]<UL><LI><a href="#[51]">&gt;&gt;</a>&nbsp;&nbsp;&nbsp;ADC1_IRQHandler
</UL>
<BR>[Called By]<UL><LI><a href="#[51]">&gt;&gt;</a>&nbsp;&nbsp;&nbsp;ADC1_IRQHandler
</UL>
<BR>[Address Reference Count : 1]<UL><LI> startup_stm32l152xd.o(RESET)
</UL>
<P><STRONG><a name="[76]"></a>COMP_ACQ_IRQHandler</STRONG> (Thumb, 0 bytes, Stack size 0 bytes, startup_stm32l152xd.o(.text))
<BR>[Address Reference Count : 1]<UL><LI> startup_stm32l152xd.o(RESET)
</UL>
<P><STRONG><a name="[55]"></a>COMP_IRQHandler</STRONG> (Thumb, 0 bytes, Stack size 0 bytes, startup_stm32l152xd.o(.text))
<BR>[Address Reference Count : 1]<UL><LI> startup_stm32l152xd.o(RESET)
</UL>
<P><STRONG><a name="[54]"></a>DAC_IRQHandler</STRONG> (Thumb, 0 bytes, Stack size 0 bytes, startup_stm32l152xd.o(.text))
<BR>[Address Reference Count : 1]<UL><LI> startup_stm32l152xd.o(RESET)
</UL>
<P><STRONG><a name="[4a]"></a>DMA1_Channel1_IRQHandler</STRONG> (Thumb, 0 bytes, Stack size 0 bytes, startup_stm32l152xd.o(.text))
<BR>[Address Reference Count : 1]<UL><LI> startup_stm32l152xd.o(RESET)
</UL>
<P><STRONG><a name="[4d]"></a>DMA1_Channel4_IRQHandler</STRONG> (Thumb, 0 bytes, Stack size 0 bytes, startup_stm32l152xd.o(.text))
<BR>[Address Reference Count : 1]<UL><LI> startup_stm32l152xd.o(RESET)
</UL>
<P><STRONG><a name="[4e]"></a>DMA1_Channel5_IRQHandler</STRONG> (Thumb, 0 bytes, Stack size 0 bytes, startup_stm32l152xd.o(.text))
<BR>[Address Reference Count : 1]<UL><LI> startup_stm32l152xd.o(RESET)
</UL>
<P><STRONG><a name="[4f]"></a>DMA1_Channel6_IRQHandler</STRONG> (Thumb, 0 bytes, Stack size 0 bytes, startup_stm32l152xd.o(.text))
<BR>[Address Reference Count : 1]<UL><LI> startup_stm32l152xd.o(RESET)
</UL>
<P><STRONG><a name="[50]"></a>DMA1_Channel7_IRQHandler</STRONG> (Thumb, 0 bytes, Stack size 0 bytes, startup_stm32l152xd.o(.text))
<BR>[Address Reference Count : 1]<UL><LI> startup_stm32l152xd.o(RESET)
</UL>
<P><STRONG><a name="[71]"></a>DMA2_Channel1_IRQHandler</STRONG> (Thumb, 0 bytes, Stack size 0 bytes, startup_stm32l152xd.o(.text))
<BR>[Address Reference Count : 1]<UL><LI> startup_stm32l152xd.o(RESET)
</UL>
<P><STRONG><a name="[72]"></a>DMA2_Channel2_IRQHandler</STRONG> (Thumb, 0 bytes, Stack size 0 bytes, startup_stm32l152xd.o(.text))
<BR>[Address Reference Count : 1]<UL><LI> startup_stm32l152xd.o(RESET)
</UL>
<P><STRONG><a name="[73]"></a>DMA2_Channel3_IRQHandler</STRONG> (Thumb, 0 bytes, Stack size 0 bytes, startup_stm32l152xd.o(.text))
<BR>[Address Reference Count : 1]<UL><LI> startup_stm32l152xd.o(RESET)
</UL>
<P><STRONG><a name="[74]"></a>DMA2_Channel4_IRQHandler</STRONG> (Thumb, 0 bytes, Stack size 0 bytes, startup_stm32l152xd.o(.text))
<BR>[Address Reference Count : 1]<UL><LI> startup_stm32l152xd.o(RESET)
</UL>
<P><STRONG><a name="[75]"></a>DMA2_Channel5_IRQHandler</STRONG> (Thumb, 0 bytes, Stack size 0 bytes, startup_stm32l152xd.o(.text))
<BR>[Address Reference Count : 1]<UL><LI> startup_stm32l152xd.o(RESET)
</UL>
<P><STRONG><a name="[43]"></a>FLASH_IRQHandler</STRONG> (Thumb, 0 bytes, Stack size 0 bytes, startup_stm32l152xd.o(.text))
<BR>[Address Reference Count : 1]<UL><LI> startup_stm32l152xd.o(RESET)
</UL>
<P><STRONG><a name="[5f]"></a>I2C1_ER_IRQHandler</STRONG> (Thumb, 0 bytes, Stack size 0 bytes, startup_stm32l152xd.o(.text))
<BR>[Address Reference Count : 1]<UL><LI> startup_stm32l152xd.o(RESET)
</UL>
<P><STRONG><a name="[5e]"></a>I2C1_EV_IRQHandler</STRONG> (Thumb, 0 bytes, Stack size 0 bytes, startup_stm32l152xd.o(.text))
<BR>[Address Reference Count : 1]<UL><LI> startup_stm32l152xd.o(RESET)
</UL>
<P><STRONG><a name="[61]"></a>I2C2_ER_IRQHandler</STRONG> (Thumb, 0 bytes, Stack size 0 bytes, startup_stm32l152xd.o(.text))
<BR>[Address Reference Count : 1]<UL><LI> startup_stm32l152xd.o(RESET)
</UL>
<P><STRONG><a name="[60]"></a>I2C2_EV_IRQHandler</STRONG> (Thumb, 0 bytes, Stack size 0 bytes, startup_stm32l152xd.o(.text))
<BR>[Address Reference Count : 1]<UL><LI> startup_stm32l152xd.o(RESET)
</UL>
<P><STRONG><a name="[57]"></a>LCD_IRQHandler</STRONG> (Thumb, 0 bytes, Stack size 0 bytes, startup_stm32l152xd.o(.text))
<BR>[Address Reference Count : 1]<UL><LI> startup_stm32l152xd.o(RESET)
</UL>
<P><STRONG><a name="[40]"></a>PVD_IRQHandler</STRONG> (Thumb, 0 bytes, Stack size 0 bytes, startup_stm32l152xd.o(.text))
<BR>[Address Reference Count : 1]<UL><LI> startup_stm32l152xd.o(RESET)
</UL>
<P><STRONG><a name="[44]"></a>RCC_IRQHandler</STRONG> (Thumb, 0 bytes, Stack size 0 bytes, startup_stm32l152xd.o(.text))
<BR>[Address Reference Count : 1]<UL><LI> startup_stm32l152xd.o(RESET)
</UL>
<P><STRONG><a name="[42]"></a>RTC_WKUP_IRQHandler</STRONG> (Thumb, 0 bytes, Stack size 0 bytes, startup_stm32l152xd.o(.text))
<BR>[Address Reference Count : 1]<UL><LI> startup_stm32l152xd.o(RESET)
</UL>
<P><STRONG><a name="[6c]"></a>SDIO_IRQHandler</STRONG> (Thumb, 0 bytes, Stack size 0 bytes, startup_stm32l152xd.o(.text))
<BR>[Address Reference Count : 1]<UL><LI> startup_stm32l152xd.o(RESET)
</UL>
<P><STRONG><a name="[62]"></a>SPI1_IRQHandler</STRONG> (Thumb, 0 bytes, Stack size 0 bytes, startup_stm32l152xd.o(.text))
<BR>[Address Reference Count : 1]<UL><LI> startup_stm32l152xd.o(RESET)
</UL>
<P><STRONG><a name="[63]"></a>SPI2_IRQHandler</STRONG> (Thumb, 0 bytes, Stack size 0 bytes, startup_stm32l152xd.o(.text))
<BR>[Address Reference Count : 1]<UL><LI> startup_stm32l152xd.o(RESET)
</UL>
<P><STRONG><a name="[6e]"></a>SPI3_IRQHandler</STRONG> (Thumb, 0 bytes, Stack size 0 bytes, startup_stm32l152xd.o(.text))
<BR>[Address Reference Count : 1]<UL><LI> startup_stm32l152xd.o(RESET)
</UL>
<P><STRONG><a name="[41]"></a>TAMPER_STAMP_IRQHandler</STRONG> (Thumb, 0 bytes, Stack size 0 bytes, startup_stm32l152xd.o(.text))
<BR>[Address Reference Count : 1]<UL><LI> startup_stm32l152xd.o(RESET)
</UL>
<P><STRONG><a name="[59]"></a>TIM10_IRQHandler</STRONG> (Thumb, 0 bytes, Stack size 0 bytes, startup_stm32l152xd.o(.text))
<BR>[Address Reference Count : 1]<UL><LI> startup_stm32l152xd.o(RESET)
</UL>
<P><STRONG><a name="[5a]"></a>TIM11_IRQHandler</STRONG> (Thumb, 0 bytes, Stack size 0 bytes, startup_stm32l152xd.o(.text))
<BR>[Address Reference Count : 1]<UL><LI> startup_stm32l152xd.o(RESET)
</UL>
<P><STRONG><a name="[5b]"></a>TIM2_IRQHandler</STRONG> (Thumb, 0 bytes, Stack size 0 bytes, startup_stm32l152xd.o(.text))
<BR>[Address Reference Count : 1]<UL><LI> startup_stm32l152xd.o(RESET)
</UL>
<P><STRONG><a name="[5c]"></a>TIM3_IRQHandler</STRONG> (Thumb, 0 bytes, Stack size 0 bytes, startup_stm32l152xd.o(.text))
<BR>[Address Reference Count : 1]<UL><LI> startup_stm32l152xd.o(RESET)
</UL>
<P><STRONG><a name="[5d]"></a>TIM4_IRQHandler</STRONG> (Thumb, 0 bytes, Stack size 0 bytes, startup_stm32l152xd.o(.text))
<BR>[Address Reference Count : 1]<UL><LI> startup_stm32l152xd.o(RESET)
</UL>
<P><STRONG><a name="[6d]"></a>TIM5_IRQHandler</STRONG> (Thumb, 0 bytes, Stack size 0 bytes, startup_stm32l152xd.o(.text))
<BR>[Address Reference Count : 1]<UL><LI> startup_stm32l152xd.o(RESET)
</UL>
<P><STRONG><a name="[6a]"></a>TIM6_IRQHandler</STRONG> (Thumb, 0 bytes, Stack size 0 bytes, startup_stm32l152xd.o(.text))
<BR>[Address Reference Count : 1]<UL><LI> startup_stm32l152xd.o(RESET)
</UL>
<P><STRONG><a name="[6b]"></a>TIM7_IRQHandler</STRONG> (Thumb, 0 bytes, Stack size 0 bytes, startup_stm32l152xd.o(.text))
<BR>[Address Reference Count : 1]<UL><LI> startup_stm32l152xd.o(RESET)
</UL>
<P><STRONG><a name="[58]"></a>TIM9_IRQHandler</STRONG> (Thumb, 0 bytes, Stack size 0 bytes, startup_stm32l152xd.o(.text))
<BR>[Address Reference Count : 1]<UL><LI> startup_stm32l152xd.o(RESET)
</UL>
<P><STRONG><a name="[6f]"></a>UART4_IRQHandler</STRONG> (Thumb, 0 bytes, Stack size 0 bytes, startup_stm32l152xd.o(.text))
<BR>[Address Reference Count : 1]<UL><LI> startup_stm32l152xd.o(RESET)
</UL>
<P><STRONG><a name="[70]"></a>UART5_IRQHandler</STRONG> (Thumb, 0 bytes, Stack size 0 bytes, startup_stm32l152xd.o(.text))
<BR>[Address Reference Count : 1]<UL><LI> startup_stm32l152xd.o(RESET)
</UL>
<P><STRONG><a name="[65]"></a>USART2_IRQHandler</STRONG> (Thumb, 0 bytes, Stack size 0 bytes, startup_stm32l152xd.o(.text))
<BR>[Address Reference Count : 1]<UL><LI> startup_stm32l152xd.o(RESET)
</UL>
<P><STRONG><a name="[69]"></a>USB_FS_WKUP_IRQHandler</STRONG> (Thumb, 0 bytes, Stack size 0 bytes, startup_stm32l152xd.o(.text))
<BR>[Address Reference Count : 1]<UL><LI> startup_stm32l152xd.o(RESET)
</UL>
<P><STRONG><a name="[52]"></a>USB_HP_IRQHandler</STRONG> (Thumb, 0 bytes, Stack size 0 bytes, startup_stm32l152xd.o(.text))
<BR>[Address Reference Count : 1]<UL><LI> startup_stm32l152xd.o(RESET)
</UL>
<P><STRONG><a name="[3f]"></a>WWDG_IRQHandler</STRONG> (Thumb, 0 bytes, Stack size 0 bytes, startup_stm32l152xd.o(.text))
<BR>[Address Reference Count : 1]<UL><LI> startup_stm32l152xd.o(RESET)
</UL>
<P><STRONG><a name="[c9]"></a>__aeabi_uldivmod</STRONG> (Thumb, 98 bytes, Stack size 40 bytes, uldiv.o(.text))
<BR><BR>[Stack]<UL><LI>Max Depth = 40<LI>Call Chain = __aeabi_uldivmod
</UL>
<BR>[Calls]<UL><LI><a href="#[ca]">&gt;&gt;</a>&nbsp;&nbsp;&nbsp;__aeabi_llsr
<LI><a href="#[cb]">&gt;&gt;</a>&nbsp;&nbsp;&nbsp;__aeabi_llsl
</UL>
<BR>[Called By]<UL><LI><a href="#[174]">&gt;&gt;</a>&nbsp;&nbsp;&nbsp;HAL_SD_WriteBlocks
<LI><a href="#[172]">&gt;&gt;</a>&nbsp;&nbsp;&nbsp;HAL_SD_ReadBlocks
<LI><a href="#[286]">&gt;&gt;</a>&nbsp;&nbsp;&nbsp;HW_RTC_ms2Tick
<LI><a href="#[28d]">&gt;&gt;</a>&nbsp;&nbsp;&nbsp;HW_RTC_Tick2ms
<LI><a href="#[cc]">&gt;&gt;</a>&nbsp;&nbsp;&nbsp;__aeabi_ldivmod
<LI><a href="#[c6]">&gt;&gt;</a>&nbsp;&nbsp;&nbsp;SD_ioctl
<LI><a href="#[370]">&gt;&gt;</a>&nbsp;&nbsp;&nbsp;_printf_core
<LI><a href="#[37b]">&gt;&gt;</a>&nbsp;&nbsp;&nbsp;_fp_digits
</UL>

<P><STRONG><a name="[cc]"></a>__aeabi_ldivmod</STRONG> (Thumb, 98 bytes, Stack size 24 bytes, ldiv.o(.text))
<BR><BR>[Stack]<UL><LI>Max Depth = 64<LI>Call Chain = __aeabi_ldivmod &rArr; __aeabi_uldivmod
</UL>
<BR>[Calls]<UL><LI><a href="#[c9]">&gt;&gt;</a>&nbsp;&nbsp;&nbsp;__aeabi_uldivmod
</UL>
<BR>[Called By]<UL><LI><a href="#[10a]">&gt;&gt;</a>&nbsp;&nbsp;&nbsp;ADS1248_Board_Scale
</UL>

<P><STRONG><a name="[cb]"></a>__aeabi_llsl</STRONG> (Thumb, 30 bytes, Stack size 0 bytes, llshl.o(.text))
<BR><BR>[Called By]<UL><LI><a href="#[110]">&gt;&gt;</a>&nbsp;&nbsp;&nbsp;Thermocouple_GetTemperature
<LI><a href="#[df]">&gt;&gt;</a>&nbsp;&nbsp;&nbsp;__aeabi_dadd
<LI><a href="#[c9]">&gt;&gt;</a>&nbsp;&nbsp;&nbsp;__aeabi_uldivmod
<LI><a href="#[f1]">&gt;&gt;</a>&nbsp;&nbsp;&nbsp;_drnd
<LI><a href="#[e1]">&gt;&gt;</a>&nbsp;&nbsp;&nbsp;_double_epilogue
<LI><a href="#[f2]">&gt;&gt;</a>&nbsp;&nbsp;&nbsp;__aeabi_d2ulz
</UL>

<P><STRONG><a name="[3c5]"></a>_ll_shift_l</STRONG> (Thumb, 0 bytes, Stack size 0 bytes, llshl.o(.text), UNUSED)

<P><STRONG><a name="[ca]"></a>__aeabi_llsr</STRONG> (Thumb, 32 bytes, Stack size 0 bytes, llushr.o(.text))
<BR><BR>[Called By]<UL><LI><a href="#[110]">&gt;&gt;</a>&nbsp;&nbsp;&nbsp;Thermocouple_GetTemperature
<LI><a href="#[ed]">&gt;&gt;</a>&nbsp;&nbsp;&nbsp;__aeabi_d2uiz
<LI><a href="#[ec]">&gt;&gt;</a>&nbsp;&nbsp;&nbsp;__aeabi_d2iz
<LI><a href="#[c9]">&gt;&gt;</a>&nbsp;&nbsp;&nbsp;__aeabi_uldivmod
<LI><a href="#[f0]">&gt;&gt;</a>&nbsp;&nbsp;&nbsp;_dsqrt
<LI><a href="#[f1]">&gt;&gt;</a>&nbsp;&nbsp;&nbsp;_drnd
<LI><a href="#[e1]">&gt;&gt;</a>&nbsp;&nbsp;&nbsp;_double_epilogue
<LI><a href="#[f2]">&gt;&gt;</a>&nbsp;&nbsp;&nbsp;__aeabi_d2ulz
</UL>

<P><STRONG><a name="[3c6]"></a>_ll_ushift_r</STRONG> (Thumb, 0 bytes, Stack size 0 bytes, llushr.o(.text), UNUSED)

<P><STRONG><a name="[121]"></a>__aeabi_memcpy</STRONG> (Thumb, 36 bytes, Stack size 0 bytes, memcpya.o(.text))
<BR><BR>[Called By]<UL><LI><a href="#[fd]">&gt;&gt;</a>&nbsp;&nbsp;&nbsp;ADS1248_REGISTER_WRITE_ALL
<LI><a href="#[fb]">&gt;&gt;</a>&nbsp;&nbsp;&nbsp;ADS1248_REGISTER_READ_ALL
<LI><a href="#[2ca]">&gt;&gt;</a>&nbsp;&nbsp;&nbsp;lora_DefaultConfig
<LI><a href="#[2c8]">&gt;&gt;</a>&nbsp;&nbsp;&nbsp;appParseRxPayloadIsr
<LI><a href="#[2cb]">&gt;&gt;</a>&nbsp;&nbsp;&nbsp;appBuildTxPayload
<LI><a href="#[130]">&gt;&gt;</a>&nbsp;&nbsp;&nbsp;EEPROMReadAppConfig
<LI><a href="#[15c]">&gt;&gt;</a>&nbsp;&nbsp;&nbsp;CDC_Transmit_FS
<LI><a href="#[156]">&gt;&gt;</a>&nbsp;&nbsp;&nbsp;BT_SendData
<LI><a href="#[304]">&gt;&gt;</a>&nbsp;&nbsp;&nbsp;ReadDisk
<LI><a href="#[19e]">&gt;&gt;</a>&nbsp;&nbsp;&nbsp;CfgSetFromString
<LI><a href="#[34]">&gt;&gt;</a>&nbsp;&nbsp;&nbsp;CDC_Receive_FS
</UL>

<P><STRONG><a name="[12e]"></a>__aeabi_memcpy4</STRONG> (Thumb, 0 bytes, Stack size 0 bytes, memcpya.o(.text))
<BR><BR>[Called By]<UL><LI><a href="#[10f]">&gt;&gt;</a>&nbsp;&nbsp;&nbsp;Thermocouple_GetVoltage
<LI><a href="#[110]">&gt;&gt;</a>&nbsp;&nbsp;&nbsp;Thermocouple_GetTemperature
<LI><a href="#[10b]">&gt;&gt;</a>&nbsp;&nbsp;&nbsp;RTD_GetTemperature
<LI><a href="#[19d]">&gt;&gt;</a>&nbsp;&nbsp;&nbsp;CfgHandleCommTelegramm
<LI><a href="#[2e8]">&gt;&gt;</a>&nbsp;&nbsp;&nbsp;MX_FATFS_Init
<LI><a href="#[1a1]">&gt;&gt;</a>&nbsp;&nbsp;&nbsp;CfgInit
<LI><a href="#[12b]">&gt;&gt;</a>&nbsp;&nbsp;&nbsp;App_HandleLoRaRxData
<LI><a href="#[14c]">&gt;&gt;</a>&nbsp;&nbsp;&nbsp;App_RTC_StartWakeUpAlarm
<LI><a href="#[1a2]">&gt;&gt;</a>&nbsp;&nbsp;&nbsp;EEPROMReadLoRaDefaultConfig
<LI><a href="#[1a0]">&gt;&gt;</a>&nbsp;&nbsp;&nbsp;CfgSetFactoryDefault
<LI><a href="#[19f]">&gt;&gt;</a>&nbsp;&nbsp;&nbsp;CfgSaveAsFactoryDefault
<LI><a href="#[194]">&gt;&gt;</a>&nbsp;&nbsp;&nbsp;CfgDeleteFactoryDefault
</UL>

<P><STRONG><a name="[3c7]"></a>__aeabi_memcpy8</STRONG> (Thumb, 0 bytes, Stack size 0 bytes, memcpya.o(.text), UNUSED)

<P><STRONG><a name="[ce]"></a>__aeabi_memset</STRONG> (Thumb, 14 bytes, Stack size 0 bytes, memseta.o(.text))
<BR><BR>[Called By]<UL><LI><a href="#[fb]">&gt;&gt;</a>&nbsp;&nbsp;&nbsp;ADS1248_REGISTER_READ_ALL
<LI><a href="#[113]">&gt;&gt;</a>&nbsp;&nbsp;&nbsp;ADS1248_CONVERSION_READ
<LI><a href="#[1d8]">&gt;&gt;</a>&nbsp;&nbsp;&nbsp;GetIntADCSensorsImpedance
<LI><a href="#[cf]">&gt;&gt;</a>&nbsp;&nbsp;&nbsp;_memset$wrapper
<LI><a href="#[cd]">&gt;&gt;</a>&nbsp;&nbsp;&nbsp;__aeabi_memclr
</UL>

<P><STRONG><a name="[3c8]"></a>__aeabi_memset4</STRONG> (Thumb, 0 bytes, Stack size 0 bytes, memseta.o(.text), UNUSED)

<P><STRONG><a name="[3c9]"></a>__aeabi_memset8</STRONG> (Thumb, 0 bytes, Stack size 0 bytes, memseta.o(.text), UNUSED)

<P><STRONG><a name="[cd]"></a>__aeabi_memclr</STRONG> (Thumb, 4 bytes, Stack size 0 bytes, memseta.o(.text))
<BR><BR>[Calls]<UL><LI><a href="#[ce]">&gt;&gt;</a>&nbsp;&nbsp;&nbsp;__aeabi_memset
</UL>
<BR>[Called By]<UL><LI><a href="#[304]">&gt;&gt;</a>&nbsp;&nbsp;&nbsp;ReadDisk
</UL>

<P><STRONG><a name="[102]"></a>__aeabi_memclr4</STRONG> (Thumb, 0 bytes, Stack size 0 bytes, memseta.o(.text))
<BR><BR>[Called By]<UL><LI><a href="#[337]">&gt;&gt;</a>&nbsp;&nbsp;&nbsp;SystemClock_Config
<LI><a href="#[278]">&gt;&gt;</a>&nbsp;&nbsp;&nbsp;SystemClockHSI_Config
<LI><a href="#[27b]">&gt;&gt;</a>&nbsp;&nbsp;&nbsp;SystemClockHSE_Config
<LI><a href="#[282]">&gt;&gt;</a>&nbsp;&nbsp;&nbsp;HW_IOs_Init
<LI><a href="#[255]">&gt;&gt;</a>&nbsp;&nbsp;&nbsp;HAL_UART_MspDeInit
<LI><a href="#[105]">&gt;&gt;</a>&nbsp;&nbsp;&nbsp;ADS1248_Board_IO_Init
<LI><a href="#[101]">&gt;&gt;</a>&nbsp;&nbsp;&nbsp;ADS1248_Board_IO_DeInit
<LI><a href="#[aa]">&gt;&gt;</a>&nbsp;&nbsp;&nbsp;SX1272IoInit
<LI><a href="#[ab]">&gt;&gt;</a>&nbsp;&nbsp;&nbsp;SX1272IoDeInit
<LI><a href="#[b9]">&gt;&gt;</a>&nbsp;&nbsp;&nbsp;SX1272SetRx
<LI><a href="#[324]">&gt;&gt;</a>&nbsp;&nbsp;&nbsp;SX1272Reset
<LI><a href="#[1ac]">&gt;&gt;</a>&nbsp;&nbsp;&nbsp;GetHWRev
<LI><a href="#[169]">&gt;&gt;</a>&nbsp;&nbsp;&nbsp;BSP_InitIOShiftRegister_2
<LI><a href="#[168]">&gt;&gt;</a>&nbsp;&nbsp;&nbsp;BSP_InitIOShiftRegister_1
<LI><a href="#[167]">&gt;&gt;</a>&nbsp;&nbsp;&nbsp;BSP_InitBeforePowerIOShiftRegister_2
<LI><a href="#[166]">&gt;&gt;</a>&nbsp;&nbsp;&nbsp;BSP_DeInitIOShiftRegister_2
<LI><a href="#[165]">&gt;&gt;</a>&nbsp;&nbsp;&nbsp;BSP_DeInitIOShiftRegister_1
<LI><a href="#[15d]">&gt;&gt;</a>&nbsp;&nbsp;&nbsp;BSP_ButtonIrqInit
<LI><a href="#[159]">&gt;&gt;</a>&nbsp;&nbsp;&nbsp;Com_HandleTelegramm
<LI><a href="#[17d]">&gt;&gt;</a>&nbsp;&nbsp;&nbsp;BT_Do
<LI><a href="#[132]">&gt;&gt;</a>&nbsp;&nbsp;&nbsp;App_Measure
<LI><a href="#[294]">&gt;&gt;</a>&nbsp;&nbsp;&nbsp;InitUSB
<LI><a href="#[1c3]">&gt;&gt;</a>&nbsp;&nbsp;&nbsp;DeinitUSB
<LI><a href="#[12b]">&gt;&gt;</a>&nbsp;&nbsp;&nbsp;App_HandleLoRaRxData
<LI><a href="#[134]">&gt;&gt;</a>&nbsp;&nbsp;&nbsp;MEASGetUbat
<LI><a href="#[1d8]">&gt;&gt;</a>&nbsp;&nbsp;&nbsp;GetIntADCSensorsImpedance
<LI><a href="#[18e]">&gt;&gt;</a>&nbsp;&nbsp;&nbsp;CalcADC_DMA
<LI><a href="#[17e]">&gt;&gt;</a>&nbsp;&nbsp;&nbsp;BT_SetOpMode
<LI><a href="#[183]">&gt;&gt;</a>&nbsp;&nbsp;&nbsp;BT_Rx_IrqInit
<LI><a href="#[185]">&gt;&gt;</a>&nbsp;&nbsp;&nbsp;BT_Reset
<LI><a href="#[184]">&gt;&gt;</a>&nbsp;&nbsp;&nbsp;BT_IoDeInit
<LI><a href="#[196]">&gt;&gt;</a>&nbsp;&nbsp;&nbsp;CfgSetInitialDefault
</UL>

<P><STRONG><a name="[3ca]"></a>__aeabi_memclr8</STRONG> (Thumb, 0 bytes, Stack size 0 bytes, memseta.o(.text), UNUSED)

<P><STRONG><a name="[cf]"></a>_memset$wrapper</STRONG> (Thumb, 18 bytes, Stack size 8 bytes, memseta.o(.text), UNUSED)
<BR><BR>[Calls]<UL><LI><a href="#[ce]">&gt;&gt;</a>&nbsp;&nbsp;&nbsp;__aeabi_memset
</UL>

<P><STRONG><a name="[13b]"></a>strlen</STRONG> (Thumb, 14 bytes, Stack size 0 bytes, strlen.o(.text))
<BR><BR>[Called By]<UL><LI><a href="#[139]">&gt;&gt;</a>&nbsp;&nbsp;&nbsp;Log_WriteDataLine
<LI><a href="#[138]">&gt;&gt;</a>&nbsp;&nbsp;&nbsp;Log_Data
<LI><a href="#[132]">&gt;&gt;</a>&nbsp;&nbsp;&nbsp;App_Measure
<LI><a href="#[2ec]">&gt;&gt;</a>&nbsp;&nbsp;&nbsp;ReadConfigFileData
</UL>

<P><STRONG><a name="[11f]"></a>memcmp</STRONG> (Thumb, 26 bytes, Stack size 12 bytes, memcmp.o(.text))
<BR><BR>[Stack]<UL><LI>Max Depth = 12<LI>Call Chain = memcmp
</UL>
<BR>[Called By]<UL><LI><a href="#[fe]">&gt;&gt;</a>&nbsp;&nbsp;&nbsp;ADS1248_REGISTER_CompareAll
<LI><a href="#[19d]">&gt;&gt;</a>&nbsp;&nbsp;&nbsp;CfgHandleCommTelegramm
<LI><a href="#[2e8]">&gt;&gt;</a>&nbsp;&nbsp;&nbsp;MX_FATFS_Init
<LI><a href="#[12b]">&gt;&gt;</a>&nbsp;&nbsp;&nbsp;App_HandleLoRaRxData
</UL>

<P><STRONG><a name="[19b]"></a>strncmp</STRONG> (Thumb, 30 bytes, Stack size 12 bytes, strncmp.o(.text))
<BR><BR>[Stack]<UL><LI>Max Depth = 12<LI>Call Chain = strncmp
</UL>
<BR>[Called By]<UL><LI><a href="#[19d]">&gt;&gt;</a>&nbsp;&nbsp;&nbsp;CfgHandleCommTelegramm
<LI><a href="#[159]">&gt;&gt;</a>&nbsp;&nbsp;&nbsp;Com_HandleTelegramm
<LI><a href="#[2ec]">&gt;&gt;</a>&nbsp;&nbsp;&nbsp;ReadConfigFileData
<LI><a href="#[19e]">&gt;&gt;</a>&nbsp;&nbsp;&nbsp;CfgSetFromString
<LI><a href="#[19a]">&gt;&gt;</a>&nbsp;&nbsp;&nbsp;CfgGetFromString
</UL>

<P><STRONG><a name="[d0]"></a>__0sscanf</STRONG> (Thumb, 48 bytes, Stack size 72 bytes, __0sscanf.o(.text))
<BR><BR>[Stack]<UL><LI>Max Depth = 216<LI>Call Chain = __0sscanf &rArr; __vfscanf_char &rArr; __vfscanf &rArr; _scanf_int
</UL>
<BR>[Calls]<UL><LI><a href="#[d1]">&gt;&gt;</a>&nbsp;&nbsp;&nbsp;__vfscanf_char
</UL>
<BR>[Called By]<UL><LI><a href="#[159]">&gt;&gt;</a>&nbsp;&nbsp;&nbsp;Com_HandleTelegramm
</UL>

<P><STRONG><a name="[d2]"></a>_scanf_int</STRONG> (Thumb, 332 bytes, Stack size 56 bytes, _scanf_int.o(.text))
<BR><BR>[Stack]<UL><LI>Max Depth = 56<LI>Call Chain = _scanf_int
</UL>
<BR>[Calls]<UL><LI><a href="#[d3]">&gt;&gt;</a>&nbsp;&nbsp;&nbsp;_chval
</UL>
<BR>[Called By]<UL><LI><a href="#[ef]">&gt;&gt;</a>&nbsp;&nbsp;&nbsp;__vfscanf
</UL>

<P><STRONG><a name="[d4]"></a>strtol</STRONG> (Thumb, 112 bytes, Stack size 32 bytes, strtol.o(.text))
<BR><BR>[Stack]<UL><LI>Max Depth = 72<LI>Call Chain = strtol &rArr; _strtoul
</UL>
<BR>[Calls]<UL><LI><a href="#[d6]">&gt;&gt;</a>&nbsp;&nbsp;&nbsp;_strtoul
<LI><a href="#[d7]">&gt;&gt;</a>&nbsp;&nbsp;&nbsp;__aeabi_errno_addr
<LI><a href="#[d5]">&gt;&gt;</a>&nbsp;&nbsp;&nbsp;__rt_ctype_table
</UL>
<BR>[Called By]<UL><LI><a href="#[19e]">&gt;&gt;</a>&nbsp;&nbsp;&nbsp;CfgSetFromString
<LI><a href="#[d8]">&gt;&gt;</a>&nbsp;&nbsp;&nbsp;atol
</UL>

<P><STRONG><a name="[d8]"></a>atol</STRONG> (Thumb, 26 bytes, Stack size 16 bytes, atol.o(.text))
<BR><BR>[Stack]<UL><LI>Max Depth = 88<LI>Call Chain = atol &rArr; strtol &rArr; _strtoul
</UL>
<BR>[Calls]<UL><LI><a href="#[d7]">&gt;&gt;</a>&nbsp;&nbsp;&nbsp;__aeabi_errno_addr
<LI><a href="#[d4]">&gt;&gt;</a>&nbsp;&nbsp;&nbsp;strtol
</UL>
<BR>[Called By]<UL><LI><a href="#[19e]">&gt;&gt;</a>&nbsp;&nbsp;&nbsp;CfgSetFromString
<LI><a href="#[199]">&gt;&gt;</a>&nbsp;&nbsp;&nbsp;CfgGetDecValueMinMax
</UL>

<P><STRONG><a name="[d9]"></a>__aeabi_fadd</STRONG> (Thumb, 164 bytes, Stack size 16 bytes, fadd.o(.text))
<BR><BR>[Stack]<UL><LI>Max Depth = 20<LI>Call Chain = __aeabi_fadd &rArr; _float_epilogue
</UL>
<BR>[Calls]<UL><LI><a href="#[db]">&gt;&gt;</a>&nbsp;&nbsp;&nbsp;_float_round
<LI><a href="#[da]">&gt;&gt;</a>&nbsp;&nbsp;&nbsp;_float_epilogue
</UL>
<BR>[Called By]<UL><LI><a href="#[2cb]">&gt;&gt;</a>&nbsp;&nbsp;&nbsp;appBuildTxPayload
<LI><a href="#[1d8]">&gt;&gt;</a>&nbsp;&nbsp;&nbsp;GetIntADCSensorsImpedance
<LI><a href="#[dc]">&gt;&gt;</a>&nbsp;&nbsp;&nbsp;__aeabi_fsub
<LI><a href="#[dd]">&gt;&gt;</a>&nbsp;&nbsp;&nbsp;__aeabi_frsub
</UL>

<P><STRONG><a name="[dc]"></a>__aeabi_fsub</STRONG> (Thumb, 6 bytes, Stack size 0 bytes, fadd.o(.text))
<BR><BR>[Stack]<UL><LI>Max Depth = 20<LI>Call Chain = __aeabi_fsub &rArr; __aeabi_fadd &rArr; _float_epilogue
</UL>
<BR>[Calls]<UL><LI><a href="#[d9]">&gt;&gt;</a>&nbsp;&nbsp;&nbsp;__aeabi_fadd
</UL>
<BR>[Called By]<UL><LI><a href="#[333]">&gt;&gt;</a>&nbsp;&nbsp;&nbsp;Si705x_CalcTemperature
</UL>

<P><STRONG><a name="[dd]"></a>__aeabi_frsub</STRONG> (Thumb, 6 bytes, Stack size 0 bytes, fadd.o(.text), UNUSED)
<BR><BR>[Calls]<UL><LI><a href="#[d9]">&gt;&gt;</a>&nbsp;&nbsp;&nbsp;__aeabi_fadd
</UL>

<P><STRONG><a name="[112]"></a>__aeabi_fmul</STRONG> (Thumb, 100 bytes, Stack size 8 bytes, fmul.o(.text))
<BR><BR>[Stack]<UL><LI>Max Depth = 8<LI>Call Chain = __aeabi_fmul
</UL>
<BR>[Called By]<UL><LI><a href="#[10a]">&gt;&gt;</a>&nbsp;&nbsp;&nbsp;ADS1248_Board_Scale
<LI><a href="#[2cb]">&gt;&gt;</a>&nbsp;&nbsp;&nbsp;appBuildTxPayload
<LI><a href="#[136]">&gt;&gt;</a>&nbsp;&nbsp;&nbsp;MEASGetIntADCSensors
<LI><a href="#[135]">&gt;&gt;</a>&nbsp;&nbsp;&nbsp;MEASGetColdJunctionTemperature
<LI><a href="#[1d8]">&gt;&gt;</a>&nbsp;&nbsp;&nbsp;GetIntADCSensorsImpedance
<LI><a href="#[333]">&gt;&gt;</a>&nbsp;&nbsp;&nbsp;Si705x_CalcTemperature
</UL>

<P><STRONG><a name="[de]"></a>__aeabi_fdiv</STRONG> (Thumb, 124 bytes, Stack size 8 bytes, fdiv.o(.text))
<BR><BR>[Stack]<UL><LI>Max Depth = 8<LI>Call Chain = __aeabi_fdiv
</UL>
<BR>[Calls]<UL><LI><a href="#[db]">&gt;&gt;</a>&nbsp;&nbsp;&nbsp;_float_round
</UL>
<BR>[Called By]<UL><LI><a href="#[10a]">&gt;&gt;</a>&nbsp;&nbsp;&nbsp;ADS1248_Board_Scale
<LI><a href="#[139]">&gt;&gt;</a>&nbsp;&nbsp;&nbsp;Log_WriteDataLine
<LI><a href="#[136]">&gt;&gt;</a>&nbsp;&nbsp;&nbsp;MEASGetIntADCSensors
<LI><a href="#[1d8]">&gt;&gt;</a>&nbsp;&nbsp;&nbsp;GetIntADCSensorsImpedance
<LI><a href="#[18e]">&gt;&gt;</a>&nbsp;&nbsp;&nbsp;CalcADC_DMA
<LI><a href="#[333]">&gt;&gt;</a>&nbsp;&nbsp;&nbsp;Si705x_CalcTemperature
</UL>

<P><STRONG><a name="[df]"></a>__aeabi_dadd</STRONG> (Thumb, 322 bytes, Stack size 48 bytes, dadd.o(.text))
<BR><BR>[Stack]<UL><LI>Max Depth = 88<LI>Call Chain = __aeabi_dadd &rArr; _double_epilogue &rArr; _double_round
</UL>
<BR>[Calls]<UL><LI><a href="#[cb]">&gt;&gt;</a>&nbsp;&nbsp;&nbsp;__aeabi_llsl
<LI><a href="#[e0]">&gt;&gt;</a>&nbsp;&nbsp;&nbsp;__aeabi_lasr
<LI><a href="#[e2]">&gt;&gt;</a>&nbsp;&nbsp;&nbsp;_double_round
<LI><a href="#[e1]">&gt;&gt;</a>&nbsp;&nbsp;&nbsp;_double_epilogue
</UL>
<BR>[Called By]<UL><LI><a href="#[b9]">&gt;&gt;</a>&nbsp;&nbsp;&nbsp;SX1272SetRx
<LI><a href="#[b5]">&gt;&gt;</a>&nbsp;&nbsp;&nbsp;SX1272GetTimeOnAir
<LI><a href="#[e3]">&gt;&gt;</a>&nbsp;&nbsp;&nbsp;__aeabi_dsub
<LI><a href="#[320]">&gt;&gt;</a>&nbsp;&nbsp;&nbsp;round
<LI><a href="#[386]">&gt;&gt;</a>&nbsp;&nbsp;&nbsp;log10
<LI><a href="#[322]">&gt;&gt;</a>&nbsp;&nbsp;&nbsp;floor
<LI><a href="#[e4]">&gt;&gt;</a>&nbsp;&nbsp;&nbsp;__aeabi_drsub
<LI><a href="#[321]">&gt;&gt;</a>&nbsp;&nbsp;&nbsp;ceil
<LI><a href="#[374]">&gt;&gt;</a>&nbsp;&nbsp;&nbsp;__kernel_poly
<LI><a href="#[375]">&gt;&gt;</a>&nbsp;&nbsp;&nbsp;__kernel_sin
<LI><a href="#[371]">&gt;&gt;</a>&nbsp;&nbsp;&nbsp;__ieee754_rem_pio2
<LI><a href="#[3b9]">&gt;&gt;</a>&nbsp;&nbsp;&nbsp;log
<LI><a href="#[37b]">&gt;&gt;</a>&nbsp;&nbsp;&nbsp;_fp_digits
</UL>

<P><STRONG><a name="[e3]"></a>__aeabi_dsub</STRONG> (Thumb, 6 bytes, Stack size 0 bytes, dadd.o(.text))
<BR><BR>[Stack]<UL><LI>Max Depth = 88<LI>Call Chain = __aeabi_dsub &rArr; __aeabi_dadd &rArr; _double_epilogue &rArr; _double_round
</UL>
<BR>[Calls]<UL><LI><a href="#[df]">&gt;&gt;</a>&nbsp;&nbsp;&nbsp;__aeabi_dadd
</UL>
<BR>[Called By]<UL><LI><a href="#[320]">&gt;&gt;</a>&nbsp;&nbsp;&nbsp;round
<LI><a href="#[375]">&gt;&gt;</a>&nbsp;&nbsp;&nbsp;__kernel_sin
<LI><a href="#[371]">&gt;&gt;</a>&nbsp;&nbsp;&nbsp;__ieee754_rem_pio2
<LI><a href="#[3b9]">&gt;&gt;</a>&nbsp;&nbsp;&nbsp;log
<LI><a href="#[373]">&gt;&gt;</a>&nbsp;&nbsp;&nbsp;__kernel_cos
</UL>

<P><STRONG><a name="[e4]"></a>__aeabi_drsub</STRONG> (Thumb, 6 bytes, Stack size 0 bytes, dadd.o(.text))
<BR><BR>[Stack]<UL><LI>Max Depth = 88<LI>Call Chain = __aeabi_drsub &rArr; __aeabi_dadd &rArr; _double_epilogue &rArr; _double_round
</UL>
<BR>[Calls]<UL><LI><a href="#[df]">&gt;&gt;</a>&nbsp;&nbsp;&nbsp;__aeabi_dadd
</UL>
<BR>[Called By]<UL><LI><a href="#[320]">&gt;&gt;</a>&nbsp;&nbsp;&nbsp;round
<LI><a href="#[322]">&gt;&gt;</a>&nbsp;&nbsp;&nbsp;floor
<LI><a href="#[321]">&gt;&gt;</a>&nbsp;&nbsp;&nbsp;ceil
<LI><a href="#[375]">&gt;&gt;</a>&nbsp;&nbsp;&nbsp;__kernel_sin
<LI><a href="#[371]">&gt;&gt;</a>&nbsp;&nbsp;&nbsp;__ieee754_rem_pio2
<LI><a href="#[3b9]">&gt;&gt;</a>&nbsp;&nbsp;&nbsp;log
<LI><a href="#[373]">&gt;&gt;</a>&nbsp;&nbsp;&nbsp;__kernel_cos
</UL>

<P><STRONG><a name="[e5]"></a>__aeabi_dmul</STRONG> (Thumb, 228 bytes, Stack size 48 bytes, dmul.o(.text))
<BR><BR>[Stack]<UL><LI>Max Depth = 88<LI>Call Chain = __aeabi_dmul &rArr; _double_epilogue &rArr; _double_round
</UL>
<BR>[Calls]<UL><LI><a href="#[e1]">&gt;&gt;</a>&nbsp;&nbsp;&nbsp;_double_epilogue
</UL>
<BR>[Called By]<UL><LI><a href="#[10a]">&gt;&gt;</a>&nbsp;&nbsp;&nbsp;ADS1248_Board_Scale
<LI><a href="#[b9]">&gt;&gt;</a>&nbsp;&nbsp;&nbsp;SX1272SetRx
<LI><a href="#[b5]">&gt;&gt;</a>&nbsp;&nbsp;&nbsp;SX1272GetTimeOnAir
<LI><a href="#[269]">&gt;&gt;</a>&nbsp;&nbsp;&nbsp;HW_DAC_FillSinusTable
<LI><a href="#[2cb]">&gt;&gt;</a>&nbsp;&nbsp;&nbsp;appBuildTxPayload
<LI><a href="#[136]">&gt;&gt;</a>&nbsp;&nbsp;&nbsp;MEASGetIntADCSensors
<LI><a href="#[386]">&gt;&gt;</a>&nbsp;&nbsp;&nbsp;log10
<LI><a href="#[374]">&gt;&gt;</a>&nbsp;&nbsp;&nbsp;__kernel_poly
<LI><a href="#[375]">&gt;&gt;</a>&nbsp;&nbsp;&nbsp;__kernel_sin
<LI><a href="#[371]">&gt;&gt;</a>&nbsp;&nbsp;&nbsp;__ieee754_rem_pio2
<LI><a href="#[3b9]">&gt;&gt;</a>&nbsp;&nbsp;&nbsp;log
<LI><a href="#[373]">&gt;&gt;</a>&nbsp;&nbsp;&nbsp;__kernel_cos
<LI><a href="#[37b]">&gt;&gt;</a>&nbsp;&nbsp;&nbsp;_fp_digits
</UL>

<P><STRONG><a name="[e6]"></a>__aeabi_ddiv</STRONG> (Thumb, 222 bytes, Stack size 32 bytes, ddiv.o(.text))
<BR><BR>[Stack]<UL><LI>Max Depth = 40<LI>Call Chain = __aeabi_ddiv &rArr; _double_round
</UL>
<BR>[Calls]<UL><LI><a href="#[e2]">&gt;&gt;</a>&nbsp;&nbsp;&nbsp;_double_round
</UL>
<BR>[Called By]<UL><LI><a href="#[10a]">&gt;&gt;</a>&nbsp;&nbsp;&nbsp;ADS1248_Board_Scale
<LI><a href="#[b3]">&gt;&gt;</a>&nbsp;&nbsp;&nbsp;SX1272SetTxConfig
<LI><a href="#[b2]">&gt;&gt;</a>&nbsp;&nbsp;&nbsp;SX1272SetRxConfig
<LI><a href="#[b9]">&gt;&gt;</a>&nbsp;&nbsp;&nbsp;SX1272SetRx
<LI><a href="#[b5]">&gt;&gt;</a>&nbsp;&nbsp;&nbsp;SX1272GetTimeOnAir
<LI><a href="#[269]">&gt;&gt;</a>&nbsp;&nbsp;&nbsp;HW_DAC_FillSinusTable
<LI><a href="#[136]">&gt;&gt;</a>&nbsp;&nbsp;&nbsp;MEASGetIntADCSensors
<LI><a href="#[18e]">&gt;&gt;</a>&nbsp;&nbsp;&nbsp;CalcADC_DMA
<LI><a href="#[3b9]">&gt;&gt;</a>&nbsp;&nbsp;&nbsp;log
<LI><a href="#[37a]">&gt;&gt;</a>&nbsp;&nbsp;&nbsp;__mathlib_dbl_invalid
<LI><a href="#[378]">&gt;&gt;</a>&nbsp;&nbsp;&nbsp;__mathlib_dbl_divzero
<LI><a href="#[37b]">&gt;&gt;</a>&nbsp;&nbsp;&nbsp;_fp_digits
</UL>

<P><STRONG><a name="[e7]"></a>__aeabi_i2f</STRONG> (Thumb, 18 bytes, Stack size 0 bytes, fflti.o(.text))
<BR><BR>[Stack]<UL><LI>Max Depth = 4<LI>Call Chain = __aeabi_i2f &rArr; _float_epilogue
</UL>
<BR>[Calls]<UL><LI><a href="#[da]">&gt;&gt;</a>&nbsp;&nbsp;&nbsp;_float_epilogue
</UL>
<BR>[Called By]<UL><LI><a href="#[10a]">&gt;&gt;</a>&nbsp;&nbsp;&nbsp;ADS1248_Board_Scale
<LI><a href="#[139]">&gt;&gt;</a>&nbsp;&nbsp;&nbsp;Log_WriteDataLine
<LI><a href="#[136]">&gt;&gt;</a>&nbsp;&nbsp;&nbsp;MEASGetIntADCSensors
</UL>

<P><STRONG><a name="[e8]"></a>__aeabi_ui2f</STRONG> (Thumb, 10 bytes, Stack size 0 bytes, ffltui.o(.text))
<BR><BR>[Stack]<UL><LI>Max Depth = 4<LI>Call Chain = __aeabi_ui2f &rArr; _float_epilogue
</UL>
<BR>[Calls]<UL><LI><a href="#[da]">&gt;&gt;</a>&nbsp;&nbsp;&nbsp;_float_epilogue
</UL>
<BR>[Called By]<UL><LI><a href="#[139]">&gt;&gt;</a>&nbsp;&nbsp;&nbsp;Log_WriteDataLine
<LI><a href="#[136]">&gt;&gt;</a>&nbsp;&nbsp;&nbsp;MEASGetIntADCSensors
<LI><a href="#[1d8]">&gt;&gt;</a>&nbsp;&nbsp;&nbsp;GetIntADCSensorsImpedance
<LI><a href="#[333]">&gt;&gt;</a>&nbsp;&nbsp;&nbsp;Si705x_CalcTemperature
</UL>

<P><STRONG><a name="[e9]"></a>__aeabi_i2d</STRONG> (Thumb, 34 bytes, Stack size 16 bytes, dflti.o(.text))
<BR><BR>[Stack]<UL><LI>Max Depth = 56<LI>Call Chain = __aeabi_i2d &rArr; _double_epilogue &rArr; _double_round
</UL>
<BR>[Calls]<UL><LI><a href="#[e1]">&gt;&gt;</a>&nbsp;&nbsp;&nbsp;_double_epilogue
</UL>
<BR>[Called By]<UL><LI><a href="#[b9]">&gt;&gt;</a>&nbsp;&nbsp;&nbsp;SX1272SetRx
<LI><a href="#[b5]">&gt;&gt;</a>&nbsp;&nbsp;&nbsp;SX1272GetTimeOnAir
<LI><a href="#[269]">&gt;&gt;</a>&nbsp;&nbsp;&nbsp;HW_DAC_FillSinusTable
<LI><a href="#[386]">&gt;&gt;</a>&nbsp;&nbsp;&nbsp;log10
<LI><a href="#[371]">&gt;&gt;</a>&nbsp;&nbsp;&nbsp;__ieee754_rem_pio2
<LI><a href="#[3b9]">&gt;&gt;</a>&nbsp;&nbsp;&nbsp;log
</UL>

<P><STRONG><a name="[ea]"></a>__aeabi_ui2d</STRONG> (Thumb, 26 bytes, Stack size 16 bytes, dfltui.o(.text))
<BR><BR>[Stack]<UL><LI>Max Depth = 56<LI>Call Chain = __aeabi_ui2d &rArr; _double_epilogue &rArr; _double_round
</UL>
<BR>[Calls]<UL><LI><a href="#[e1]">&gt;&gt;</a>&nbsp;&nbsp;&nbsp;_double_epilogue
</UL>
<BR>[Called By]<UL><LI><a href="#[b3]">&gt;&gt;</a>&nbsp;&nbsp;&nbsp;SX1272SetTxConfig
<LI><a href="#[b2]">&gt;&gt;</a>&nbsp;&nbsp;&nbsp;SX1272SetRxConfig
<LI><a href="#[b9]">&gt;&gt;</a>&nbsp;&nbsp;&nbsp;SX1272SetRx
<LI><a href="#[b5]">&gt;&gt;</a>&nbsp;&nbsp;&nbsp;SX1272GetTimeOnAir
<LI><a href="#[18e]">&gt;&gt;</a>&nbsp;&nbsp;&nbsp;CalcADC_DMA
<LI><a href="#[371]">&gt;&gt;</a>&nbsp;&nbsp;&nbsp;__ieee754_rem_pio2
</UL>

<P><STRONG><a name="[eb]"></a>__aeabi_ul2d</STRONG> (Thumb, 24 bytes, Stack size 16 bytes, dfltul.o(.text))
<BR><BR>[Stack]<UL><LI>Max Depth = 56<LI>Call Chain = __aeabi_ul2d &rArr; _double_epilogue &rArr; _double_round
</UL>
<BR>[Calls]<UL><LI><a href="#[e1]">&gt;&gt;</a>&nbsp;&nbsp;&nbsp;_double_epilogue
</UL>
<BR>[Called By]<UL><LI><a href="#[18e]">&gt;&gt;</a>&nbsp;&nbsp;&nbsp;CalcADC_DMA
</UL>

<P><STRONG><a name="[2d5]"></a>__aeabi_f2iz</STRONG> (Thumb, 50 bytes, Stack size 0 bytes, ffixi.o(.text))
<BR><BR>[Called By]<UL><LI><a href="#[2cb]">&gt;&gt;</a>&nbsp;&nbsp;&nbsp;appBuildTxPayload
<LI><a href="#[135]">&gt;&gt;</a>&nbsp;&nbsp;&nbsp;MEASGetColdJunctionTemperature
</UL>

<P><STRONG><a name="[385]"></a>__aeabi_f2uiz</STRONG> (Thumb, 40 bytes, Stack size 0 bytes, ffixui.o(.text))
<BR><BR>[Called By]<UL><LI><a href="#[2cb]">&gt;&gt;</a>&nbsp;&nbsp;&nbsp;appBuildTxPayload
</UL>

<P><STRONG><a name="[ec]"></a>__aeabi_d2iz</STRONG> (Thumb, 62 bytes, Stack size 16 bytes, dfixi.o(.text))
<BR><BR>[Stack]<UL><LI>Max Depth = 16<LI>Call Chain = __aeabi_d2iz
</UL>
<BR>[Calls]<UL><LI><a href="#[ca]">&gt;&gt;</a>&nbsp;&nbsp;&nbsp;__aeabi_llsr
</UL>
<BR>[Called By]<UL><LI><a href="#[269]">&gt;&gt;</a>&nbsp;&nbsp;&nbsp;HW_DAC_FillSinusTable
<LI><a href="#[371]">&gt;&gt;</a>&nbsp;&nbsp;&nbsp;__ieee754_rem_pio2
<LI><a href="#[373]">&gt;&gt;</a>&nbsp;&nbsp;&nbsp;__kernel_cos
</UL>

<P><STRONG><a name="[ed]"></a>__aeabi_d2uiz</STRONG> (Thumb, 50 bytes, Stack size 8 bytes, dfixui.o(.text))
<BR><BR>[Stack]<UL><LI>Max Depth = 8<LI>Call Chain = __aeabi_d2uiz
</UL>
<BR>[Calls]<UL><LI><a href="#[ca]">&gt;&gt;</a>&nbsp;&nbsp;&nbsp;__aeabi_llsr
</UL>
<BR>[Called By]<UL><LI><a href="#[b3]">&gt;&gt;</a>&nbsp;&nbsp;&nbsp;SX1272SetTxConfig
<LI><a href="#[b2]">&gt;&gt;</a>&nbsp;&nbsp;&nbsp;SX1272SetRxConfig
<LI><a href="#[b9]">&gt;&gt;</a>&nbsp;&nbsp;&nbsp;SX1272SetRx
<LI><a href="#[b5]">&gt;&gt;</a>&nbsp;&nbsp;&nbsp;SX1272GetTimeOnAir
<LI><a href="#[2cb]">&gt;&gt;</a>&nbsp;&nbsp;&nbsp;appBuildTxPayload
</UL>

<P><STRONG><a name="[10c]"></a>__aeabi_f2d</STRONG> (Thumb, 38 bytes, Stack size 0 bytes, f2d.o(.text))
<BR><BR>[Called By]<UL><LI><a href="#[10a]">&gt;&gt;</a>&nbsp;&nbsp;&nbsp;ADS1248_Board_Scale
<LI><a href="#[2cb]">&gt;&gt;</a>&nbsp;&nbsp;&nbsp;appBuildTxPayload
<LI><a href="#[139]">&gt;&gt;</a>&nbsp;&nbsp;&nbsp;Log_WriteDataLine
<LI><a href="#[132]">&gt;&gt;</a>&nbsp;&nbsp;&nbsp;App_Measure
<LI><a href="#[136]">&gt;&gt;</a>&nbsp;&nbsp;&nbsp;MEASGetIntADCSensors
</UL>

<P><STRONG><a name="[3ba]"></a>__aeabi_cdcmpeq</STRONG> (Thumb, 0 bytes, Stack size 0 bytes, cdcmple.o(.text))
<BR><BR>[Called By]<UL><LI><a href="#[3b9]">&gt;&gt;</a>&nbsp;&nbsp;&nbsp;log
</UL>

<P><STRONG><a name="[10e]"></a>__aeabi_cdcmple</STRONG> (Thumb, 48 bytes, Stack size 0 bytes, cdcmple.o(.text))
<BR><BR>[Called By]<UL><LI><a href="#[10a]">&gt;&gt;</a>&nbsp;&nbsp;&nbsp;ADS1248_Board_Scale
<LI><a href="#[2cb]">&gt;&gt;</a>&nbsp;&nbsp;&nbsp;appBuildTxPayload
<LI><a href="#[320]">&gt;&gt;</a>&nbsp;&nbsp;&nbsp;round
</UL>

<P><STRONG><a name="[10d]"></a>__aeabi_cdrcmple</STRONG> (Thumb, 48 bytes, Stack size 0 bytes, cdrcmple.o(.text))
<BR><BR>[Called By]<UL><LI><a href="#[10a]">&gt;&gt;</a>&nbsp;&nbsp;&nbsp;ADS1248_Board_Scale
<LI><a href="#[b5]">&gt;&gt;</a>&nbsp;&nbsp;&nbsp;SX1272GetTimeOnAir
<LI><a href="#[136]">&gt;&gt;</a>&nbsp;&nbsp;&nbsp;MEASGetIntADCSensors
<LI><a href="#[320]">&gt;&gt;</a>&nbsp;&nbsp;&nbsp;round
<LI><a href="#[322]">&gt;&gt;</a>&nbsp;&nbsp;&nbsp;floor
<LI><a href="#[321]">&gt;&gt;</a>&nbsp;&nbsp;&nbsp;ceil
<LI><a href="#[37b]">&gt;&gt;</a>&nbsp;&nbsp;&nbsp;_fp_digits
</UL>

<P><STRONG><a name="[ee]"></a>__aeabi_d2f</STRONG> (Thumb, 56 bytes, Stack size 8 bytes, d2f.o(.text))
<BR><BR>[Stack]<UL><LI>Max Depth = 8<LI>Call Chain = __aeabi_d2f
</UL>
<BR>[Calls]<UL><LI><a href="#[db]">&gt;&gt;</a>&nbsp;&nbsp;&nbsp;_float_round
</UL>
<BR>[Called By]<UL><LI><a href="#[10a]">&gt;&gt;</a>&nbsp;&nbsp;&nbsp;ADS1248_Board_Scale
<LI><a href="#[136]">&gt;&gt;</a>&nbsp;&nbsp;&nbsp;MEASGetIntADCSensors
<LI><a href="#[18e]">&gt;&gt;</a>&nbsp;&nbsp;&nbsp;CalcADC_DMA
</UL>

<P><STRONG><a name="[1da]"></a>__aeabi_cfcmpeq</STRONG> (Thumb, 0 bytes, Stack size 0 bytes, cfcmple.o(.text))
<BR><BR>[Called By]<UL><LI><a href="#[1d8]">&gt;&gt;</a>&nbsp;&nbsp;&nbsp;GetIntADCSensorsImpedance
</UL>

<P><STRONG><a name="[111]"></a>__aeabi_cfcmple</STRONG> (Thumb, 20 bytes, Stack size 0 bytes, cfcmple.o(.text))
<BR><BR>[Called By]<UL><LI><a href="#[10a]">&gt;&gt;</a>&nbsp;&nbsp;&nbsp;ADS1248_Board_Scale
<LI><a href="#[136]">&gt;&gt;</a>&nbsp;&nbsp;&nbsp;MEASGetIntADCSensors
</UL>

<P><STRONG><a name="[1d9]"></a>__aeabi_cfrcmple</STRONG> (Thumb, 20 bytes, Stack size 0 bytes, cfrcmple.o(.text))
<BR><BR>[Called By]<UL><LI><a href="#[136]">&gt;&gt;</a>&nbsp;&nbsp;&nbsp;MEASGetIntADCSensors
<LI><a href="#[1d8]">&gt;&gt;</a>&nbsp;&nbsp;&nbsp;GetIntADCSensorsImpedance
</UL>

<P><STRONG><a name="[3cb]"></a>__aeabi_uidiv</STRONG> (Thumb, 0 bytes, Stack size 12 bytes, uidiv.o(.text), UNUSED)

<P><STRONG><a name="[37e]"></a>__aeabi_uidivmod</STRONG> (Thumb, 44 bytes, Stack size 12 bytes, uidiv.o(.text), UNUSED)
<BR><BR>[Called By]<UL><LI><a href="#[370]">&gt;&gt;</a>&nbsp;&nbsp;&nbsp;_printf_core
</UL>

<P><STRONG><a name="[e0]"></a>__aeabi_lasr</STRONG> (Thumb, 36 bytes, Stack size 0 bytes, llsshr.o(.text))
<BR><BR>[Called By]<UL><LI><a href="#[df]">&gt;&gt;</a>&nbsp;&nbsp;&nbsp;__aeabi_dadd
</UL>

<P><STRONG><a name="[3cc]"></a>_ll_sshift_r</STRONG> (Thumb, 0 bytes, Stack size 0 bytes, llsshr.o(.text), UNUSED)

<P><STRONG><a name="[d5]"></a>__rt_ctype_table</STRONG> (Thumb, 4 bytes, Stack size 0 bytes, ctype_o.o(.text))
<BR><BR>[Called By]<UL><LI><a href="#[7d]">&gt;&gt;</a>&nbsp;&nbsp;&nbsp;isspace
<LI><a href="#[d4]">&gt;&gt;</a>&nbsp;&nbsp;&nbsp;strtol
</UL>

<P><STRONG><a name="[7d]"></a>isspace</STRONG> (Thumb, 18 bytes, Stack size 8 bytes, isspace_o.o(.text))
<BR><BR>[Stack]<UL><LI>Max Depth = 8<LI>Call Chain = isspace
</UL>
<BR>[Calls]<UL><LI><a href="#[d5]">&gt;&gt;</a>&nbsp;&nbsp;&nbsp;__rt_ctype_table
</UL>
<BR>[Address Reference Count : 1]<UL><LI> scanf_char.o(.text)
</UL>
<P><STRONG><a name="[d3]"></a>_chval</STRONG> (Thumb, 28 bytes, Stack size 0 bytes, _chval.o(.text))
<BR><BR>[Called By]<UL><LI><a href="#[d6]">&gt;&gt;</a>&nbsp;&nbsp;&nbsp;_strtoul
<LI><a href="#[d2]">&gt;&gt;</a>&nbsp;&nbsp;&nbsp;_scanf_int
</UL>

<P><STRONG><a name="[d1]"></a>__vfscanf_char</STRONG> (Thumb, 20 bytes, Stack size 0 bytes, scanf_char.o(.text))
<BR><BR>[Stack]<UL><LI>Max Depth = 144<LI>Call Chain = __vfscanf_char &rArr; __vfscanf &rArr; _scanf_int
</UL>
<BR>[Calls]<UL><LI><a href="#[ef]">&gt;&gt;</a>&nbsp;&nbsp;&nbsp;__vfscanf
</UL>
<BR>[Called By]<UL><LI><a href="#[d0]">&gt;&gt;</a>&nbsp;&nbsp;&nbsp;__0sscanf
</UL>

<P><STRONG><a name="[7a]"></a>_sgetc</STRONG> (Thumb, 30 bytes, Stack size 0 bytes, _sgetc.o(.text))
<BR>[Address Reference Count : 1]<UL><LI> __0sscanf.o(.text)
</UL>
<P><STRONG><a name="[7b]"></a>_sbackspace</STRONG> (Thumb, 34 bytes, Stack size 0 bytes, _sgetc.o(.text))
<BR>[Address Reference Count : 1]<UL><LI> __0sscanf.o(.text)
</UL>
<P><STRONG><a name="[d6]"></a>_strtoul</STRONG> (Thumb, 158 bytes, Stack size 40 bytes, _strtoul.o(.text))
<BR><BR>[Stack]<UL><LI>Max Depth = 40<LI>Call Chain = _strtoul
</UL>
<BR>[Calls]<UL><LI><a href="#[d3]">&gt;&gt;</a>&nbsp;&nbsp;&nbsp;_chval
<LI><a href="#[d7]">&gt;&gt;</a>&nbsp;&nbsp;&nbsp;__aeabi_errno_addr
</UL>
<BR>[Called By]<UL><LI><a href="#[d4]">&gt;&gt;</a>&nbsp;&nbsp;&nbsp;strtol
</UL>

<P><STRONG><a name="[3cd]"></a>__I$use$fp</STRONG> (Thumb, 0 bytes, Stack size 0 bytes, iusefp.o(.text), UNUSED)

<P><STRONG><a name="[db]"></a>_float_round</STRONG> (Thumb, 18 bytes, Stack size 0 bytes, fepilogue.o(.text))
<BR><BR>[Called By]<UL><LI><a href="#[de]">&gt;&gt;</a>&nbsp;&nbsp;&nbsp;__aeabi_fdiv
<LI><a href="#[ee]">&gt;&gt;</a>&nbsp;&nbsp;&nbsp;__aeabi_d2f
<LI><a href="#[d9]">&gt;&gt;</a>&nbsp;&nbsp;&nbsp;__aeabi_fadd
</UL>

<P><STRONG><a name="[da]"></a>_float_epilogue</STRONG> (Thumb, 92 bytes, Stack size 4 bytes, fepilogue.o(.text))
<BR><BR>[Stack]<UL><LI>Max Depth = 4<LI>Call Chain = _float_epilogue
</UL>
<BR>[Called By]<UL><LI><a href="#[e7]">&gt;&gt;</a>&nbsp;&nbsp;&nbsp;__aeabi_i2f
<LI><a href="#[e8]">&gt;&gt;</a>&nbsp;&nbsp;&nbsp;__aeabi_ui2f
<LI><a href="#[d9]">&gt;&gt;</a>&nbsp;&nbsp;&nbsp;__aeabi_fadd
</UL>

<P><STRONG><a name="[e2]"></a>_double_round</STRONG> (Thumb, 30 bytes, Stack size 8 bytes, depilogue.o(.text))
<BR><BR>[Stack]<UL><LI>Max Depth = 8<LI>Call Chain = _double_round
</UL>
<BR>[Called By]<UL><LI><a href="#[df]">&gt;&gt;</a>&nbsp;&nbsp;&nbsp;__aeabi_dadd
<LI><a href="#[e6]">&gt;&gt;</a>&nbsp;&nbsp;&nbsp;__aeabi_ddiv
<LI><a href="#[f0]">&gt;&gt;</a>&nbsp;&nbsp;&nbsp;_dsqrt
<LI><a href="#[f1]">&gt;&gt;</a>&nbsp;&nbsp;&nbsp;_drnd
<LI><a href="#[e1]">&gt;&gt;</a>&nbsp;&nbsp;&nbsp;_double_epilogue
</UL>

<P><STRONG><a name="[e1]"></a>_double_epilogue</STRONG> (Thumb, 156 bytes, Stack size 32 bytes, depilogue.o(.text))
<BR><BR>[Stack]<UL><LI>Max Depth = 40<LI>Call Chain = _double_epilogue &rArr; _double_round
</UL>
<BR>[Calls]<UL><LI><a href="#[ca]">&gt;&gt;</a>&nbsp;&nbsp;&nbsp;__aeabi_llsr
<LI><a href="#[cb]">&gt;&gt;</a>&nbsp;&nbsp;&nbsp;__aeabi_llsl
<LI><a href="#[e2]">&gt;&gt;</a>&nbsp;&nbsp;&nbsp;_double_round
</UL>
<BR>[Called By]<UL><LI><a href="#[ea]">&gt;&gt;</a>&nbsp;&nbsp;&nbsp;__aeabi_ui2d
<LI><a href="#[df]">&gt;&gt;</a>&nbsp;&nbsp;&nbsp;__aeabi_dadd
<LI><a href="#[e9]">&gt;&gt;</a>&nbsp;&nbsp;&nbsp;__aeabi_i2d
<LI><a href="#[e5]">&gt;&gt;</a>&nbsp;&nbsp;&nbsp;__aeabi_dmul
<LI><a href="#[eb]">&gt;&gt;</a>&nbsp;&nbsp;&nbsp;__aeabi_ul2d
</UL>

<P><STRONG><a name="[372]"></a>__ARM_scalbn</STRONG> (Thumb, 46 bytes, Stack size 16 bytes, dscalb.o(.text))
<BR><BR>[Stack]<UL><LI>Max Depth = 16<LI>Call Chain = __ARM_scalbn
</UL>
<BR>[Called By]<UL><LI><a href="#[386]">&gt;&gt;</a>&nbsp;&nbsp;&nbsp;log10
<LI><a href="#[375]">&gt;&gt;</a>&nbsp;&nbsp;&nbsp;__kernel_sin
<LI><a href="#[371]">&gt;&gt;</a>&nbsp;&nbsp;&nbsp;__ieee754_rem_pio2
<LI><a href="#[3b9]">&gt;&gt;</a>&nbsp;&nbsp;&nbsp;log
<LI><a href="#[377]">&gt;&gt;</a>&nbsp;&nbsp;&nbsp;__mathlib_dbl_underflow
<LI><a href="#[379]">&gt;&gt;</a>&nbsp;&nbsp;&nbsp;__mathlib_dbl_infnan
<LI><a href="#[373]">&gt;&gt;</a>&nbsp;&nbsp;&nbsp;__kernel_cos
</UL>

<P><STRONG><a name="[3ce]"></a>scalbn</STRONG> (Thumb, 0 bytes, Stack size 16 bytes, dscalb.o(.text), UNUSED)

<P><STRONG><a name="[f0]"></a>_dsqrt</STRONG> (Thumb, 162 bytes, Stack size 32 bytes, dsqrt.o(.text))
<BR><BR>[Stack]<UL><LI>Max Depth = 40<LI>Call Chain = _dsqrt &rArr; _double_round
</UL>
<BR>[Calls]<UL><LI><a href="#[ca]">&gt;&gt;</a>&nbsp;&nbsp;&nbsp;__aeabi_llsr
<LI><a href="#[e2]">&gt;&gt;</a>&nbsp;&nbsp;&nbsp;_double_round
</UL>
<BR>[Called By]<UL><LI><a href="#[18f]">&gt;&gt;</a>&nbsp;&nbsp;&nbsp;sqrt
</UL>

<P><STRONG><a name="[f1]"></a>_drnd</STRONG> (Thumb, 132 bytes, Stack size 24 bytes, drnd.o(.text))
<BR><BR>[Stack]<UL><LI>Max Depth = 32<LI>Call Chain = _drnd &rArr; _double_round
</UL>
<BR>[Calls]<UL><LI><a href="#[ca]">&gt;&gt;</a>&nbsp;&nbsp;&nbsp;__aeabi_llsr
<LI><a href="#[cb]">&gt;&gt;</a>&nbsp;&nbsp;&nbsp;__aeabi_llsl
<LI><a href="#[e2]">&gt;&gt;</a>&nbsp;&nbsp;&nbsp;_double_round
</UL>
<BR>[Called By]<UL><LI><a href="#[320]">&gt;&gt;</a>&nbsp;&nbsp;&nbsp;round
</UL>

<P><STRONG><a name="[f2]"></a>__aeabi_d2ulz</STRONG> (Thumb, 48 bytes, Stack size 0 bytes, dfixul.o(.text), UNUSED)
<BR><BR>[Calls]<UL><LI><a href="#[ca]">&gt;&gt;</a>&nbsp;&nbsp;&nbsp;__aeabi_llsr
<LI><a href="#[cb]">&gt;&gt;</a>&nbsp;&nbsp;&nbsp;__aeabi_llsl
</UL>
<BR>[Called By]<UL><LI><a href="#[37b]">&gt;&gt;</a>&nbsp;&nbsp;&nbsp;_fp_digits
</UL>

<P><STRONG><a name="[c8]"></a>__scatterload</STRONG> (Thumb, 28 bytes, Stack size 0 bytes, init.o(.text))
<BR><BR>[Calls]<UL><LI><a href="#[f3]">&gt;&gt;</a>&nbsp;&nbsp;&nbsp;__main_after_scatterload
</UL>
<BR>[Called By]<UL><LI><a href="#[c7]">&gt;&gt;</a>&nbsp;&nbsp;&nbsp;_main_scatterload
</UL>

<P><STRONG><a name="[3cf]"></a>__scatterload_rt2</STRONG> (Thumb, 0 bytes, Stack size 0 bytes, init.o(.text), UNUSED)

<P><STRONG><a name="[ef]"></a>__vfscanf</STRONG> (Thumb, 810 bytes, Stack size 88 bytes, _scanf.o(.text))
<BR><BR>[Stack]<UL><LI>Max Depth = 144<LI>Call Chain = __vfscanf &rArr; _scanf_int
</UL>
<BR>[Calls]<UL><LI><a href="#[d2]">&gt;&gt;</a>&nbsp;&nbsp;&nbsp;_scanf_int
</UL>
<BR>[Called By]<UL><LI><a href="#[d1]">&gt;&gt;</a>&nbsp;&nbsp;&nbsp;__vfscanf_char
</UL>

<P><STRONG><a name="[3d0]"></a>__decompress</STRONG> (Thumb, 0 bytes, Stack size unknown bytes, __dczerorl2.o(.text), UNUSED)

<P><STRONG><a name="[3d1]"></a>__decompress1</STRONG> (Thumb, 86 bytes, Stack size unknown bytes, __dczerorl2.o(.text), UNUSED)

<P><STRONG><a name="[f4]"></a>ADC_ConversionStop_Disable</STRONG> (Thumb, 82 bytes, Stack size 16 bytes, stm32l1xx_hal_adc.o(i.ADC_ConversionStop_Disable))
<BR><BR>[Stack]<UL><LI>Max Depth = 16<LI>Call Chain = ADC_ConversionStop_Disable
</UL>
<BR>[Calls]<UL><LI><a href="#[f5]">&gt;&gt;</a>&nbsp;&nbsp;&nbsp;HAL_GetTick
</UL>
<BR>[Called By]<UL><LI><a href="#[1bd]">&gt;&gt;</a>&nbsp;&nbsp;&nbsp;HAL_ADC_Stop_DMA
</UL>

<P><STRONG><a name="[f9]"></a>ADC_Enable</STRONG> (Thumb, 126 bytes, Stack size 16 bytes, stm32l1xx_hal_adc.o(i.ADC_Enable))
<BR><BR>[Stack]<UL><LI>Max Depth = 16<LI>Call Chain = ADC_Enable
</UL>
<BR>[Calls]<UL><LI><a href="#[f5]">&gt;&gt;</a>&nbsp;&nbsp;&nbsp;HAL_GetTick
</UL>
<BR>[Called By]<UL><LI><a href="#[1bc]">&gt;&gt;</a>&nbsp;&nbsp;&nbsp;HAL_ADC_Start_DMA
<LI><a href="#[1e1]">&gt;&gt;</a>&nbsp;&nbsp;&nbsp;HAL_ADC_Start
</UL>

<P><STRONG><a name="[fa]"></a>ADS1148_SetupMeasure</STRONG> (Thumb, 72 bytes, Stack size 16 bytes, ads1248.o(i.ADS1148_SetupMeasure))
<BR><BR>[Stack]<UL><LI>Max Depth = 264<LI>Call Chain = ADS1148_SetupMeasure &rArr; ADS1248_REGISTER_WRITE_ALL &rArr; BSP_SleepDelayMs &rArr; TimerSetValue &rArr; TimerStop &rArr; TimerSetTimeout &rArr; App_RTC_SetAlarm &rArr; App_RTC_StartWakeUpAlarm &rArr; HW_RTC_GetCalendarValue &rArr; HW_RTC_GetCalendarValue_s &rArr; HW_RTC_GetDateTime &rArr; HAL_RTC_GetTime
</UL>
<BR>[Calls]<UL><LI><a href="#[fd]">&gt;&gt;</a>&nbsp;&nbsp;&nbsp;ADS1248_REGISTER_WRITE_ALL
<LI><a href="#[fb]">&gt;&gt;</a>&nbsp;&nbsp;&nbsp;ADS1248_REGISTER_READ_ALL
<LI><a href="#[fc]">&gt;&gt;</a>&nbsp;&nbsp;&nbsp;ADS1248_REGISTER_PrepareAll
<LI><a href="#[fe]">&gt;&gt;</a>&nbsp;&nbsp;&nbsp;ADS1248_REGISTER_CompareAll
</UL>
<BR>[Called By]<UL><LI><a href="#[137]">&gt;&gt;</a>&nbsp;&nbsp;&nbsp;MEASGetExtADCSensors
</UL>

<P><STRONG><a name="[ff]"></a>ADS1248_Board_DATA_READY_STATE_GET</STRONG> (Thumb, 20 bytes, Stack size 8 bytes, ads1248_board.o(i.ADS1248_Board_DATA_READY_STATE_GET))
<BR><BR>[Stack]<UL><LI>Max Depth = 8<LI>Call Chain = ADS1248_Board_DATA_READY_STATE_GET
</UL>
<BR>[Calls]<UL><LI><a href="#[100]">&gt;&gt;</a>&nbsp;&nbsp;&nbsp;HAL_GPIO_ReadPin
</UL>
<BR>[Called By]<UL><LI><a href="#[11d]">&gt;&gt;</a>&nbsp;&nbsp;&nbsp;ADS1248_Measure
</UL>

<P><STRONG><a name="[101]"></a>ADS1248_Board_IO_DeInit</STRONG> (Thumb, 58 bytes, Stack size 24 bytes, ads1248_board.o(i.ADS1248_Board_IO_DeInit))
<BR><BR>[Stack]<UL><LI>Max Depth = 116<LI>Call Chain = ADS1248_Board_IO_DeInit &rArr; HW_SPI3_DeInit &rArr; HAL_SPI_DeInit &rArr; HAL_SPI_MspDeInit &rArr; HW_GPIO_Init &rArr; HAL_GPIO_Init
</UL>
<BR>[Calls]<UL><LI><a href="#[104]">&gt;&gt;</a>&nbsp;&nbsp;&nbsp;HW_GPIO_Init
<LI><a href="#[103]">&gt;&gt;</a>&nbsp;&nbsp;&nbsp;HW_SPI3_DeInit
<LI><a href="#[102]">&gt;&gt;</a>&nbsp;&nbsp;&nbsp;__aeabi_memclr4
</UL>
<BR>[Called By]<UL><LI><a href="#[118]">&gt;&gt;</a>&nbsp;&nbsp;&nbsp;ADS1248_DeInit_HW
</UL>

<P><STRONG><a name="[105]"></a>ADS1248_Board_IO_Init</STRONG> (Thumb, 90 bytes, Stack size 24 bytes, ads1248_board.o(i.ADS1248_Board_IO_Init))
<BR><BR>[Stack]<UL><LI>Max Depth = 116<LI>Call Chain = ADS1248_Board_IO_Init &rArr; HW_SPI3_Init &rArr; HAL_SPI_Init &rArr; HAL_SPI_MspInit &rArr; HW_GPIO_Init &rArr; HAL_GPIO_Init
</UL>
<BR>[Calls]<UL><LI><a href="#[106]">&gt;&gt;</a>&nbsp;&nbsp;&nbsp;HAL_GPIO_WritePin
<LI><a href="#[104]">&gt;&gt;</a>&nbsp;&nbsp;&nbsp;HW_GPIO_Init
<LI><a href="#[107]">&gt;&gt;</a>&nbsp;&nbsp;&nbsp;HW_SPI3_Init
<LI><a href="#[102]">&gt;&gt;</a>&nbsp;&nbsp;&nbsp;__aeabi_memclr4
</UL>
<BR>[Called By]<UL><LI><a href="#[11a]">&gt;&gt;</a>&nbsp;&nbsp;&nbsp;ADS1248_Init_HW
</UL>

<P><STRONG><a name="[120]"></a>ADS1248_Board_REGISTER_PrepareAll</STRONG> (Thumb, 336 bytes, Stack size 0 bytes, ads1248_board.o(i.ADS1248_Board_REGISTER_PrepareAll))
<BR><BR>[Called By]<UL><LI><a href="#[fc]">&gt;&gt;</a>&nbsp;&nbsp;&nbsp;ADS1248_REGISTER_PrepareAll
</UL>

<P><STRONG><a name="[108]"></a>ADS1248_Board_RESET</STRONG> (Thumb, 24 bytes, Stack size 8 bytes, ads1248_board.o(i.ADS1248_Board_RESET))
<BR><BR>[Stack]<UL><LI>Max Depth = 8<LI>Call Chain = ADS1248_Board_RESET
</UL>
<BR>[Calls]<UL><LI><a href="#[106]">&gt;&gt;</a>&nbsp;&nbsp;&nbsp;HAL_GPIO_WritePin
</UL>
<BR>[Called By]<UL><LI><a href="#[11a]">&gt;&gt;</a>&nbsp;&nbsp;&nbsp;ADS1248_Init_HW
</UL>

<P><STRONG><a name="[109]"></a>ADS1248_Board_SPI_CS</STRONG> (Thumb, 24 bytes, Stack size 8 bytes, ads1248_board.o(i.ADS1248_Board_SPI_CS))
<BR><BR>[Stack]<UL><LI>Max Depth = 8<LI>Call Chain = ADS1248_Board_SPI_CS
</UL>
<BR>[Calls]<UL><LI><a href="#[106]">&gt;&gt;</a>&nbsp;&nbsp;&nbsp;HAL_GPIO_WritePin
</UL>
<BR>[Called By]<UL><LI><a href="#[119]">&gt;&gt;</a>&nbsp;&nbsp;&nbsp;ADS1248_Init
<LI><a href="#[116]">&gt;&gt;</a>&nbsp;&nbsp;&nbsp;ADS1248_DeInit
<LI><a href="#[118]">&gt;&gt;</a>&nbsp;&nbsp;&nbsp;ADS1248_DeInit_HW
</UL>

<P><STRONG><a name="[10a]"></a>ADS1248_Board_Scale</STRONG> (Thumb, 754 bytes, Stack size 80 bytes, ads1248_board.o(i.ADS1248_Board_Scale))
<BR><BR>[Stack]<UL><LI>Max Depth = 620<LI>Call Chain = ADS1248_Board_Scale &rArr; Thermocouple_GetTemperature &rArr; Thermocouple_MultShift24
</UL>
<BR>[Calls]<UL><LI><a href="#[e7]">&gt;&gt;</a>&nbsp;&nbsp;&nbsp;__aeabi_i2f
<LI><a href="#[112]">&gt;&gt;</a>&nbsp;&nbsp;&nbsp;__aeabi_fmul
<LI><a href="#[de]">&gt;&gt;</a>&nbsp;&nbsp;&nbsp;__aeabi_fdiv
<LI><a href="#[10c]">&gt;&gt;</a>&nbsp;&nbsp;&nbsp;__aeabi_f2d
<LI><a href="#[ee]">&gt;&gt;</a>&nbsp;&nbsp;&nbsp;__aeabi_d2f
<LI><a href="#[111]">&gt;&gt;</a>&nbsp;&nbsp;&nbsp;__aeabi_cfcmple
<LI><a href="#[10e]">&gt;&gt;</a>&nbsp;&nbsp;&nbsp;__aeabi_cdcmple
<LI><a href="#[10f]">&gt;&gt;</a>&nbsp;&nbsp;&nbsp;Thermocouple_GetVoltage
<LI><a href="#[110]">&gt;&gt;</a>&nbsp;&nbsp;&nbsp;Thermocouple_GetTemperature
<LI><a href="#[10b]">&gt;&gt;</a>&nbsp;&nbsp;&nbsp;RTD_GetTemperature
<LI><a href="#[10d]">&gt;&gt;</a>&nbsp;&nbsp;&nbsp;__aeabi_cdrcmple
<LI><a href="#[e5]">&gt;&gt;</a>&nbsp;&nbsp;&nbsp;__aeabi_dmul
<LI><a href="#[e6]">&gt;&gt;</a>&nbsp;&nbsp;&nbsp;__aeabi_ddiv
<LI><a href="#[cc]">&gt;&gt;</a>&nbsp;&nbsp;&nbsp;__aeabi_ldivmod
</UL>
<BR>[Called By]<UL><LI><a href="#[11d]">&gt;&gt;</a>&nbsp;&nbsp;&nbsp;ADS1248_Measure
<LI><a href="#[137]">&gt;&gt;</a>&nbsp;&nbsp;&nbsp;MEASGetExtADCSensors
</UL>

<P><STRONG><a name="[113]"></a>ADS1248_CONVERSION_READ</STRONG> (Thumb, 100 bytes, Stack size 32 bytes, ads1248.o(i.ADS1248_CONVERSION_READ))
<BR><BR>[Stack]<UL><LI>Max Depth = 88<LI>Call Chain = ADS1248_CONVERSION_READ &rArr; HAL_SPI_TransmitReceive &rArr; SPI_WaitOnFlagUntilTimeout
</UL>
<BR>[Calls]<UL><LI><a href="#[115]">&gt;&gt;</a>&nbsp;&nbsp;&nbsp;HAL_SPI_TransmitReceive
<LI><a href="#[114]">&gt;&gt;</a>&nbsp;&nbsp;&nbsp;HAL_SPI_Transmit
<LI><a href="#[ce]">&gt;&gt;</a>&nbsp;&nbsp;&nbsp;__aeabi_memset
</UL>
<BR>[Called By]<UL><LI><a href="#[11d]">&gt;&gt;</a>&nbsp;&nbsp;&nbsp;ADS1248_Measure
</UL>

<P><STRONG><a name="[116]"></a>ADS1248_DeInit</STRONG> (Thumb, 20 bytes, Stack size 8 bytes, ads1248.o(i.ADS1248_DeInit))
<BR><BR>[Stack]<UL><LI>Max Depth = 144<LI>Call Chain = ADS1248_DeInit &rArr; HAL_Delay &rArr; HW_RTC_DelayMs &rArr; HW_RTC_GetTimerValue &rArr; HW_RTC_GetCalendarValue &rArr; HW_RTC_GetCalendarValue_s &rArr; HW_RTC_GetDateTime &rArr; HAL_RTC_GetTime
</UL>
<BR>[Calls]<UL><LI><a href="#[117]">&gt;&gt;</a>&nbsp;&nbsp;&nbsp;HAL_Delay
<LI><a href="#[109]">&gt;&gt;</a>&nbsp;&nbsp;&nbsp;ADS1248_Board_SPI_CS
<LI><a href="#[118]">&gt;&gt;</a>&nbsp;&nbsp;&nbsp;ADS1248_DeInit_HW
</UL>
<BR>[Called By]<UL><LI><a href="#[137]">&gt;&gt;</a>&nbsp;&nbsp;&nbsp;MEASGetExtADCSensors
</UL>

<P><STRONG><a name="[119]"></a>ADS1248_Init</STRONG> (Thumb, 24 bytes, Stack size 8 bytes, ads1248.o(i.ADS1248_Init))
<BR><BR>[Stack]<UL><LI>Max Depth = 232<LI>Call Chain = ADS1248_Init &rArr; ADS1248_Init_HW &rArr; BSP_SleepDelayMs &rArr; TimerSetValue &rArr; TimerStop &rArr; TimerSetTimeout &rArr; App_RTC_SetAlarm &rArr; App_RTC_StartWakeUpAlarm &rArr; HW_RTC_GetCalendarValue &rArr; HW_RTC_GetCalendarValue_s &rArr; HW_RTC_GetDateTime &rArr; HAL_RTC_GetTime
</UL>
<BR>[Calls]<UL><LI><a href="#[117]">&gt;&gt;</a>&nbsp;&nbsp;&nbsp;HAL_Delay
<LI><a href="#[109]">&gt;&gt;</a>&nbsp;&nbsp;&nbsp;ADS1248_Board_SPI_CS
<LI><a href="#[11b]">&gt;&gt;</a>&nbsp;&nbsp;&nbsp;ADS1248_SYSCONTROL_RESET
<LI><a href="#[11a]">&gt;&gt;</a>&nbsp;&nbsp;&nbsp;ADS1248_Init_HW
</UL>
[...]
<LI><a href="#[15c]">&gt;&gt;</a>&nbsp;&nbsp;&nbsp;CDC_Transmit_FS
</UL>
<BR>[Called By]<UL><LI><a href="#[13c]">&gt;&gt;</a>&nbsp;&nbsp;&nbsp;App_TerminalSendMeasData
<LI><a href="#[158]">&gt;&gt;</a>&nbsp;&nbsp;&nbsp;App_UsbCdcProt
</UL>

<P><STRONG><a name="[193]"></a>CalculateTxInterval</STRONG> (Thumb, 54 bytes, Stack size 8 bytes, app.o(i.CalculateTxInterval))
<BR><BR>[Stack]<UL><LI>Max Depth = 16<LI>Call Chain = CalculateTxInterval &rArr; randr
</UL>
<BR>[Calls]<UL><LI><a href="#[192]">&gt;&gt;</a>&nbsp;&nbsp;&nbsp;randr
</UL>
<BR>[Called By]<UL><LI><a href="#[12c]">&gt;&gt;</a>&nbsp;&nbsp;&nbsp;RestartTxInterval
</UL>

<P><STRONG><a name="[1c3]"></a>DeinitUSB</STRONG> (Thumb, 80 bytes, Stack size 24 bytes, app.o(i.DeinitUSB))
<BR><BR>[Stack]<UL><LI>Max Depth = 68<LI>Call Chain = DeinitUSB &rArr; HW_GPIO_Init &rArr; HAL_GPIO_Init
</UL>
<BR>[Calls]<UL><LI><a href="#[104]">&gt;&gt;</a>&nbsp;&nbsp;&nbsp;HW_GPIO_Init
<LI><a href="#[149]">&gt;&gt;</a>&nbsp;&nbsp;&nbsp;LowPower_Enable
<LI><a href="#[1c4]">&gt;&gt;</a>&nbsp;&nbsp;&nbsp;USBD_DeInit
<LI><a href="#[102]">&gt;&gt;</a>&nbsp;&nbsp;&nbsp;__aeabi_memclr4
</UL>
<BR>[Called By]<UL><LI><a href="#[388]">&gt;&gt;</a>&nbsp;&nbsp;&nbsp;appDo
</UL>

<P><STRONG><a name="[294]"></a>InitUSB</STRONG> (Thumb, 106 bytes, Stack size 32 bytes, app.o(i.InitUSB))
<BR><BR>[Stack]<UL><LI>Max Depth = 144<LI>Call Chain = InitUSB &rArr; MX_USB_DEVICE_Init &rArr; USBD_Init &rArr; USBD_LL_Init &rArr; HAL_PCD_Init &rArr; HAL_PCD_MspInit &rArr; HAL_NVIC_SetPriority &rArr; NVIC_SetPriority
</UL>
<BR>[Calls]<UL><LI><a href="#[104]">&gt;&gt;</a>&nbsp;&nbsp;&nbsp;HW_GPIO_Init
<LI><a href="#[14a]">&gt;&gt;</a>&nbsp;&nbsp;&nbsp;LowPower_Disable
<LI><a href="#[295]">&gt;&gt;</a>&nbsp;&nbsp;&nbsp;MX_USB_DEVICE_Init
<LI><a href="#[102]">&gt;&gt;</a>&nbsp;&nbsp;&nbsp;__aeabi_memclr4
</UL>
<BR>[Called By]<UL><LI><a href="#[388]">&gt;&gt;</a>&nbsp;&nbsp;&nbsp;appDo
</UL>

<P><STRONG><a name="[296]"></a>LEDLoRaCtrlFSM</STRONG> (Thumb, 528 bytes, Stack size 8 bytes, app.o(i.LEDLoRaCtrlFSM))
<BR><BR>[Stack]<UL><LI>Max Depth = 216<LI>Call Chain = LEDLoRaCtrlFSM &rArr; TimerSetValue &rArr; TimerStop &rArr; TimerSetTimeout &rArr; App_RTC_SetAlarm &rArr; App_RTC_StartWakeUpAlarm &rArr; HW_RTC_GetCalendarValue &rArr; HW_RTC_GetCalendarValue_s &rArr; HW_RTC_GetDateTime &rArr; HAL_RTC_GetTime
</UL>
<BR>[Calls]<UL><LI><a href="#[179]">&gt;&gt;</a>&nbsp;&nbsp;&nbsp;TimerStart
<LI><a href="#[160]">&gt;&gt;</a>&nbsp;&nbsp;&nbsp;TimerSetValue
<LI><a href="#[299]">&gt;&gt;</a>&nbsp;&nbsp;&nbsp;lora_getModemFlags
<LI><a href="#[298]">&gt;&gt;</a>&nbsp;&nbsp;&nbsp;LoraTxRxStatus
<LI><a href="#[29c]">&gt;&gt;</a>&nbsp;&nbsp;&nbsp;SetShowLED
<LI><a href="#[29b]">&gt;&gt;</a>&nbsp;&nbsp;&nbsp;SetLEDRed
<LI><a href="#[29a]">&gt;&gt;</a>&nbsp;&nbsp;&nbsp;SetLEDGreen
<LI><a href="#[297]">&gt;&gt;</a>&nbsp;&nbsp;&nbsp;GetShowLED
<LI><a href="#[1dc]">&gt;&gt;</a>&nbsp;&nbsp;&nbsp;GetLEDRed
<LI><a href="#[1db]">&gt;&gt;</a>&nbsp;&nbsp;&nbsp;GetLEDGreen
</UL>
<BR>[Called By]<UL><LI><a href="#[388]">&gt;&gt;</a>&nbsp;&nbsp;&nbsp;appDo
</UL>

<P><STRONG><a name="[a0]"></a>OnLEDLoRaDisplayTimerEvent</STRONG> (Thumb, 16 bytes, Stack size 8 bytes, app.o(i.OnLEDLoRaDisplayTimerEvent))
<BR><BR>[Stack]<UL><LI>Max Depth = 192<LI>Call Chain = OnLEDLoRaDisplayTimerEvent &rArr; TimerStop &rArr; TimerSetTimeout &rArr; App_RTC_SetAlarm &rArr; App_RTC_StartWakeUpAlarm &rArr; HW_RTC_GetCalendarValue &rArr; HW_RTC_GetCalendarValue_s &rArr; HW_RTC_GetDateTime &rArr; HAL_RTC_GetTime
</UL>
<BR>[Calls]<UL><LI><a href="#[17f]">&gt;&gt;</a>&nbsp;&nbsp;&nbsp;TimerStop
</UL>
<BR>[Address Reference Count : 1]<UL><LI> app.o(i.appInit)
</UL>
<P><STRONG><a name="[a1]"></a>OnRefreshIWDGTimerEvent</STRONG> (Thumb, 8 bytes, Stack size 0 bytes, app.o(i.OnRefreshIWDGTimerEvent))
<BR>[Address Reference Count : 1]<UL><LI> app.o(i.appInit)
</UL>
<P><STRONG><a name="[9e]"></a>OnTxIntervalTimerEvent</STRONG> (Thumb, 14 bytes, Stack size 8 bytes, app.o(i.OnTxIntervalTimerEvent))
<BR><BR>[Stack]<UL><LI>Max Depth = 224<LI>Call Chain = OnTxIntervalTimerEvent &rArr; RestartTxInterval &rArr; TimerSetValue &rArr; TimerStop &rArr; TimerSetTimeout &rArr; App_RTC_SetAlarm &rArr; App_RTC_StartWakeUpAlarm &rArr; HW_RTC_GetCalendarValue &rArr; HW_RTC_GetCalendarValue_s &rArr; HW_RTC_GetDateTime &rArr; HAL_RTC_GetTime
</UL>
<BR>[Calls]<UL><LI><a href="#[12c]">&gt;&gt;</a>&nbsp;&nbsp;&nbsp;RestartTxInterval
</UL>
<BR>[Address Reference Count : 1]<UL><LI> app.o(i.appInit)
</UL>
<P><STRONG><a name="[9f]"></a>OnUSBTimerEvent</STRONG> (Thumb, 16 bytes, Stack size 8 bytes, app.o(i.OnUSBTimerEvent))
<BR><BR>[Stack]<UL><LI>Max Depth = 192<LI>Call Chain = OnUSBTimerEvent &rArr; TimerStop &rArr; TimerSetTimeout &rArr; App_RTC_SetAlarm &rArr; App_RTC_StartWakeUpAlarm &rArr; HW_RTC_GetCalendarValue &rArr; HW_RTC_GetCalendarValue_s &rArr; HW_RTC_GetDateTime &rArr; HAL_RTC_GetTime
</UL>
<BR>[Calls]<UL><LI><a href="#[17f]">&gt;&gt;</a>&nbsp;&nbsp;&nbsp;TimerStop
</UL>
<BR>[Address Reference Count : 1]<UL><LI> app.o(i.appInit)
</UL>
<P><STRONG><a name="[12c]"></a>RestartTxInterval</STRONG> (Thumb, 36 bytes, Stack size 8 bytes, app.o(i.RestartTxInterval))
<BR><BR>[Stack]<UL><LI>Max Depth = 216<LI>Call Chain = RestartTxInterval &rArr; TimerSetValue &rArr; TimerStop &rArr; TimerSetTimeout &rArr; App_RTC_SetAlarm &rArr; App_RTC_StartWakeUpAlarm &rArr; HW_RTC_GetCalendarValue &rArr; HW_RTC_GetCalendarValue_s &rArr; HW_RTC_GetDateTime &rArr; HAL_RTC_GetTime
</UL>
<BR>[Calls]<UL><LI><a href="#[17f]">&gt;&gt;</a>&nbsp;&nbsp;&nbsp;TimerStop
<LI><a href="#[179]">&gt;&gt;</a>&nbsp;&nbsp;&nbsp;TimerStart
<LI><a href="#[160]">&gt;&gt;</a>&nbsp;&nbsp;&nbsp;TimerSetValue
<LI><a href="#[193]">&gt;&gt;</a>&nbsp;&nbsp;&nbsp;CalculateTxInterval
</UL>
<BR>[Called By]<UL><LI><a href="#[38b]">&gt;&gt;</a>&nbsp;&nbsp;&nbsp;appInit
<LI><a href="#[9e]">&gt;&gt;</a>&nbsp;&nbsp;&nbsp;OnTxIntervalTimerEvent
<LI><a href="#[12b]">&gt;&gt;</a>&nbsp;&nbsp;&nbsp;App_HandleLoRaRxData
</UL>

<P><STRONG><a name="[2bc]"></a>Log_ShutDown</STRONG> (Thumb, 56 bytes, Stack size 16 bytes, log.o(i.Log_ShutDown))
<BR><BR>[Stack]<UL><LI>Max Depth = 232<LI>Call Chain = Log_ShutDown &rArr; BSP_SleepDelayMs &rArr; TimerSetValue &rArr; TimerStop &rArr; TimerSetTimeout &rArr; App_RTC_SetAlarm &rArr; App_RTC_StartWakeUpAlarm &rArr; HW_RTC_GetCalendarValue &rArr; HW_RTC_GetCalendarValue_s &rArr; HW_RTC_GetDateTime &rArr; HAL_RTC_GetTime
</UL>
<BR>[Calls]<UL><LI><a href="#[238]">&gt;&gt;</a>&nbsp;&nbsp;&nbsp;HAL_SD_DeInit
<LI><a href="#[11c]">&gt;&gt;</a>&nbsp;&nbsp;&nbsp;BSP_SleepDelayMs
<LI><a href="#[133]">&gt;&gt;</a>&nbsp;&nbsp;&nbsp;BSP_SystemVcc
<LI><a href="#[1cd]">&gt;&gt;</a>&nbsp;&nbsp;&nbsp;FATFS_UnLinkDriver
<LI><a href="#[2b6]">&gt;&gt;</a>&nbsp;&nbsp;&nbsp;f_mount
</UL>
<BR>[Called By]<UL><LI><a href="#[1b1]">&gt;&gt;</a>&nbsp;&nbsp;&nbsp;Log_FileOpen
<LI><a href="#[1b2]">&gt;&gt;</a>&nbsp;&nbsp;&nbsp;Log_FileDelete
<LI><a href="#[1b5]">&gt;&gt;</a>&nbsp;&nbsp;&nbsp;Log_FileClose
<LI><a href="#[2bd]">&gt;&gt;</a>&nbsp;&nbsp;&nbsp;Log_Init
<LI><a href="#[138]">&gt;&gt;</a>&nbsp;&nbsp;&nbsp;Log_Data
</UL>

<P><STRONG><a name="[198]"></a>NVIC_SystemReset</STRONG> (Thumb, 56 bytes, Stack size 0 bytes, config.o(i.NVIC_SystemReset))
<BR><BR>[Called By]<UL><LI><a href="#[19f]">&gt;&gt;</a>&nbsp;&nbsp;&nbsp;CfgSaveAsFactoryDefault
<LI><a href="#[194]">&gt;&gt;</a>&nbsp;&nbsp;&nbsp;CfgDeleteFactoryDefault
</UL>

<P><STRONG><a name="[184]"></a>BT_IoDeInit</STRONG> (Thumb, 70 bytes, Stack size 24 bytes, bt.o(i.BT_IoDeInit))
<BR><BR>[Stack]<UL><LI>Max Depth = 68<LI>Call Chain = BT_IoDeInit &rArr; HW_GPIO_Init &rArr; HAL_GPIO_Init
</UL>
<BR>[Calls]<UL><LI><a href="#[104]">&gt;&gt;</a>&nbsp;&nbsp;&nbsp;HW_GPIO_Init
<LI><a href="#[102]">&gt;&gt;</a>&nbsp;&nbsp;&nbsp;__aeabi_memclr4
</UL>
<BR>[Called By]<UL><LI><a href="#[17e]">&gt;&gt;</a>&nbsp;&nbsp;&nbsp;BT_SetOpMode
</UL>

<P><STRONG><a name="[185]"></a>BT_Reset</STRONG> (Thumb, 74 bytes, Stack size 24 bytes, bt.o(i.BT_Reset))
<BR><BR>[Stack]<UL><LI>Max Depth = 240<LI>Call Chain = BT_Reset &rArr; BSP_SleepDelayMs &rArr; TimerSetValue &rArr; TimerStop &rArr; TimerSetTimeout &rArr; App_RTC_SetAlarm &rArr; App_RTC_StartWakeUpAlarm &rArr; HW_RTC_GetCalendarValue &rArr; HW_RTC_GetCalendarValue_s &rArr; HW_RTC_GetDateTime &rArr; HAL_RTC_GetTime
</UL>
<BR>[Calls]<UL><LI><a href="#[106]">&gt;&gt;</a>&nbsp;&nbsp;&nbsp;HAL_GPIO_WritePin
<LI><a href="#[104]">&gt;&gt;</a>&nbsp;&nbsp;&nbsp;HW_GPIO_Init
<LI><a href="#[11c]">&gt;&gt;</a>&nbsp;&nbsp;&nbsp;BSP_SleepDelayMs
<LI><a href="#[102]">&gt;&gt;</a>&nbsp;&nbsp;&nbsp;__aeabi_memclr4
</UL>
<BR>[Called By]<UL><LI><a href="#[17e]">&gt;&gt;</a>&nbsp;&nbsp;&nbsp;BT_SetOpMode
</UL>

<P><STRONG><a name="[183]"></a>BT_Rx_IrqInit</STRONG> (Thumb, 68 bytes, Stack size 24 bytes, bt.o(i.BT_Rx_IrqInit))
<BR><BR>[Stack]<UL><LI>Max Depth = 232<LI>Call Chain = BT_Rx_IrqInit &rArr; TimerSetValue &rArr; TimerStop &rArr; TimerSetTimeout &rArr; App_RTC_SetAlarm &rArr; App_RTC_StartWakeUpAlarm &rArr; HW_RTC_GetCalendarValue &rArr; HW_RTC_GetCalendarValue_s &rArr; HW_RTC_GetDateTime &rArr; HAL_RTC_GetTime
</UL>
<BR>[Calls]<UL><LI><a href="#[15e]">&gt;&gt;</a>&nbsp;&nbsp;&nbsp;HW_GPIO_SetIrq
<LI><a href="#[104]">&gt;&gt;</a>&nbsp;&nbsp;&nbsp;HW_GPIO_Init
<LI><a href="#[160]">&gt;&gt;</a>&nbsp;&nbsp;&nbsp;TimerSetValue
<LI><a href="#[15f]">&gt;&gt;</a>&nbsp;&nbsp;&nbsp;TimerInit
<LI><a href="#[102]">&gt;&gt;</a>&nbsp;&nbsp;&nbsp;__aeabi_memclr4
</UL>
<BR>[Called By]<UL><LI><a href="#[181]">&gt;&gt;</a>&nbsp;&nbsp;&nbsp;BT_Init
</UL>

<P><STRONG><a name="[17e]"></a>BT_SetOpMode</STRONG> (Thumb, 128 bytes, Stack size 32 bytes, bt.o(i.BT_SetOpMode))
<BR><BR>[Stack]<UL><LI>Max Depth = 272<LI>Call Chain = BT_SetOpMode &rArr; BT_Reset &rArr; BSP_SleepDelayMs &rArr; TimerSetValue &rArr; TimerStop &rArr; TimerSetTimeout &rArr; App_RTC_SetAlarm &rArr; App_RTC_StartWakeUpAlarm &rArr; HW_RTC_GetCalendarValue &rArr; HW_RTC_GetCalendarValue_s &rArr; HW_RTC_GetDateTime &rArr; HAL_RTC_GetTime
</UL>
<BR>[Calls]<UL><LI><a href="#[106]">&gt;&gt;</a>&nbsp;&nbsp;&nbsp;HAL_GPIO_WritePin
<LI><a href="#[104]">&gt;&gt;</a>&nbsp;&nbsp;&nbsp;HW_GPIO_Init
<LI><a href="#[11c]">&gt;&gt;</a>&nbsp;&nbsp;&nbsp;BSP_SleepDelayMs
<LI><a href="#[185]">&gt;&gt;</a>&nbsp;&nbsp;&nbsp;BT_Reset
<LI><a href="#[184]">&gt;&gt;</a>&nbsp;&nbsp;&nbsp;BT_IoDeInit
<LI><a href="#[102]">&gt;&gt;</a>&nbsp;&nbsp;&nbsp;__aeabi_memclr4
</UL>
<BR>[Called By]<UL><LI><a href="#[181]">&gt;&gt;</a>&nbsp;&nbsp;&nbsp;BT_Init
<LI><a href="#[17d]">&gt;&gt;</a>&nbsp;&nbsp;&nbsp;BT_Do
</UL>

<P><STRONG><a name="[82]"></a>BT_irqHandler_Rx</STRONG> (Thumb, 40 bytes, Stack size 8 bytes, bt.o(i.BT_irqHandler_Rx))
<BR><BR>[Stack]<UL><LI>Max Depth = 200<LI>Call Chain = BT_irqHandler_Rx &rArr; TimerStart &rArr; TimerInsertNewHeadTimer &rArr; TimerSetTimeout &rArr; App_RTC_SetAlarm &rArr; App_RTC_StartWakeUpAlarm &rArr; HW_RTC_GetCalendarValue &rArr; HW_RTC_GetCalendarValue_s &rArr; HW_RTC_GetDateTime &rArr; HAL_RTC_GetTime
</UL>
<BR>[Calls]<UL><LI><a href="#[189]">&gt;&gt;</a>&nbsp;&nbsp;&nbsp;HW_GPIO_ClearIrq
<LI><a href="#[180]">&gt;&gt;</a>&nbsp;&nbsp;&nbsp;HAL_UART_Receive_IT
<LI><a href="#[17f]">&gt;&gt;</a>&nbsp;&nbsp;&nbsp;TimerStop
<LI><a href="#[179]">&gt;&gt;</a>&nbsp;&nbsp;&nbsp;TimerStart
<LI><a href="#[14a]">&gt;&gt;</a>&nbsp;&nbsp;&nbsp;LowPower_Disable
</UL>
<BR>[Address Reference Count : 2]<UL><LI> bt.o(i.BT_Rx_IrqInit)
<LI> bt.o(i.OnBTcomTimerEvent)
</UL>
<P><STRONG><a name="[83]"></a>OnBTcomTimerEvent</STRONG> (Thumb, 52 bytes, Stack size 8 bytes, bt.o(i.OnBTcomTimerEvent))
<BR><BR>[Stack]<UL><LI>Max Depth = 192<LI>Call Chain = OnBTcomTimerEvent &rArr; TimerStop &rArr; TimerSetTimeout &rArr; App_RTC_SetAlarm &rArr; App_RTC_StartWakeUpAlarm &rArr; HW_RTC_GetCalendarValue &rArr; HW_RTC_GetCalendarValue_s &rArr; HW_RTC_GetDateTime &rArr; HAL_RTC_GetTime
</UL>
<BR>[Calls]<UL><LI><a href="#[15e]">&gt;&gt;</a>&nbsp;&nbsp;&nbsp;HW_GPIO_SetIrq
<LI><a href="#[253]">&gt;&gt;</a>&nbsp;&nbsp;&nbsp;HAL_UART_DMAStop
<LI><a href="#[149]">&gt;&gt;</a>&nbsp;&nbsp;&nbsp;LowPower_Enable
<LI><a href="#[17f]">&gt;&gt;</a>&nbsp;&nbsp;&nbsp;TimerStop
</UL>
<BR>[Called By]<UL><LI><a href="#[17d]">&gt;&gt;</a>&nbsp;&nbsp;&nbsp;BT_Do
</UL>
<BR>[Address Reference Count : 1]<UL><LI> bt.o(i.BT_Rx_IrqInit)
</UL>
<P><STRONG><a name="[81]"></a>OnBTrestartTimerEvent</STRONG> (Thumb, 16 bytes, Stack size 8 bytes, bt.o(i.OnBTrestartTimerEvent))
<BR><BR>[Stack]<UL><LI>Max Depth = 192<LI>Call Chain = OnBTrestartTimerEvent &rArr; TimerStop &rArr; TimerSetTimeout &rArr; App_RTC_SetAlarm &rArr; App_RTC_StartWakeUpAlarm &rArr; HW_RTC_GetCalendarValue &rArr; HW_RTC_GetCalendarValue_s &rArr; HW_RTC_GetDateTime &rArr; HAL_RTC_GetTime
</UL>
<BR>[Calls]<UL><LI><a href="#[17f]">&gt;&gt;</a>&nbsp;&nbsp;&nbsp;TimerStop
</UL>
<BR>[Address Reference Count : 1]<UL><LI> bt.o(i.BT_Init)
</UL>
<P><STRONG><a name="[335]"></a>Si705x_CalcCrc</STRONG> (Thumb, 58 bytes, Stack size 12 bytes, si705x.o(i.Si705x_CalcCrc))
<BR><BR>[Stack]<UL><LI>Max Depth = 12<LI>Call Chain = Si705x_CalcCrc
</UL>
<BR>[Called By]<UL><LI><a href="#[334]">&gt;&gt;</a>&nbsp;&nbsp;&nbsp;Si705x_CheckCrc
</UL>

<P><STRONG><a name="[333]"></a>Si705x_CalcTemperature</STRONG> (Thumb, 42 bytes, Stack size 24 bytes, si705x.o(i.Si705x_CalcTemperature))
<BR><BR>[Stack]<UL><LI>Max Depth = 44<LI>Call Chain = Si705x_CalcTemperature &rArr; __aeabi_fsub &rArr; __aeabi_fadd &rArr; _float_epilogue
</UL>
<BR>[Calls]<UL><LI><a href="#[112]">&gt;&gt;</a>&nbsp;&nbsp;&nbsp;__aeabi_fmul
<LI><a href="#[de]">&gt;&gt;</a>&nbsp;&nbsp;&nbsp;__aeabi_fdiv
<LI><a href="#[e8]">&gt;&gt;</a>&nbsp;&nbsp;&nbsp;__aeabi_ui2f
<LI><a href="#[dc]">&gt;&gt;</a>&nbsp;&nbsp;&nbsp;__aeabi_fsub
</UL>
<BR>[Called By]<UL><LI><a href="#[2d4]">&gt;&gt;</a>&nbsp;&nbsp;&nbsp;Si705x_GetTemp
</UL>

<P><STRONG><a name="[334]"></a>Si705x_CheckCrc</STRONG> (Thumb, 34 bytes, Stack size 24 bytes, si705x.o(i.Si705x_CheckCrc))
<BR><BR>[Stack]<UL><LI>Max Depth = 36<LI>Call Chain = Si705x_CheckCrc &rArr; Si705x_CalcCrc
</UL>
<BR>[Calls]<UL><LI><a href="#[335]">&gt;&gt;</a>&nbsp;&nbsp;&nbsp;Si705x_CalcCrc
</UL>
<BR>[Called By]<UL><LI><a href="#[2d4]">&gt;&gt;</a>&nbsp;&nbsp;&nbsp;Si705x_GetTemp
</UL>

<P><STRONG><a name="[2ed]"></a>NVIC_SystemReset</STRONG> (Thumb, 56 bytes, Stack size 0 bytes, fatfs.o(i.NVIC_SystemReset))
<BR><BR>[Called By]<UL><LI><a href="#[2e8]">&gt;&gt;</a>&nbsp;&nbsp;&nbsp;MX_FATFS_Init
</UL>

<P><STRONG><a name="[26]"></a>STORAGE_GetCapacity_FS</STRONG> (Thumb, 14 bytes, Stack size 0 bytes, usbd_storage_if.o(i.STORAGE_GetCapacity_FS))
<BR>[Address Reference Count : 1]<UL><LI> usbd_storage_if.o(.data)
</UL>
<P><STRONG><a name="[2b]"></a>STORAGE_GetMaxLun_FS</STRONG> (Thumb, 4 bytes, Stack size 0 bytes, usbd_storage_if.o(i.STORAGE_GetMaxLun_FS))
<BR>[Address Reference Count : 1]<UL><LI> usbd_storage_if.o(.data)
</UL>
<P><STRONG><a name="[25]"></a>STORAGE_Init_FS</STRONG> (Thumb, 6 bytes, Stack size 0 bytes, usbd_storage_if.o(i.STORAGE_Init_FS))
<BR>[Address Reference Count : 1]<UL><LI> usbd_storage_if.o(.data)
</UL>
<P><STRONG><a name="[27]"></a>STORAGE_IsReady_FS</STRONG> (Thumb, 6 bytes, Stack size 0 bytes, usbd_storage_if.o(i.STORAGE_IsReady_FS))
<BR>[Address Reference Count : 1]<UL><LI> usbd_storage_if.o(.data)
</UL>
<P><STRONG><a name="[28]"></a>STORAGE_IsWriteProtected_FS</STRONG> (Thumb, 6 bytes, Stack size 0 bytes, usbd_storage_if.o(i.STORAGE_IsWriteProtected_FS))
<BR>[Address Reference Count : 1]<UL><LI> usbd_storage_if.o(.data)
</UL>
<P><STRONG><a name="[29]"></a>STORAGE_Read_FS</STRONG> (Thumb, 28 bytes, Stack size 24 bytes, usbd_storage_if.o(i.STORAGE_Read_FS))
<BR><BR>[Stack]<UL><LI>Max Depth = 48<LI>Call Chain = STORAGE_Read_FS &rArr; ReadDisk
</UL>
<BR>[Calls]<UL><LI><a href="#[304]">&gt;&gt;</a>&nbsp;&nbsp;&nbsp;ReadDisk
</UL>
<BR>[Address Reference Count : 1]<UL><LI> usbd_storage_if.o(.data)
</UL>
<P><STRONG><a name="[2a]"></a>STORAGE_Write_FS</STRONG> (Thumb, 28 bytes, Stack size 24 bytes, usbd_storage_if.o(i.STORAGE_Write_FS))
<BR><BR>[Stack]<UL><LI>Max Depth = 112<LI>Call Chain = STORAGE_Write_FS &rArr; WriteDisk &rArr; HAL_FLASHEx_DATAEEPROM_Program &rArr; FLASH_DATAEEPROM_ProgramWord &rArr; FLASH_WaitForLastOperation
</UL>
<BR>[Calls]<UL><LI><a href="#[31f]">&gt;&gt;</a>&nbsp;&nbsp;&nbsp;WriteDisk
</UL>
<BR>[Address Reference Count : 1]<UL><LI> usbd_storage_if.o(.data)
</UL>
<P><STRONG><a name="[33]"></a>CDC_Control_FS</STRONG> (Thumb, 96 bytes, Stack size 12 bytes, usbd_cdc_if.o(i.CDC_Control_FS))
<BR><BR>[Stack]<UL><LI>Max Depth = 12<LI>Call Chain = CDC_Control_FS
</UL>
<BR>[Address Reference Count : 1]<UL><LI> usbd_cdc_if.o(.data)
</UL>
<P><STRONG><a name="[32]"></a>CDC_DeInit_FS</STRONG> (Thumb, 4 bytes, Stack size 0 bytes, usbd_cdc_if.o(i.CDC_DeInit_FS))
<BR>[Address Reference Count : 1]<UL><LI> usbd_cdc_if.o(.data)
</UL>
<P><STRONG><a name="[31]"></a>CDC_Init_FS</STRONG> (Thumb, 24 bytes, Stack size 8 bytes, usbd_cdc_if.o(i.CDC_Init_FS))
<BR><BR>[Stack]<UL><LI>Max Depth = 16<LI>Call Chain = CDC_Init_FS &rArr; USBD_CDC_SetTxBuffer
</UL>
<BR>[Calls]<UL><LI><a href="#[18a]">&gt;&gt;</a>&nbsp;&nbsp;&nbsp;USBD_CDC_SetTxBuffer
<LI><a href="#[18b]">&gt;&gt;</a>&nbsp;&nbsp;&nbsp;USBD_CDC_SetRxBuffer
</UL>
<BR>[Address Reference Count : 1]<UL><LI> usbd_cdc_if.o(.data)
</UL>
<P><STRONG><a name="[34]"></a>CDC_Receive_FS</STRONG> (Thumb, 80 bytes, Stack size 16 bytes, usbd_cdc_if.o(i.CDC_Receive_FS))
<BR><BR>[Stack]<UL><LI>Max Depth = 76<LI>Call Chain = CDC_Receive_FS &rArr; USBD_CDC_ReceivePacket &rArr; USBD_LL_PrepareReceive &rArr; HAL_PCD_EP_Receive
</UL>
<BR>[Calls]<UL><LI><a href="#[18c]">&gt;&gt;</a>&nbsp;&nbsp;&nbsp;USBD_CDC_ReceivePacket
<LI><a href="#[121]">&gt;&gt;</a>&nbsp;&nbsp;&nbsp;__aeabi_memcpy
</UL>
<BR>[Address Reference Count : 1]<UL><LI> usbd_cdc_if.o(.data)
</UL>
<P><STRONG><a name="[37b]"></a>_fp_digits</STRONG> (Thumb, 366 bytes, Stack size 64 bytes, printfa.o(i._fp_digits), UNUSED)
<BR><BR>[Calls]<UL><LI><a href="#[df]">&gt;&gt;</a>&nbsp;&nbsp;&nbsp;__aeabi_dadd
<LI><a href="#[10d]">&gt;&gt;</a>&nbsp;&nbsp;&nbsp;__aeabi_cdrcmple
<LI><a href="#[e5]">&gt;&gt;</a>&nbsp;&nbsp;&nbsp;__aeabi_dmul
<LI><a href="#[e6]">&gt;&gt;</a>&nbsp;&nbsp;&nbsp;__aeabi_ddiv
<LI><a href="#[c9]">&gt;&gt;</a>&nbsp;&nbsp;&nbsp;__aeabi_uldivmod
<LI><a href="#[f2]">&gt;&gt;</a>&nbsp;&nbsp;&nbsp;__aeabi_d2ulz
</UL>
<BR>[Called By]<UL><LI><a href="#[370]">&gt;&gt;</a>&nbsp;&nbsp;&nbsp;_printf_core
</UL>

<P><STRONG><a name="[370]"></a>_printf_core</STRONG> (Thumb, 1704 bytes, Stack size 136 bytes, printfa.o(i._printf_core), UNUSED)
<BR><BR>[Calls]<UL><LI><a href="#[c9]">&gt;&gt;</a>&nbsp;&nbsp;&nbsp;__aeabi_uldivmod
<LI><a href="#[37e]">&gt;&gt;</a>&nbsp;&nbsp;&nbsp;__aeabi_uidivmod
<LI><a href="#[37c]">&gt;&gt;</a>&nbsp;&nbsp;&nbsp;_printf_pre_padding
<LI><a href="#[37d]">&gt;&gt;</a>&nbsp;&nbsp;&nbsp;_printf_post_padding
<LI><a href="#[37b]">&gt;&gt;</a>&nbsp;&nbsp;&nbsp;_fp_digits
</UL>
<BR>[Called By]<UL><LI><a href="#[36f]">&gt;&gt;</a>&nbsp;&nbsp;&nbsp;__0sprintf
</UL>

<P><STRONG><a name="[37d]"></a>_printf_post_padding</STRONG> (Thumb, 36 bytes, Stack size 24 bytes, printfa.o(i._printf_post_padding), UNUSED)
<BR><BR>[Called By]<UL><LI><a href="#[370]">&gt;&gt;</a>&nbsp;&nbsp;&nbsp;_printf_core
</UL>

<P><STRONG><a name="[37c]"></a>_printf_pre_padding</STRONG> (Thumb, 46 bytes, Stack size 24 bytes, printfa.o(i._printf_pre_padding), UNUSED)
<BR><BR>[Called By]<UL><LI><a href="#[370]">&gt;&gt;</a>&nbsp;&nbsp;&nbsp;_printf_core
</UL>

<P><STRONG><a name="[9d]"></a>_sputc</STRONG> (Thumb, 10 bytes, Stack size 0 bytes, printfa.o(i._sputc))
<BR><BR>[Called By]<UL><LI><a href="#[36f]">&gt;&gt;</a>&nbsp;&nbsp;&nbsp;__0sprintf
</UL>
<BR>[Address Reference Count : 1]<UL><LI> printfa.o(i.__0sprintf)
</UL>
<P><STRONG><a name="[7c]"></a>_scanf_char_input</STRONG> (Thumb, 12 bytes, Stack size 0 bytes, scanf_char.o(.text))
<BR>[Address Reference Count : 1]<UL><LI> scanf_char.o(.text)
</UL><P>
<H3>
Undefined Global Symbols
</H3><HR></body></html>
