Component: ARM Compiler 5.06 update 7 (build 960) Tool: armlink [4d3601]

==============================================================================

Section Cross References

    system_stm32l1xx.o(i.SystemCoreClockUpdate) refers to system_stm32l1xx.o(.data) for SystemCoreClock
    system_stm32l1xx.o(i.SystemCoreClockUpdate) refers to system_stm32l1xx.o(.constdata) for PLLMulTable
    startup_stm32l152xd.o(RESET) refers to startup_stm32l152xd.o(STACK) for __initial_sp
    startup_stm32l152xd.o(RESET) refers to startup_stm32l152xd.o(.text) for Reset_Handler
    startup_stm32l152xd.o(RESET) refers to stm32l1xx_it.o(i.NMI_Handler) for NMI_Handler
    startup_stm32l152xd.o(RESET) refers to stm32l1xx_it.o(i.MemManage_Handler) for MemManage_Handler
    startup_stm32l152xd.o(RESET) refers to stm32l1xx_it.o(i.BusFault_Handler) for BusFault_Handler
    startup_stm32l152xd.o(RESET) refers to stm32l1xx_it.o(i.UsageFault_Handler) for UsageFault_Handler
    startup_stm32l152xd.o(RESET) refers to stm32l1xx_it.o(i.SVC_Handler) for SVC_Handler
    startup_stm32l152xd.o(RESET) refers to stm32l1xx_it.o(i.DebugMon_Handler) for DebugMon_Handler
    startup_stm32l152xd.o(RESET) refers to stm32l1xx_it.o(i.PendSV_Handler) for PendSV_Handler
    startup_stm32l152xd.o(RESET) refers to stm32l1xx_it.o(i.SysTick_Handler) for SysTick_Handler
    startup_stm32l152xd.o(RESET) refers to stm32l1xx_it.o(i.EXTI0_IRQHandler) for EXTI0_IRQHandler
    startup_stm32l152xd.o(RESET) refers to stm32l1xx_it.o(i.EXTI1_IRQHandler) for EXTI1_IRQHandler
    startup_stm32l152xd.o(RESET) refers to stm32l1xx_it.o(i.EXTI2_IRQHandler) for EXTI2_IRQHandler
    startup_stm32l152xd.o(RESET) refers to stm32l1xx_it.o(i.EXTI3_IRQHandler) for EXTI3_IRQHandler
    startup_stm32l152xd.o(RESET) refers to stm32l1xx_it.o(i.EXTI4_IRQHandler) for EXTI4_IRQHandler
    startup_stm32l152xd.o(RESET) refers to stm32l1xx_it.o(i.DMA1_Channel2_IRQHandler) for DMA1_Channel2_IRQHandler
    startup_stm32l152xd.o(RESET) refers to stm32l1xx_it.o(i.DMA1_Channel3_IRQHandler) for DMA1_Channel3_IRQHandler
    startup_stm32l152xd.o(RESET) refers to stm32l1xx_it.o(i.USB_LP_IRQHandler) for USB_LP_IRQHandler
    startup_stm32l152xd.o(RESET) refers to stm32l1xx_it.o(i.EXTI9_5_IRQHandler) for EXTI9_5_IRQHandler
    startup_stm32l152xd.o(RESET) refers to stm32l1xx_it.o(i.USART1_IRQHandler) for USART1_IRQHandler
    startup_stm32l152xd.o(RESET) refers to stm32l1xx_it.o(i.USART3_IRQHandler) for USART3_IRQHandler
    startup_stm32l152xd.o(RESET) refers to stm32l1xx_it.o(i.EXTI15_10_IRQHandler) for EXTI15_10_IRQHandler
    startup_stm32l152xd.o(RESET) refers to stm32l1xx_it.o(i.RTC_Alarm_IRQHandler) for RTC_Alarm_IRQHandler
    startup_stm32l152xd.o(.text) refers to system_stm32l1xx.o(i.SystemInit) for SystemInit
    startup_stm32l152xd.o(.text) refers to entry.o(.ARM.Collect$$$$00000000) for __main
    stm32l1xx_hal.o(i.HAL_DeInit) refers to stm32l1xx_hal.o(i.HAL_MspDeInit) for HAL_MspDeInit
    stm32l1xx_hal.o(i.HAL_Delay) refers to stm32l1xx_hal.o(i.HAL_GetTick) for HAL_GetTick
    stm32l1xx_hal.o(i.HAL_GetTick) refers to stm32l1xx_hal.o(.data) for uwTick
    stm32l1xx_hal.o(i.HAL_IncTick) refers to stm32l1xx_hal.o(.data) for uwTick
    stm32l1xx_hal.o(i.HAL_Init) refers to stm32l1xx_hal_cortex.o(i.HAL_NVIC_SetPriorityGrouping) for HAL_NVIC_SetPriorityGrouping
    stm32l1xx_hal.o(i.HAL_Init) refers to stm32l1xx_hal_msp.o(i.HAL_InitTick) for HAL_InitTick
    stm32l1xx_hal.o(i.HAL_Init) refers to stm32l1xx_hal_msp.o(i.HAL_MspInit) for HAL_MspInit
    stm32l1xx_hal.o(i.HAL_InitTick) refers to stm32l1xx_hal_cortex.o(i.HAL_SYSTICK_Config) for HAL_SYSTICK_Config
    stm32l1xx_hal.o(i.HAL_InitTick) refers to stm32l1xx_hal_cortex.o(i.HAL_NVIC_SetPriority) for HAL_NVIC_SetPriority
    stm32l1xx_hal.o(i.HAL_InitTick) refers to system_stm32l1xx.o(.data) for SystemCoreClock
    stm32l1xx_hal_adc.o(i.ADC_ConversionStop_Disable) refers to stm32l1xx_hal.o(i.HAL_GetTick) for HAL_GetTick
    stm32l1xx_hal_adc.o(i.ADC_DMAConvCplt) refers to stm32l1xx_hal_adc.o(i.HAL_ADC_ConvCpltCallback) for HAL_ADC_ConvCpltCallback
    stm32l1xx_hal_adc.o(i.ADC_DMAError) refers to stm32l1xx_hal_adc.o(i.HAL_ADC_ErrorCallback) for HAL_ADC_ErrorCallback
    stm32l1xx_hal_adc.o(i.ADC_DMAHalfConvCplt) refers to stm32l1xx_hal_adc.o(i.HAL_ADC_ConvHalfCpltCallback) for HAL_ADC_ConvHalfCpltCallback
    stm32l1xx_hal_adc.o(i.ADC_Enable) refers to stm32l1xx_hal.o(i.HAL_GetTick) for HAL_GetTick
    stm32l1xx_hal_adc.o(i.ADC_Enable) refers to system_stm32l1xx.o(.data) for SystemCoreClock
    stm32l1xx_hal_adc.o(i.HAL_ADC_ConfigChannel) refers to system_stm32l1xx.o(.data) for SystemCoreClock
    stm32l1xx_hal_adc.o(i.HAL_ADC_DeInit) refers to stm32l1xx_hal_adc.o(i.ADC_ConversionStop_Disable) for ADC_ConversionStop_Disable
    stm32l1xx_hal_adc.o(i.HAL_ADC_DeInit) refers to stm32l1xx_hal_adc.o(i.HAL_ADC_MspDeInit) for HAL_ADC_MspDeInit
[...]
    0x0800c852   0x0800c852   0x00000002   PAD
    0x0800c854   0x0800c854   0x0000001c   Code   RO          559    i.HAL_NVIC_DisableIRQ  stm32l1xx_hal_cortex.o
    0x0800c870   0x0800c870   0x0000001a   Code   RO          560    i.HAL_NVIC_EnableIRQ  stm32l1xx_hal_cortex.o
    0x0800c88a   0x0800c88a   0x00000002   PAD
    0x0800c88c   0x0800c88c   0x00000028   Code   RO          562    i.HAL_NVIC_GetPendingIRQ  stm32l1xx_hal_cortex.o
    0x0800c8b4   0x0800c8b4   0x0000007c   Code   RO          566    i.HAL_NVIC_SetPriority  stm32l1xx_hal_cortex.o
    0x0800c930   0x0800c930   0x00000028   Code   RO          567    i.HAL_NVIC_SetPriorityGrouping  stm32l1xx_hal_cortex.o
    0x0800c958   0x0800c958   0x00000044   Code   RO         1800    i.HAL_PCDEx_PMAConfig  stm32l1xx_hal_pcd_ex.o
    0x0800c99c   0x0800c99c   0x00000024   Code   RO        10103    i.HAL_PCDEx_SetConnectionState  usbd_conf.o
    0x0800c9c0   0x0800c9c0   0x00000020   Code   RO        10105    i.HAL_PCD_DataInStageCallback  usbd_conf.o
    0x0800c9e0   0x0800c9e0   0x00000020   Code   RO        10106    i.HAL_PCD_DataOutStageCallback  usbd_conf.o
    0x0800ca00   0x0800ca00   0x00000026   Code   RO         1575    i.HAL_PCD_DeInit    stm32l1xx_hal_pcd.o
    0x0800ca26   0x0800ca26   0x000002b2   Code   RO         1579    i.HAL_PCD_EP_Close  stm32l1xx_hal_pcd.o
    0x0800ccd8   0x0800ccd8   0x00000120   Code   RO         1580    i.HAL_PCD_EP_ClrStall  stm32l1xx_hal_pcd.o
    0x0800cdf8   0x0800cdf8   0x00000006   Code   RO         1581    i.HAL_PCD_EP_Flush  stm32l1xx_hal_pcd.o
    0x0800cdfe   0x0800cdfe   0x00000018   Code   RO         1582    i.HAL_PCD_EP_GetRxCount  stm32l1xx_hal_pcd.o
    0x0800ce16   0x0800ce16   0x00000522   Code   RO         1583    i.HAL_PCD_EP_Open   stm32l1xx_hal_pcd.o
    0x0800d338   0x0800d338   0x000001b6   Code   RO         1584    i.HAL_PCD_EP_Receive  stm32l1xx_hal_pcd.o
    0x0800d4ee   0x0800d4ee   0x000000ea   Code   RO         1585    i.HAL_PCD_EP_SetStall  stm32l1xx_hal_pcd.o
    0x0800d5d8   0x0800d5d8   0x00000208   Code   RO         1586    i.HAL_PCD_EP_Transmit  stm32l1xx_hal_pcd.o
    0x0800d7e0   0x0800d7e0   0x00000164   Code   RO         1588    i.HAL_PCD_IRQHandler  stm32l1xx_hal_pcd.o
    0x0800d944   0x0800d944   0x00000116   Code   RO         1591    i.HAL_PCD_Init      stm32l1xx_hal_pcd.o
    0x0800da5a   0x0800da5a   0x00000002   PAD
    0x0800da5c   0x0800da5c   0x00000028   Code   RO        10110    i.HAL_PCD_MspDeInit  usbd_conf.o
    0x0800da84   0x0800da84   0x00000044   Code   RO        10111    i.HAL_PCD_MspInit   usbd_conf.o
    0x0800dac8   0x0800dac8   0x0000002a   Code   RO        10112    i.HAL_PCD_ResetCallback  usbd_conf.o
    0x0800daf2   0x0800daf2   0x0000000e   Code   RO        10113    i.HAL_PCD_ResumeCallback  usbd_conf.o
    0x0800db00   0x0800db00   0x0000000e   Code   RO        10114    i.HAL_PCD_SOFCallback  usbd_conf.o
    0x0800db0e   0x0800db0e   0x00000036   Code   RO         1597    i.HAL_PCD_SetAddress  stm32l1xx_hal_pcd.o
    0x0800db44   0x0800db44   0x00000012   Code   RO        10115    i.HAL_PCD_SetupStageCallback  usbd_conf.o
    0x0800db56   0x0800db56   0x00000010   Code   RO         1599    i.HAL_PCD_Start     stm32l1xx_hal_pcd.o
    0x0800db66   0x0800db66   0x0000003c   Code   RO         1600    i.HAL_PCD_Stop      stm32l1xx_hal_pcd.o
    0x0800dba2   0x0800dba2   0x00000002   PAD
    0x0800dba4   0x0800dba4   0x00000024   Code   RO        10116    i.HAL_PCD_SuspendCallback  usbd_conf.o
    0x0800dbc8   0x0800dbc8   0x00000018   Code   RO         1947    i.HAL_PWREx_EnableFastWakeUp  stm32l1xx_hal_pwr_ex.o
    0x0800dbe0   0x0800dbe0   0x00000018   Code   RO         1949    i.HAL_PWREx_EnableUltraLowPower  stm32l1xx_hal_pwr_ex.o
    0x0800dbf8   0x0800dbf8   0x00000018   Code   RO         1827    i.HAL_PWR_DisablePVD  stm32l1xx_hal_pwr.o
    0x0800dc10   0x0800dc10   0x00000034   Code   RO         1836    i.HAL_PWR_EnterSLEEPMode  stm32l1xx_hal_pwr.o
    0x0800dc44   0x0800dc44   0x00000040   Code   RO         1838    i.HAL_PWR_EnterSTOPMode  stm32l1xx_hal_pwr.o
    0x0800dc84   0x0800dc84   0x00000204   Code   RO         2118    i.HAL_RCCEx_PeriphCLKConfig  stm32l1xx_hal_rcc_ex.o
    0x0800de88   0x0800de88   0x000002e8   Code   RO         2005    i.HAL_RCC_ClockConfig  stm32l1xx_hal_rcc.o
    0x0800e170   0x0800e170   0x0000000c   Code   RO         2010    i.HAL_RCC_GetHCLKFreq  stm32l1xx_hal_rcc.o
    0x0800e17c   0x0800e17c   0x0000002c   Code   RO         2012    i.HAL_RCC_GetPCLK1Freq  stm32l1xx_hal_rcc.o
    0x0800e1a8   0x0800e1a8   0x0000002c   Code   RO         2013    i.HAL_RCC_GetPCLK2Freq  stm32l1xx_hal_rcc.o
    0x0800e1d4   0x0800e1d4   0x000000b4   Code   RO         2014    i.HAL_RCC_GetSysClockFreq  stm32l1xx_hal_rcc.o
    0x0800e288   0x0800e288   0x000009bc   Code   RO         2017    i.HAL_RCC_OscConfig  stm32l1xx_hal_rcc.o
    0x0800ec44   0x0800ec44   0x00000002   Code   RO         2285    i.HAL_RTCEx_AlarmBEventCallback  stm32l1xx_hal_rtc_ex.o
    0x0800ec46   0x0800ec46   0x00000012   Code   RO         2286    i.HAL_RTCEx_BKUPRead  stm32l1xx_hal_rtc_ex.o
    0x0800ec58   0x0800ec58   0x00000012   Code   RO         2287    i.HAL_RTCEx_BKUPWrite  stm32l1xx_hal_rtc_ex.o
    0x0800ec6a   0x0800ec6a   0x0000004e   Code   RO         2295    i.HAL_RTCEx_EnableBypassShadow  stm32l1xx_hal_rtc_ex.o
    0x0800ecb8   0x0800ecb8   0x0000000a   Code   RO         5192    i.HAL_RTC_AlarmAEventCallback  stm32l1xx_hal_msp.o
    0x0800ecc2   0x0800ecc2   0x00000002   PAD
    0x0800ecc4   0x0800ecc4   0x0000006c   Code   RO         2178    i.HAL_RTC_AlarmIRQHandler  stm32l1xx_hal_rtc.o
    0x0800ed30   0x0800ed30   0x000000f4   Code   RO         2180    i.HAL_RTC_DeactivateAlarm  stm32l1xx_hal_rtc.o
    0x0800ee24   0x0800ee24   0x0000009e   Code   RO         2323    i.HAL_RTC_GetAlarm  stm32l1xx_hal_rtc_ex.o
    0x0800eec2   0x0800eec2   0x00000002   PAD
    0x0800eec4   0x0800eec4   0x0000004c   Code   RO         2181    i.HAL_RTC_GetDate   stm32l1xx_hal_rtc.o
    0x0800ef10   0x0800ef10   0x00000068   Code   RO         2324    i.HAL_RTC_GetTime   stm32l1xx_hal_rtc_ex.o
    0x0800ef78   0x0800ef78   0x000000b4   Code   RO         2183    i.HAL_RTC_Init      stm32l1xx_hal_rtc.o
    0x0800f02c   0x0800f02c   0x00000034   Code   RO         4902    i.HAL_RTC_MspInit   hw_rtc.o
    0x0800f060   0x0800f060   0x0000022c   Code   RO         2326    i.HAL_RTC_SetAlarm_IT  stm32l1xx_hal_rtc_ex.o
    0x0800f28c   0x0800f28c   0x00000108   Code   RO         2187    i.HAL_RTC_SetDate   stm32l1xx_hal_rtc.o
    0x0800f394   0x0800f394   0x0000012c   Code   RO         2188    i.HAL_RTC_SetTime   stm32l1xx_hal_rtc.o
    0x0800f4c0   0x0800f4c0   0x00000044   Code   RO         2327    i.HAL_RTC_WaitForSynchro  stm32l1xx_hal_rtc_ex.o
    0x0800f504   0x0800f504   0x00000014   Code   RO         3769    i.HAL_SD_DeInit     stm32l1xx_hal_sd.o
    0x0800f518   0x0800f518   0x00000022   Code   RO         3772    i.HAL_SD_GetStatus  stm32l1xx_hal_sd.o
    0x0800f53a   0x0800f53a   0x000002e6   Code   RO         3773    i.HAL_SD_Get_CardInfo  stm32l1xx_hal_sd.o
    0x0800f820   0x0800f820   0x0000009a   Code   RO         3776    i.HAL_SD_Init       stm32l1xx_hal_sd.o
    0x0800f8ba   0x0800f8ba   0x00000002   PAD
    0x0800f8bc   0x0800f8bc   0x00000050   Code   RO         5438    i.HAL_SD_MspDeInit  hw_sdio.o
    0x0800f90c   0x0800f90c   0x00000078   Code   RO         5439    i.HAL_SD_MspInit    hw_sdio.o
    0x0800f984   0x0800f984   0x000001f0   Code   RO         3779    i.HAL_SD_ReadBlocks  stm32l1xx_hal_sd.o
    0x0800fb74   0x0800fb74   0x00000036   Code   RO         3782    i.HAL_SD_StopTransfer  stm32l1xx_hal_sd.o
    0x0800fbaa   0x0800fbaa   0x0000028a   Code   RO         3784    i.HAL_SD_WriteBlocks  stm32l1xx_hal_sd.o
    0x0800fe34   0x0800fe34   0x00000030   Code   RO         2564    i.HAL_SPI_DeInit    stm32l1xx_hal_spi.o
    0x0800fe64   0x0800fe64   0x00000088   Code   RO         2800    i.HAL_SPI_Init      stm32l1xx_hal_spi_ex.o
    0x0800feec   0x0800feec   0x00000114   Code   RO         5048    i.HAL_SPI_MspDeInit  hw_spi.o
    0x08010000   0x08010000   0x00000104   Code   RO         5049    i.HAL_SPI_MspInit   hw_spi.o
    0x08010104   0x08010104   0x000001c0   Code   RO         2577    i.HAL_SPI_Transmit  stm32l1xx_hal_spi.o
    0x080102c4   0x080102c4   0x0000034c   Code   RO         2578    i.HAL_SPI_TransmitReceive  stm32l1xx_hal_spi.o
    0x08010610   0x08010610   0x00000028   Code   RO          569    i.HAL_SYSTICK_CLKSourceConfig  stm32l1xx_hal_cortex.o
    0x08010638   0x08010638   0x00000034   Code   RO          571    i.HAL_SYSTICK_Config  stm32l1xx_hal_cortex.o
    0x0801066c   0x0801066c   0x00000062   Code   RO         3461    i.HAL_TIMEx_MasterConfigSynchronization  stm32l1xx_hal_tim_ex.o
    0x080106ce   0x080106ce   0x0000003c   Code   RO         2824    i.HAL_TIM_Base_DeInit  stm32l1xx_hal_tim.o
    0x0801070a   0x0801070a   0x00000034   Code   RO         2826    i.HAL_TIM_Base_Init  stm32l1xx_hal_tim.o
    0x0801073e   0x0801073e   0x00000002   PAD
    0x08010740   0x08010740   0x00000020   Code   RO         5779    i.HAL_TIM_Base_MspDeInit  hw_tim.o
    0x08010760   0x08010760   0x00000030   Code   RO         5780    i.HAL_TIM_Base_MspInit  hw_tim.o
    0x08010790   0x08010790   0x0000001e   Code   RO         2829    i.HAL_TIM_Base_Start  stm32l1xx_hal_tim.o
    0x080107ae   0x080107ae   0x0000002e   Code   RO         2832    i.HAL_TIM_Base_Stop  stm32l1xx_hal_tim.o
    0x080107dc   0x080107dc   0x0000002e   Code   RO         3501    i.HAL_UART_DMAStop  stm32l1xx_hal_uart.o
    0x0801080a   0x0801080a   0x00000044   Code   RO         3502    i.HAL_UART_DeInit   stm32l1xx_hal_uart.o
    0x0801084e   0x0801084e   0x00000002   PAD
    0x08010850   0x08010850   0x00000024   Code   RO         5193    i.HAL_UART_ErrorCallback  stm32l1xx_hal_msp.o
    0x08010874   0x08010874   0x000000da   Code   RO         3506    i.HAL_UART_IRQHandler  stm32l1xx_hal_uart.o
    0x0801094e   0x0801094e   0x0000006e   Code   RO         3507    i.HAL_UART_Init     stm32l1xx_hal_uart.o
    0x080109bc   0x080109bc   0x000000ec   Code   RO         5128    i.HAL_UART_MspDeInit  hw_uart.o
    0x08010aa8   0x08010aa8   0x00000194   Code   RO         5129    i.HAL_UART_MspInit  hw_uart.o
    0x08010c3c   0x08010c3c   0x00000086   Code   RO         3512    i.HAL_UART_Receive_IT  stm32l1xx_hal_uart.o
    0x08010cc2   0x08010cc2   0x00000002   PAD
    0x08010cc4   0x08010cc4   0x00000024   Code   RO         5194    i.HAL_UART_RxCpltCallback  stm32l1xx_hal_msp.o
    0x08010ce8   0x08010ce8   0x000000a8   Code   RO         3516    i.HAL_UART_Transmit_DMA  stm32l1xx_hal_uart.o
    0x08010d90   0x08010d90   0x00000024   Code   RO         5195    i.HAL_UART_TxCpltCallback  stm32l1xx_hal_msp.o
    0x08010db4   0x08010db4   0x00000002   Code   RO         3519    i.HAL_UART_TxHalfCpltCallback  stm32l1xx_hal_uart.o
    0x08010db6   0x08010db6   0x00000002   PAD
    0x08010db8   0x08010db8   0x0000007c   Code   RO         4655    i.HW_ADC1_Read      hw_adc.o
    0x08010e34   0x08010e34   0x00000100   Code   RO         4656    i.HW_ADC1_SingleConv_Init  hw_adc.o
    0x08010f34   0x08010f34   0x0000004c   Code   RO         4657    i.HW_ADC1_Single_DeInit  hw_adc.o
    0x08010f80   0x08010f80   0x00000054   Code   RO         4658    i.HW_ADC_MultipleConv_DeInit  hw_adc.o
    0x08010fd4   0x08010fd4   0x000001a4   Code   RO         4659    i.HW_ADC_MultipleConv_Init  hw_adc.o
    0x08011178   0x08011178   0x00000010   Code   RO         5531    i.HW_DAC_DeInit     hw_dac.o
    0x08011188   0x08011188   0x00000098   Code   RO         5532    i.HW_DAC_FillSinusTable  hw_dac.o
    0x08011220   0x08011220   0x00000040   Code   RO         5533    i.HW_DAC_Init       hw_dac.o
    0x08011260   0x08011260   0x00000028   Code   RO         5534    i.HW_DAC_Start_1kHz_1Vpp  hw_dac.o
    0x08011288   0x08011288   0x0000001c   Code   RO         5535    i.HW_DAC_Stop       hw_dac.o
    0x080112a4   0x080112a4   0x0000002c   Code   RO         4352    i.HW_DeInit         hw.o
    0x080112d0   0x080112d0   0x0000000c   Code   RO         4353    i.HW_EnterSleepMode  hw.o
    0x080112dc   0x080112dc   0x00000038   Code   RO         4354    i.HW_EnterStopMode  hw.o
    0x08011314   0x08011314   0x000000ec   Code   RO         4355    i.HW_ExitStopMode   hw.o
    0x08011400   0x08011400   0x0000002c   Code   RO         4769    i.HW_GPIO_ClearIrq  hw_gpio.o
    0x0801142c   0x0801142c   0x00000034   Code   RO         4770    i.HW_GPIO_GetBitPos  hw_gpio.o
    0x08011460   0x08011460   0x00000108   Code   RO         4771    i.HW_GPIO_Init      hw_gpio.o
    0x08011568   0x08011568   0x00000024   Code   RO         4772    i.HW_GPIO_IrqHandler  hw_gpio.o
    0x0801158c   0x0801158c   0x00000044   Code   RO         4773    i.HW_GPIO_SetIrq    hw_gpio.o
    0x080115d0   0x080115d0   0x00000008   Code   RO         4356    i.HW_GetBatteryLevel  hw.o
    0x080115d8   0x080115d8   0x00000070   Code   RO         4357    i.HW_GetChipId      hw.o
    0x08011648   0x08011648   0x0000001c   Code   RO         4358    i.HW_GetRandomSeed  hw.o
    0x08011664   0x08011664   0x00000074   Code   RO         4359    i.HW_GetUniqueId    hw.o
    0x080116d8   0x080116d8   0x0000002c   Code   RO         5482    i.HW_I2C1_DeInit    hw_i2c.o
    0x08011704   0x08011704   0x00000038   Code   RO         5483    i.HW_I2C1_Init      hw_i2c.o
    0x0801173c   0x0801173c   0x00000002   Code   RO         4827    i.HW_IOs_DeInit     hw_ios.o
    0x0801173e   0x0801173e   0x00000002   PAD
    0x08011740   0x08011740   0x000003d4   Code   RO         4828    i.HW_IOs_Init       hw_ios.o
    0x08011b14   0x08011b14   0x00000024   Code   RO         5408    i.HW_IWDG_Init      hw_iwdg.o
    0x08011b38   0x08011b38   0x00000040   Code   RO         4360    i.HW_Init           hw.o
    0x08011b78   0x08011b78   0x00000084   Code   RO         4903    i.HW_RTC_CalcCalendarValue_s  hw_rtc.o
    0x08011bfc   0x08011bfc   0x00000026   Code   RO         4904    i.HW_RTC_DelayMs    hw_rtc.o
    0x08011c22   0x08011c22   0x00000020   Code   RO         4906    i.HW_RTC_GetCalendarValue  hw_rtc.o
    0x08011c42   0x08011c42   0x00000018   Code   RO         4907    i.HW_RTC_GetCalendarValue_s  hw_rtc.o
    0x08011c5a   0x08011c5a   0x00000002   PAD
    0x08011c5c   0x08011c5c   0x00000040   Code   RO         4908    i.HW_RTC_GetDateTime  hw_rtc.o
    0x08011c9c   0x08011c9c   0x0000002c   Code   RO         4910    i.HW_RTC_GetDateTimeStampFromDateTime  hw_rtc.o
    0x08011cc8   0x08011cc8   0x0000000c   Code   RO         4911    i.HW_RTC_GetTimerContext  hw_rtc.o
    0x08011cd4   0x08011cd4   0x0000001c   Code   RO         4912    i.HW_RTC_GetTimerElapsedTime  hw_rtc.o
    0x08011cf0   0x08011cf0   0x00000014   Code   RO         4913    i.HW_RTC_GetTimerValue  hw_rtc.o
    0x08011d04   0x08011d04   0x00000024   Code   RO         4914    i.HW_RTC_Init       hw_rtc.o
    0x08011d28   0x08011d28   0x00000014   Code   RO         4915    i.HW_RTC_SetAlarmConfig  hw_rtc.o
    0x08011d3c   0x08011d3c   0x00000084   Code   RO         4916    i.HW_RTC_SetConfig  hw_rtc.o
    0x08011dc0   0x08011dc0   0x0000001c   Code   RO         4918    i.HW_RTC_SetTimerContext  hw_rtc.o
    0x08011ddc   0x08011ddc   0x00000018   Code   RO         4919    i.HW_RTC_Tick2ms    hw_rtc.o
    0x08011df4   0x08011df4   0x00000018   Code   RO         4920    i.HW_RTC_ms2Tick    hw_rtc.o
    0x08011e0c   0x08011e0c   0x00000064   Code   RO         4829    i.HW_RadioIoInit_Analog  hw_ios.o
    0x08011e70   0x08011e70   0x00000024   Code   RO         5440    i.HW_SDIO_SD_Init   hw_sdio.o
    0x08011e94   0x08011e94   0x0000002c   Code   RO         5050    i.HW_SPI2_DeInit    hw_spi.o
    0x08011ec0   0x08011ec0   0x00000020   Code   RO         5051    i.HW_SPI2_InOut     hw_spi.o
    0x08011ee0   0x08011ee0   0x00000050   Code   RO         5052    i.HW_SPI2_Init      hw_spi.o
    0x08011f30   0x08011f30   0x0000002c   Code   RO         5053    i.HW_SPI3_DeInit    hw_spi.o
    0x08011f5c   0x08011f5c   0x00000054   Code   RO         5055    i.HW_SPI3_Init      hw_spi.o
    0x08011fb0   0x08011fb0   0x00000010   Code   RO         5784    i.HW_TIM6_DeInit    hw_tim.o
    0x08011fc0   0x08011fc0   0x00000050   Code   RO         5785    i.HW_TIM6_Init      hw_tim.o
    0x08012010   0x08012010   0x00000010   Code   RO         5130    i.HW_UART1_DeInit   hw_uart.o
    0x08012020   0x08012020   0x00000038   Code   RO         5131    i.HW_UART1_Init     hw_uart.o
    0x08012058   0x08012058   0x00000038   Code   RO         5133    i.HW_UART3_Init     hw_uart.o
    0x08012090   0x08012090   0x00000034   Code   RO         1185    i.I2C_IsAcknowledgeFailed  stm32l1xx_hal_i2c.o
    0x080120c4   0x080120c4   0x00000158   Code   RO         1195    i.I2C_RequestMemoryRead  stm32l1xx_hal_i2c.o
    0x0801221c   0x0801221c   0x0000007c   Code   RO         1205    i.I2C_WaitOnFlagUntilTimeout  stm32l1xx_hal_i2c.o
    0x08012298   0x08012298   0x000000ac   Code   RO         1206    i.I2C_WaitOnMasterAddressFlagUntilTimeout  stm32l1xx_hal_i2c.o
    0x08012344   0x08012344   0x0000006e   Code   RO         1207    i.I2C_WaitOnRXNEFlagUntilTimeout  stm32l1xx_hal_i2c.o
    0x080123b2   0x080123b2   0x00000056   Code   RO         1209    i.I2C_WaitOnTXEFlagUntilTimeout  stm32l1xx_hal_i2c.o
    0x08012408   0x08012408   0x00000078   Code   RO         9124    i.InitUSB           app.o
    0x08012480   0x08012480   0x00000014   Code   RO         8562    i.IsDeviceClassC    loramodem.o
    0x08012494   0x08012494   0x00000220   Code   RO         9125    i.LEDLoRaCtrlFSM    app.o
    0x080126b4   0x080126b4   0x00000006   Code   RO         6681    i.LimitTxPower      loramac.o
    0x080126ba   0x080126ba   0x00000054   Code   RO         8563    i.LoRaGetAndCalcRssiSnr  loramodem.o
    0x0801270e   0x0801270e   0x00000002   PAD
    0x08012710   0x08012710   0x0000019c   Code   RO         6682    i.LoRaMacChannelAdd  loramac.o
    0x080128ac   0x080128ac   0x0000005c   Code   RO         6683    i.LoRaMacChannelRemove  loramac.o
    0x08012908   0x08012908   0x00000094   Code   RO         6944    i.LoRaMacComputeMic  loramaccrypto.o
    0x0801299c   0x0801299c   0x000001a4   Code   RO         6684    i.LoRaMacInitialization  loramac.o
    0x08012b40   0x08012b40   0x00000058   Code   RO         6945    i.LoRaMacJoinComputeMic  loramaccrypto.o
    0x08012b98   0x08012b98   0x00000094   Code   RO         6946    i.LoRaMacJoinComputeSKeys  loramaccrypto.o
    0x08012c2c   0x08012c2c   0x00000044   Code   RO         6947    i.LoRaMacJoinDecrypt  loramaccrypto.o
    0x08012c70   0x08012c70   0x00000150   Code   RO         6685    i.LoRaMacMcpsRequest  loramac.o
    0x08012dc0   0x08012dc0   0x00000130   Code   RO         6686    i.LoRaMacMibGetRequestConfirm  loramac.o
    0x08012ef0   0x08012ef0   0x000001e8   Code   RO         6687    i.LoRaMacMibSetRequestConfirm  loramac.o
    0x080130d8   0x080130d8   0x00000114   Code   RO         6688    i.LoRaMacMlmeRequest  loramac.o
    0x080131ec   0x080131ec   0x00000028   Code   RO         6948    i.LoRaMacPayloadDecrypt  loramaccrypto.o
    0x08013214   0x08013214   0x000000e0   Code   RO         6949    i.LoRaMacPayloadEncrypt  loramaccrypto.o
    0x080132f4   0x080132f4   0x00000088   Code   RO         6691    i.LoRaMacQueryMaxPayloadSize  loramac.o
    0x0801337c   0x0801337c   0x000000a0   Code   RO         6692    i.LoRaMacQueryTxPossible  loramac.o
    0x0801341c   0x0801341c   0x0000000c   Code   RO         6694    i.LoRaMacTestSetDutyCycleOn  loramac.o
    0x08013428   0x08013428   0x000001dc   Code   RO         9369    i.Log_Data          log.o
    0x08013604   0x08013604   0x00000020   Code   RO         9370    i.Log_FileClose     log.o
    0x08013624   0x08013624   0x000000ac   Code   RO         9371    i.Log_FileDelete    log.o
    0x080136d0   0x080136d0   0x00000028   Code   RO         9372    i.Log_FileGetSize   log.o
    0x080136f8   0x080136f8   0x000000a4   Code   RO         9373    i.Log_FileOpen      log.o
    0x0801379c   0x0801379c   0x00000020   Code   RO         9374    i.Log_FileRead      log.o
    0x080137bc   0x080137bc   0x00000024   Code   RO         9375    i.Log_GetFullFilename  log.o
    0x080137e0   0x080137e0   0x000000ac   Code   RO         9376    i.Log_Init          log.o
    0x0801388c   0x0801388c   0x00000044   Code   RO         9377    i.Log_ShutDown      log.o
    0x080138d0   0x080138d0   0x0000025c   Code   RO         9378    i.Log_WriteDataLine  log.o
    0x08013b2c   0x08013b2c   0x00000020   Code   RO         8564    i.LoraDo            loramodem.o
    0x08013b4c   0x08013b4c   0x0000000c   Code   RO         8565    i.LoraGetMaxPayloadSize  loramodem.o
    0x08013b58   0x08013b58   0x0000000c   Code   RO         8566    i.LoraGetRxPort     loramodem.o
    0x08013b64   0x08013b64   0x0000000c   Code   RO         8567    i.LoraGetTxPort     loramodem.o
    0x08013b70   0x08013b70   0x00000020   Code   RO         8568    i.LoraHasTxEvents   loramodem.o
    0x08013b90   0x08013b90   0x00000070   Code   RO         8569    i.LoraInit          loramodem.o
    0x08013c00   0x08013c00   0x00000020   Code   RO         8570    i.LoraOFF           loramodem.o
    0x08013c20   0x08013c20   0x00000014   Code   RO         8571    i.LoraON            loramodem.o
    0x08013c34   0x08013c34   0x0000000c   Code   RO         8572    i.LoraRxData        loramodem.o
    0x08013c40   0x08013c40   0x00000028   Code   RO         8573    i.LoraSetConfigDefault  loramodem.o
    0x08013c68   0x08013c68   0x00000020   Code   RO         8574    i.LoraSetPorts      loramodem.o
    0x08013c88   0x08013c88   0x00000014   Code   RO         8575    i.LoraTxData        loramodem.o
    0x08013c9c   0x08013c9c   0x00000020   Code   RO         8576    i.LoraTxMessageSet  loramodem.o
    0x08013cbc   0x08013cbc   0x00000050   Code   RO         8577    i.LoraTxRxStart     loramodem.o
    0x08013d0c   0x08013d0c   0x0000000c   Code   RO         8578    i.LoraTxRxStatus    loramodem.o
    0x08013d18   0x08013d18   0x00000024   Code   RO         8724    i.LowPower_Disable  low_power.o
    0x08013d3c   0x08013d3c   0x00000024   Code   RO         8725    i.LowPower_Enable   low_power.o
    0x08013d60   0x08013d60   0x0000000c   Code   RO         8726    i.LowPower_GetState  low_power.o
    0x08013d6c   0x08013d6c   0x00000020   Code   RO         8727    i.LowPower_Handler  low_power.o
    0x08013d8c   0x08013d8c   0x0000005c   Code   RO         8778    i.MEASGetADCmV      meas.o
    0x08013de8   0x08013de8   0x0000003c   Code   RO         8779    i.MEASGetBatteryLevel  meas.o
    0x08013e24   0x08013e24   0x00000054   Code   RO         8780    i.MEASGetColdJunctionTemperature  meas.o
    0x08013e78   0x08013e78   0x000003b0   Code   RO         8781    i.MEASGetExtADCSensors  meas.o
    0x08014228   0x08014228   0x00000448   Code   RO         8782    i.MEASGetIntADCSensors  meas.o
    0x08014670   0x08014670   0x00000088   Code   RO         8783    i.MEASGetUbat       meas.o
    0x080146f8   0x080146f8   0x00000042   Code   RO         7475    i.MSC_BOT_Abort     usbd_msc_bot.o
    0x0801473a   0x0801473a   0x00000002   PAD
    0x0801473c   0x0801473c   0x000000d0   Code   RO         7476    i.MSC_BOT_CBW_Decode  usbd_msc_bot.o
    0x0801480c   0x0801480c   0x00000036   Code   RO         7477    i.MSC_BOT_CplClrFeature  usbd_msc_bot.o
    0x08014842   0x08014842   0x0000004a   Code   RO         7478    i.MSC_BOT_DataIn    usbd_msc_bot.o
    0x0801488c   0x0801488c   0x00000040   Code   RO         7479    i.MSC_BOT_DataOut   usbd_msc_bot.o
    0x080148cc   0x080148cc   0x0000000a   Code   RO         7480    i.MSC_BOT_DeInit    usbd_msc_bot.o
    0x080148d6   0x080148d6   0x00000040   Code   RO         7481    i.MSC_BOT_Init      usbd_msc_bot.o
    0x08014916   0x08014916   0x00000020   Code   RO         7482    i.MSC_BOT_Reset     usbd_msc_bot.o
    0x08014936   0x08014936   0x00000002   PAD
    0x08014938   0x08014938   0x0000003c   Code   RO         7483    i.MSC_BOT_SendCSW   usbd_msc_bot.o
    0x08014974   0x08014974   0x0000004c   Code   RO         7484    i.MSC_BOT_SendData  usbd_msc_bot.o
    0x080149c0   0x080149c0   0x00000090   Code   RO         4774    i.MSP_GetIRQn       hw_gpio.o
    0x08014a50   0x08014a50   0x0000017c   Code   RO         9973    i.MX_FATFS_Init     fatfs.o
    0x08014bcc   0x08014bcc   0x00000058   Code   RO        10054    i.MX_USB_DEVICE_Init  usb_device.o
    0x08014c24   0x08014c24   0x000000a4   Code   RO         6415    i.McpsConfirm       lora.o
    0x08014cc8   0x08014cc8   0x00000238   Code   RO         6416    i.McpsIndication    lora.o
    0x08014f00   0x08014f00   0x00000004   Code   RO         5271    i.MemManage_Handler  stm32l1xx_it.o
    0x08014f04   0x08014f04   0x00000048   Code   RO         6417    i.MlmeConfirm       lora.o
    0x08014f4c   0x08014f4c   0x00000002   Code   RO         5272    i.NMI_Handler       stm32l1xx_it.o
    0x08014f4e   0x08014f4e   0x00000002   PAD
    0x08014f50   0x08014f50   0x00000010   Code   RO          573    i.NVIC_GetPriorityGrouping  stm32l1xx_hal_cortex.o
    0x08014f60   0x08014f60   0x00000028   Code   RO          574    i.NVIC_SetPriority  stm32l1xx_hal_cortex.o
    0x08014f88   0x08014f88   0x00000040   Code   RO         9498    i.NVIC_SystemReset  config.o
    0x08014fc8   0x08014fc8   0x00000040   Code   RO         9974    i.NVIC_SystemReset  fatfs.o
    0x08015008   0x08015008   0x00000050   Code   RO         6696    i.OnAckTimeoutTimerEvent  loramac.o
    0x08015058   0x08015058   0x0000004c   Code   RO         9619    i.OnBTcomTimerEvent  bt.o
    0x080150a4   0x080150a4   0x00000018   Code   RO         9620    i.OnBTrestartTimerEvent  bt.o
    0x080150bc   0x080150bc   0x00000018   Code   RO         8318    i.OnDelayTimerEvent  bsp.o
    0x080150d4   0x080150d4   0x0000006c   Code   RO         6418    i.OnJoinTrialTimerEvent  lora.o
    0x08015140   0x08015140   0x00000018   Code   RO         9126    i.OnLEDLoRaDisplayTimerEvent  app.o
    0x08015158   0x08015158   0x00000024   Code   RO         6419    i.OnLedLinkActTimerEvent  lora.o
    0x0801517c   0x0801517c   0x00000024   Code   RO         6420    i.OnLedStateTimerEvent  lora.o
    0x080151a0   0x080151a0   0x00000308   Code   RO         6697    i.OnMacStateCheckTimerEvent  loramac.o
    0x080154a8   0x080154a8   0x000006d0   Code   RO         6698    i.OnRadioRxDone     loramac.o
    0x08015b78   0x08015b78   0x00000060   Code   RO         6699    i.OnRadioRxError    loramac.o
    0x08015bd8   0x08015bd8   0x00000060   Code   RO         6700    i.OnRadioRxTimeout  loramac.o
    0x08015c38   0x08015c38   0x00000164   Code   RO         6701    i.OnRadioTxDone     loramac.o
    0x08015d9c   0x08015d9c   0x00000044   Code   RO         6702    i.OnRadioTxTimeout  loramac.o
    0x08015de0   0x08015de0   0x0000000c   Code   RO         9127    i.OnRefreshIWDGTimerEvent  app.o
    0x08015dec   0x08015dec   0x000000a4   Code   RO         6703    i.OnRxWindow1TimerEvent  loramac.o
    0x08015e90   0x08015e90   0x000000b0   Code   RO         6704    i.OnRxWindow2TimerEvent  loramac.o
    0x08015f40   0x08015f40   0x0000002c   Code   RO         8319    i.OnSWResetTimerEvent  bsp.o
    0x08015f6c   0x08015f6c   0x00000038   Code   RO         6421    i.OnSendEvent       lora.o
    0x08015fa4   0x08015fa4   0x00000070   Code   RO         6705    i.OnTxDelayedTimerEvent  loramac.o
    0x08016014   0x08016014   0x00000014   Code   RO         9128    i.OnTxIntervalTimerEvent  app.o
    0x08016028   0x08016028   0x00000030   Code   RO         6422    i.OnTxNextPacketTimerEvent  lora.o
    0x08016058   0x08016058   0x0000005c   Code   RO         8579    i.OnTxRxDoneTimerEvent  loramodem.o
    0x080160b4   0x080160b4   0x00000018   Code   RO         9129    i.OnUSBTimerEvent   app.o
    0x080160cc   0x080160cc   0x00000450   Code   RO         1602    i.PCD_EP_ISR_Handler  stm32l1xx_hal_pcd.o
    0x0801651c   0x0801651c   0x0000003c   Code   RO         1603    i.PCD_ReadPMA       stm32l1xx_hal_pcd.o
    0x08016558   0x08016558   0x0000003a   Code   RO         1604    i.PCD_WritePMA      stm32l1xx_hal_pcd.o
    0x08016592   0x08016592   0x0000006a   Code   RO         6706    i.ParseMacCommandsToRepeat  loramac.o
    0x080165fc   0x080165fc   0x00000002   Code   RO         5273    i.PendSV_Handler    stm32l1xx_it.o
    0x080165fe   0x080165fe   0x00000002   PAD
    0x08016600   0x08016600   0x00000430   Code   RO         6707    i.PrepareFrame      loramac.o
    0x08016a30   0x08016a30   0x0000006c   Code   RO         6708    i.PrepareRxDoneAbort  loramac.o
    0x08016a9c   0x08016a9c   0x00000094   Code   RO         6423    i.PrepareTxFrame    lora.o
    0x08016b30   0x08016b30   0x000003e0   Code   RO         6709    i.ProcessMacCommands  loramac.o
    0x08016f10   0x08016f10   0x000000ac   Code   RO         2018    i.RCC_SetFlashLatencyFromMSIRange  stm32l1xx_hal_rcc.o
    0x08016fbc   0x08016fbc   0x00000014   Code   RO         5274    i.RTC_Alarm_IRQHandler  stm32l1xx_it.o
    0x08016fd0   0x08016fd0   0x00000016   Code   RO         2189    i.RTC_Bcd2ToByte    stm32l1xx_hal_rtc.o
    0x08016fe6   0x08016fe6   0x0000001a   Code   RO         2190    i.RTC_ByteToBcd2    stm32l1xx_hal_rtc.o
    0x08017000   0x08017000   0x0000003e   Code   RO         2191    i.RTC_EnterInitMode  stm32l1xx_hal_rtc.o
    0x0801703e   0x0801703e   0x00000002   PAD
    0x08017040   0x08017040   0x000000d0   Code   RO         9779    i.RTD_GetTemperature  rtd.o
    0x08017110   0x08017110   0x00000040   Code   RO         9780    i.RTD_MultShift24   rtd.o
    0x08017150   0x08017150   0x00000024   Code   RO         9975    i.ReWriteConfigFileData  fatfs.o
    0x08017174   0x08017174   0x000000f0   Code   RO         9976    i.ReadConfigFileData  fatfs.o
    0x08017264   0x08017264   0x0000008c   Code   RO         9849    i.ReadDisk          disk.o
    0x080172f0   0x080172f0   0x00000108   Code   RO         6710    i.ResetMacParameters  loramac.o
    0x080173f8   0x080173f8   0x0000002c   Code   RO         9130    i.RestartTxInterval  app.o
    0x08017424   0x08017424   0x00000048   Code   RO         6711    i.RetransmissionDutyCylce  loramac.o
    0x0801746c   0x0801746c   0x0000001c   Code   RO         6712    i.Rx2FreqInRange    loramac.o
    0x08017488   0x08017488   0x000000fc   Code   RO         6713    i.RxWindowSetup     loramac.o
    0x08017584   0x08017584   0x00000032   Code   RO         7578    i.SCSI_CheckAddressRange  usbd_msc_scsi.o
    0x080175b6   0x080175b6   0x00000002   PAD
    0x080175b8   0x080175b8   0x00000050   Code   RO         7579    i.SCSI_Inquiry      usbd_msc_scsi.o
    0x08017608   0x08017608   0x0000002c   Code   RO         7580    i.SCSI_ModeSense10  usbd_msc_scsi.o
    0x08017634   0x08017634   0x0000002c   Code   RO         7581    i.SCSI_ModeSense6   usbd_msc_scsi.o
    0x08017660   0x08017660   0x000000e8   Code   RO         7582    i.SCSI_ProcessCmd   usbd_msc_scsi.o
    0x08017748   0x08017748   0x000000a4   Code   RO         7583    i.SCSI_ProcessRead  usbd_msc_scsi.o
    0x080177ec   0x080177ec   0x000000be   Code   RO         7584    i.SCSI_ProcessWrite  usbd_msc_scsi.o
    0x080178aa   0x080178aa   0x000000ec   Code   RO         7585    i.SCSI_Read10       usbd_msc_scsi.o
    0x08017996   0x08017996   0x00000080   Code   RO         7586    i.SCSI_ReadCapacity10  usbd_msc_scsi.o
    0x08017a16   0x08017a16   0x0000008a   Code   RO         7587    i.SCSI_ReadFormatCapacity  usbd_msc_scsi.o
    0x08017aa0   0x08017aa0   0x00000086   Code   RO         7588    i.SCSI_RequestSense  usbd_msc_scsi.o
    0x08017b26   0x08017b26   0x0000003a   Code   RO         7589    i.SCSI_SenseCode    usbd_msc_scsi.o
    0x08017b60   0x08017b60   0x00000010   Code   RO         7590    i.SCSI_StartStopUnit  usbd_msc_scsi.o
    0x08017b70   0x08017b70   0x00000056   Code   RO         7591    i.SCSI_TestUnitReady  usbd_msc_scsi.o
    0x08017bc6   0x08017bc6   0x00000050   Code   RO         7592    i.SCSI_Verify10     usbd_msc_scsi.o
    0x08017c16   0x08017c16   0x0000012e   Code   RO         7593    i.SCSI_Write10      usbd_msc_scsi.o
    0x08017d44   0x08017d44   0x0000002c   Code   RO         4031    i.SDIO_DataConfig   stm32l1xx_ll_sdmmc.o
    0x08017d70   0x08017d70   0x00000008   Code   RO         4032    i.SDIO_GetCommandResponse  stm32l1xx_ll_sdmmc.o
    0x08017d78   0x08017d78   0x0000000a   Code   RO         4035    i.SDIO_GetPowerState  stm32l1xx_ll_sdmmc.o
    0x08017d82   0x08017d82   0x00000002   PAD
    0x08017d84   0x08017d84   0x00000018   Code   RO         4036    i.SDIO_GetResponse  stm32l1xx_ll_sdmmc.o
    0x08017d9c   0x08017d9c   0x00000034   Code   RO         4037    i.SDIO_Init         stm32l1xx_ll_sdmmc.o
    0x08017dd0   0x08017dd0   0x00000008   Code   RO         4038    i.SDIO_PowerState_OFF  stm32l1xx_ll_sdmmc.o
    0x08017dd8   0x08017dd8   0x0000000a   Code   RO         4039    i.SDIO_PowerState_ON  stm32l1xx_ll_sdmmc.o
    0x08017de2   0x08017de2   0x00000008   Code   RO         4040    i.SDIO_ReadFIFO     stm32l1xx_ll_sdmmc.o
    0x08017dea   0x08017dea   0x00000028   Code   RO         4041    i.SDIO_SendCommand  stm32l1xx_ll_sdmmc.o
    0x08017e12   0x08017e12   0x0000000c   Code   RO         4043    i.SDIO_WriteFIFO    stm32l1xx_ll_sdmmc.o
    0x08017e1e   0x08017e1e   0x00000036   Code   RO         3788    i.SD_CmdError       stm32l1xx_hal_sd.o
    0x08017e54   0x08017e54   0x00000180   Code   RO         3789    i.SD_CmdResp1Error  stm32l1xx_hal_sd.o
    0x08017fd4   0x08017fd4   0x00000046   Code   RO         3790    i.SD_CmdResp2Error  stm32l1xx_hal_sd.o
    0x0801801a   0x0801801a   0x00000032   Code   RO         3791    i.SD_CmdResp3Error  stm32l1xx_hal_sd.o
    0x0801804c   0x0801804c   0x000000ac   Code   RO         3792    i.SD_CmdResp6Error  stm32l1xx_hal_sd.o
    0x080180f8   0x080180f8   0x00000066   Code   RO         3793    i.SD_CmdResp7Error  stm32l1xx_hal_sd.o
    0x0801815e   0x0801815e   0x0000001e   Code   RO         3799    i.SD_GetState       stm32l1xx_hal_sd.o
    0x0801817c   0x0801817c   0x000000fa   Code   RO         3800    i.SD_Initialize_Cards  stm32l1xx_hal_sd.o
    0x08018276   0x08018276   0x00000002   PAD
    0x08018278   0x08018278   0x000001d4   Code   RO         3801    i.SD_IsCardProgramming  stm32l1xx_hal_sd.o
    0x0801844c   0x0801844c   0x00000010   Code   RO         3802    i.SD_PowerOFF       stm32l1xx_hal_sd.o
    0x0801845c   0x0801845c   0x00000164   Code   RO         3803    i.SD_PowerON        stm32l1xx_hal_sd.o
    0x080185c0   0x080185c0   0x00000038   Code   RO         3804    i.SD_Select_Deselect  stm32l1xx_hal_sd.o
    0x080185f8   0x080185f8   0x00000050   Code   RO         3805    i.SD_SendStatus     stm32l1xx_hal_sd.o
    0x08018648   0x08018648   0x00000028   Code   RO        10677    i.SD_initialize     sd_diskio.o
    0x08018670   0x08018670   0x0000007c   Code   RO        10678    i.SD_ioctl          sd_diskio.o
    0x080186ec   0x080186ec   0x0000002c   Code   RO        10679    i.SD_read           sd_diskio.o
    0x08018718   0x08018718   0x00000028   Code   RO        10680    i.SD_status         sd_diskio.o
    0x08018740   0x08018740   0x0000002c   Code   RO        10681    i.SD_write          sd_diskio.o
    0x0801876c   0x0801876c   0x00000114   Code   RO         2599    i.SPI_WaitOnFlagUntilTimeout  stm32l1xx_hal_spi.o
    0x08018880   0x08018880   0x0000000e   Code   RO        10379    i.STORAGE_GetCapacity_FS  usbd_storage_if.o
    0x0801888e   0x0801888e   0x00000004   Code   RO        10380    i.STORAGE_GetMaxLun_FS  usbd_storage_if.o
    0x08018892   0x08018892   0x00000006   Code   RO        10381    i.STORAGE_Init_FS   usbd_storage_if.o
    0x08018898   0x08018898   0x00000006   Code   RO        10382    i.STORAGE_IsReady_FS  usbd_storage_if.o
    0x0801889e   0x0801889e   0x00000006   Code   RO        10383    i.STORAGE_IsWriteProtected_FS  usbd_storage_if.o
    0x080188a4   0x080188a4   0x0000001c   Code   RO        10384    i.STORAGE_Read_FS   usbd_storage_if.o
    0x080188c0   0x080188c0   0x0000001c   Code   RO        10385    i.STORAGE_Write_FS  usbd_storage_if.o
    0x080188dc   0x080188dc   0x00000002   Code   RO         5275    i.SVC_Handler       stm32l1xx_it.o
    0x080188de   0x080188de   0x00000006   Code   RO         6095    i.SX1272CheckRfFrequency  sx1272_board.o
    0x080188e4   0x080188e4   0x00000006   Code   RO         6096    i.SX1272GetPaSelect  sx1272_board.o
    0x080188ea   0x080188ea   0x00000002   PAD
    0x080188ec   0x080188ec   0x0000000c   Code   RO         5846    i.SX1272GetStatus   sx1272.o
    0x080188f8   0x080188f8   0x00000290   Code   RO         5847    i.SX1272GetTimeOnAir  sx1272.o
    0x08018b88   0x08018b88   0x00000094   Code   RO         5848    i.SX1272Init        sx1272.o
    0x08018c1c   0x08018c1c   0x00000044   Code   RO         6097    i.SX1272IoDeInit    sx1272_board.o
    0x08018c60   0x08018c60   0x00000048   Code   RO         6098    i.SX1272IoInit      sx1272_board.o
    0x08018ca8   0x08018ca8   0x00000034   Code   RO         6099    i.SX1272IoIrqInit   sx1272_board.o
    0x08018cdc   0x08018cdc   0x0000003e   Code   RO         5849    i.SX1272IsChannelFree  sx1272.o
    0x08018d1a   0x08018d1a   0x00000002   PAD
    0x08018d1c   0x08018d1c   0x00000320   Code   RO         5850    i.SX1272OnDio0Irq   sx1272.o
    0x0801903c   0x0801903c   0x00000170   Code   RO         5851    i.SX1272OnDio1Irq   sx1272.o
    0x080191ac   0x080191ac   0x0000012c   Code   RO         5852    i.SX1272OnDio2Irq   sx1272.o
    0x080192d8   0x080192d8   0x00000070   Code   RO         5853    i.SX1272OnDio3Irq   sx1272.o
    0x08019348   0x08019348   0x0000002c   Code   RO         5854    i.SX1272OnDio4Irq   sx1272.o
    0x08019374   0x08019374   0x000000b0   Code   RO         5856    i.SX1272OnTimeoutIrq  sx1272.o
    0x08019424   0x08019424   0x00000040   Code   RO         5857    i.SX1272Random      sx1272.o
    0x08019464   0x08019464   0x00000060   Code   RO         5858    i.SX1272ReInit      sx1272.o
    0x080194c4   0x080194c4   0x00000014   Code   RO         5859    i.SX1272Read        sx1272.o
    0x080194d8   0x080194d8   0x00000044   Code   RO         5860    i.SX1272ReadBuffer  sx1272.o
    0x0801951c   0x0801951c   0x00000012   Code   RO         5861    i.SX1272ReadFifo    sx1272.o
    0x0801952e   0x0801952e   0x00000032   Code   RO         5862    i.SX1272ReadRssi    sx1272.o
    0x08019560   0x08019560   0x00000054   Code   RO         5863    i.SX1272Reset       sx1272.o
    0x080195b4   0x080195b4   0x00000128   Code   RO         5864    i.SX1272Send        sx1272.o
    0x080196dc   0x080196dc   0x0000000c   Code   RO         6100    i.SX1272SetAntSw    sx1272_board.o
    0x080196e8   0x080196e8   0x00000002   Code   RO         6101    i.SX1272SetAntSwLowPower  sx1272_board.o
    0x080196ea   0x080196ea   0x00000002   PAD
    0x080196ec   0x080196ec   0x0000004c   Code   RO         5865    i.SX1272SetChannel  sx1272.o
    0x08019738   0x08019738   0x00000038   Code   RO         5866    i.SX1272SetMaxPayloadLength  sx1272.o
    0x08019770   0x08019770   0x00000080   Code   RO         5867    i.SX1272SetModem    sx1272.o
    0x080197f0   0x080197f0   0x00000060   Code   RO         5868    i.SX1272SetOpMode   sx1272.o
    0x08019850   0x08019850   0x00000218   Code   RO         5869    i.SX1272SetRx       sx1272.o
    0x08019a68   0x08019a68   0x0000023c   Code   RO         5870    i.SX1272SetRxConfig  sx1272.o
    0x08019ca4   0x08019ca4   0x00000028   Code   RO         5871    i.SX1272SetSleep    sx1272.o
    0x08019ccc   0x08019ccc   0x00000028   Code   RO         5872    i.SX1272SetStby     sx1272.o
    0x08019cf4   0x08019cf4   0x0000000e   Code   RO         5873    i.SX1272SetSyncWord  sx1272.o
    0x08019d02   0x08019d02   0x00000002   PAD
    0x08019d04   0x08019d04   0x000000bc   Code   RO         5874    i.SX1272SetTx       sx1272.o
    0x08019dc0   0x08019dc0   0x000002d8   Code   RO         5875    i.SX1272SetTxConfig  sx1272.o
    0x0801a098   0x0801a098   0x0000002c   Code   RO         6102    i.SX1272SetXO       sx1272_board.o
    0x0801a0c4   0x0801a0c4   0x00000044   Code   RO         5876    i.SX1272StartCad    sx1272.o
    0x0801a108   0x0801a108   0x00000010   Code   RO         5877    i.SX1272Write       sx1272.o
    0x0801a118   0x0801a118   0x00000040   Code   RO         5878    i.SX1272WriteBuffer  sx1272.o
    0x0801a158   0x0801a158   0x00000012   Code   RO         5879    i.SX1272WriteFifo   sx1272.o
    0x0801a16a   0x0801a16a   0x00000002   PAD
    0x0801a16c   0x0801a16c   0x000000a0   Code   RO         6714    i.ScheduleTx        loramac.o
    0x0801a20c   0x0801a20c   0x00000084   Code   RO         6715    i.Send              loramac.o
    0x0801a290   0x0801a290   0x000000b0   Code   RO         6424    i.SendFrame         lora.o
    0x0801a340   0x0801a340   0x0000019c   Code   RO         6716    i.SendFrameOnChannel  loramac.o
    0x0801a4dc   0x0801a4dc   0x00000024   Code   RO         8320    i.SetLEDGreen       bsp.o
    0x0801a500   0x0801a500   0x00000024   Code   RO         8321    i.SetLEDRed         bsp.o
    0x0801a524   0x0801a524   0x00000040   Code   RO         8322    i.SetLoraPower      bsp.o
    0x0801a564   0x0801a564   0x00000214   Code   RO         6717    i.SetNextChannel    loramac.o
    0x0801a778   0x0801a778   0x00000034   Code   RO         6718    i.SetPublicNetwork  loramac.o
    0x0801a7ac   0x0801a7ac   0x0000000c   Code   RO         8323    i.SetShowLED        bsp.o
    0x0801a7b8   0x0801a7b8   0x00000020   Code   RO         8324    i.SetTxType         bsp.o
    0x0801a7d8   0x0801a7d8   0x0000003a   Code   RO         9711    i.Si705x_CalcCrc    si705x.o
    0x0801a812   0x0801a812   0x00000002   PAD
    0x0801a814   0x0801a814   0x00000034   Code   RO         9712    i.Si705x_CalcTemperature  si705x.o
    0x0801a848   0x0801a848   0x00000022   Code   RO         9713    i.Si705x_CheckCrc   si705x.o
    0x0801a86a   0x0801a86a   0x00000002   PAD
    0x0801a86c   0x0801a86c   0x00000058   Code   RO         9714    i.Si705x_GetTemp    si705x.o
    0x0801a8c4   0x0801a8c4   0x00000050   Code   RO         5056    i.SpiFrequency      hw_spi.o
    0x0801a914   0x0801a914   0x00000008   Code   RO         5276    i.SysTick_Handler   stm32l1xx_it.o
    0x0801a91c   0x0801a91c   0x00000082   Code   RO         4865    i.SystemClockHSE_Config  hw_msp.o
    0x0801a99e   0x0801a99e   0x00000002   PAD
    0x0801a9a0   0x0801a9a0   0x0000010c   Code   RO         4866    i.SystemClockHSI_Config  hw_msp.o
    0x0801aaac   0x0801aaac   0x000000f0   Code   RO         4867    i.SystemClock_Config  hw_msp.o
    0x0801ab9c   0x0801ab9c   0x00000064   Code   RO            5    i.SystemInit        system_stm32l1xx.o
    0x0801ac00   0x0801ac00   0x00000084   Code   RO         2910    i.TIM_Base_SetConfig  stm32l1xx_hal_tim.o
    0x0801ac84   0x0801ac84   0x00000654   Code   RO         9810    i.Thermocouple_GetTemperature  thermocouple.o
    0x0801b2d8   0x0801b2d8   0x00000080   Code   RO         9811    i.Thermocouple_GetVoltage  thermocouple.o
    0x0801b358   0x0801b358   0x00000036   Code   RO         9812    i.Thermocouple_MultShift24  thermocouple.o
    0x0801b38e   0x0801b38e   0x00000002   PAD
    0x0801b390   0x0801b390   0x00000020   Code   RO         8971    i.TimerExists       timeserver.o
    0x0801b3b0   0x0801b3b0   0x00000010   Code   RO         8972    i.TimerGetCurrentTime  timeserver.o
    0x0801b3c0   0x0801b3c0   0x0000001a   Code   RO         8973    i.TimerGetElapsedTime  timeserver.o
    0x0801b3da   0x0801b3da   0x0000000e   Code   RO         8974    i.TimerInit         timeserver.o
    0x0801b3e8   0x0801b3e8   0x00000020   Code   RO         8975    i.TimerInsertNewHeadTimer  timeserver.o
    0x0801b408   0x0801b408   0x00000034   Code   RO         8976    i.TimerInsertTimer  timeserver.o
    0x0801b43c   0x0801b43c   0x000000b0   Code   RO         8977    i.TimerIrqHandler   timeserver.o
    0x0801b4ec   0x0801b4ec   0x0000002a   Code   RO         8979    i.TimerSetTimeout   timeserver.o
    0x0801b516   0x0801b516   0x0000002c   Code   RO         8980    i.TimerSetValue     timeserver.o
    0x0801b542   0x0801b542   0x00000002   PAD
    0x0801b544   0x0801b544   0x00000070   Code   RO         8981    i.TimerStart        timeserver.o
    0x0801b5b4   0x0801b5b4   0x000000b4   Code   RO         8982    i.TimerStop         timeserver.o
    0x0801b668   0x0801b668   0x00000022   Code   RO         3520    i.UART_DMAError     stm32l1xx_hal_uart.o
    0x0801b68a   0x0801b68a   0x00000036   Code   RO         3523    i.UART_DMATransmitCplt  stm32l1xx_hal_uart.o
    0x0801b6c0   0x0801b6c0   0x0000000e   Code   RO         3524    i.UART_DMATxHalfCplt  stm32l1xx_hal_uart.o
    0x0801b6ce   0x0801b6ce   0x00000030   Code   RO         3525    i.UART_EndTransmit_IT  stm32l1xx_hal_uart.o
    0x0801b6fe   0x0801b6fe   0x000000bc   Code   RO         3526    i.UART_Receive_IT   stm32l1xx_hal_uart.o
    0x0801b7ba   0x0801b7ba   0x00000002   PAD
    0x0801b7bc   0x0801b7bc   0x00000358   Code   RO         3527    i.UART_SetConfig    stm32l1xx_hal_uart.o
    0x0801bb14   0x0801bb14   0x00000070   Code   RO         3528    i.UART_Transmit_IT  stm32l1xx_hal_uart.o
    0x0801bb84   0x0801bb84   0x00000010   Code   RO         5277    i.USART1_IRQHandler  stm32l1xx_it.o
    0x0801bb94   0x0801bb94   0x00000010   Code   RO         5278    i.USART3_IRQHandler  stm32l1xx_it.o
    0x0801bba4   0x0801bba4   0x0000001a   Code   RO         7682    i.USBD_CDC_DataIn   usbd_cdc.o
    0x0801bbbe   0x0801bbbe   0x00000034   Code   RO         7683    i.USBD_CDC_DataOut  usbd_cdc.o
    0x0801bbf2   0x0801bbf2   0x00000040   Code   RO         7684    i.USBD_CDC_DeInit   usbd_cdc.o
    0x0801bc32   0x0801bc32   0x00000032   Code   RO         7685    i.USBD_CDC_EP0_RxReady  usbd_cdc.o
    0x0801bc64   0x0801bc64   0x00000010   Code   RO         7686    i.USBD_CDC_GetDeviceQualifierDescriptor  usbd_cdc.o
    0x0801bc74   0x0801bc74   0x00000010   Code   RO         7687    i.USBD_CDC_GetFSCfgDesc  usbd_cdc.o
    0x0801bc84   0x0801bc84   0x00000010   Code   RO         7688    i.USBD_CDC_GetHSCfgDesc  usbd_cdc.o
    0x0801bc94   0x0801bc94   0x00000010   Code   RO         7689    i.USBD_CDC_GetOtherSpeedCfgDesc  usbd_cdc.o
    0x0801bca4   0x0801bca4   0x000000a6   Code   RO         7690    i.USBD_CDC_Init     usbd_cdc.o
    0x0801bd4a   0x0801bd4a   0x0000003a   Code   RO         7691    i.USBD_CDC_ReceivePacket  usbd_cdc.o
    0x0801bd84   0x0801bd84   0x0000000e   Code   RO         7692    i.USBD_CDC_RegisterInterface  usbd_cdc.o
    0x0801bd92   0x0801bd92   0x0000000e   Code   RO         7693    i.USBD_CDC_SetRxBuffer  usbd_cdc.o
    0x0801bda0   0x0801bda0   0x00000014   Code   RO         7694    i.USBD_CDC_SetTxBuffer  usbd_cdc.o
    0x0801bdb4   0x0801bdb4   0x00000090   Code   RO         7695    i.USBD_CDC_Setup    usbd_cdc.o
    0x0801be44   0x0801be44   0x00000038   Code   RO         7696    i.USBD_CDC_TransmitPacket  usbd_cdc.o
    0x0801be7c   0x0801be7c   0x00000016   Code   RO         7070    i.USBD_ClrClassConfig  usbd_core.o
    0x0801be92   0x0801be92   0x00000044   Code   RO         7229    i.USBD_ClrFeature   usbd_ctlreq.o
    0x0801bed6   0x0801bed6   0x00000018   Code   RO         7324    i.USBD_CtlContinueRx  usbd_ioreq.o
    0x0801beee   0x0801beee   0x00000018   Code   RO         7325    i.USBD_CtlContinueSendData  usbd_ioreq.o
    0x0801bf06   0x0801bf06   0x00000018   Code   RO         7230    i.USBD_CtlError     usbd_ctlreq.o
    0x0801bf1e   0x0801bf1e   0x00000028   Code   RO         7326    i.USBD_CtlPrepareRx  usbd_ioreq.o
    0x0801bf46   0x0801bf46   0x0000001a   Code   RO         7327    i.USBD_CtlReceiveStatus  usbd_ioreq.o
    0x0801bf60   0x0801bf60   0x00000022   Code   RO         7328    i.USBD_CtlSendData  usbd_ioreq.o
    0x0801bf82   0x0801bf82   0x0000001a   Code   RO         7329    i.USBD_CtlSendStatus  usbd_ioreq.o
    0x0801bf9c   0x0801bf9c   0x00000026   Code   RO         7071    i.USBD_DeInit       usbd_core.o
    0x0801bfc2   0x0801bfc2   0x00000002   PAD
    0x0801bfc4   0x0801bfc4   0x0000005c   Code   RO        10311    i.USBD_FS_ConfigStrDescriptor  usbd_desc.o
    0x0801c020   0x0801c020   0x00000020   Code   RO        10312    i.USBD_FS_DeviceDescriptor  usbd_desc.o
    0x0801c040   0x0801c040   0x00000064   Code   RO        10313    i.USBD_FS_InterfaceStrDescriptor  usbd_desc.o
    0x0801c0a4   0x0801c0a4   0x00000010   Code   RO        10314    i.USBD_FS_LangIDStrDescriptor  usbd_desc.o
    0x0801c0b4   0x0801c0b4   0x0000002c   Code   RO        10315    i.USBD_FS_ManufacturerStrDescriptor  usbd_desc.o
    0x0801c0e0   0x0801c0e0   0x00000070   Code   RO        10316    i.USBD_FS_ProductStrDescriptor  usbd_desc.o
    0x0801c150   0x0801c150   0x00000038   Code   RO        10317    i.USBD_FS_SerialStrDescriptor  usbd_desc.o
    0x0801c188   0x0801c188   0x00000050   Code   RO         7231    i.USBD_GetConfig    usbd_ctlreq.o
    0x0801c1d8   0x0801c1d8   0x00000148   Code   RO         7232    i.USBD_GetDescriptor  usbd_ctlreq.o
    0x0801c320   0x0801c320   0x00000014   Code   RO         7233    i.USBD_GetLen       usbd_ctlreq.o
    0x0801c334   0x0801c334   0x00000044   Code   RO         7234    i.USBD_GetStatus    usbd_ctlreq.o
    0x0801c378   0x0801c378   0x00000052   Code   RO         7235    i.USBD_GetString    usbd_ctlreq.o
    0x0801c3ca   0x0801c3ca   0x00000032   Code   RO         7072    i.USBD_Init         usbd_core.o
    0x0801c3fc   0x0801c3fc   0x00000014   Code   RO        10117    i.USBD_LL_ClearStallEP  usbd_conf.o
    0x0801c410   0x0801c410   0x00000014   Code   RO        10118    i.USBD_LL_CloseEP   usbd_conf.o
    0x0801c424   0x0801c424   0x000000da   Code   RO         7073    i.USBD_LL_DataInStage  usbd_core.o
    0x0801c4fe   0x0801c4fe   0x00000086   Code   RO         7074    i.USBD_LL_DataOutStage  usbd_core.o
    0x0801c584   0x0801c584   0x00000010   Code   RO        10119    i.USBD_LL_DeInit    usbd_conf.o
    0x0801c594   0x0801c594   0x00000014   Code   RO        10121    i.USBD_LL_FlushEP   usbd_conf.o
    0x0801c5a8   0x0801c5a8   0x00000012   Code   RO        10122    i.USBD_LL_GetRxDataSize  usbd_conf.o
    0x0801c5ba   0x0801c5ba   0x00000002   PAD
    0x0801c5bc   0x0801c5bc   0x000000b0   Code   RO        10123    i.USBD_LL_Init      usbd_conf.o
    0x0801c66c   0x0801c66c   0x00000038   Code   RO        10124    i.USBD_LL_IsStallEP  usbd_conf.o
    0x0801c6a4   0x0801c6a4   0x00000020   Code   RO        10125    i.USBD_LL_OpenEP    usbd_conf.o
    0x0801c6c4   0x0801c6c4   0x00000020   Code   RO        10126    i.USBD_LL_PrepareReceive  usbd_conf.o
    0x0801c6e4   0x0801c6e4   0x00000044   Code   RO         7079    i.USBD_LL_Reset     usbd_core.o
    0x0801c728   0x0801c728   0x0000000e   Code   RO         7080    i.USBD_LL_Resume    usbd_core.o
    0x0801c736   0x0801c736   0x00000022   Code   RO         7081    i.USBD_LL_SOF       usbd_core.o
    0x0801c758   0x0801c758   0x00000008   Code   RO         7082    i.USBD_LL_SetSpeed  usbd_core.o
    0x0801c760   0x0801c760   0x00000014   Code   RO        10127    i.USBD_LL_SetUSBAddress  usbd_conf.o
    0x0801c774   0x0801c774   0x0000006e   Code   RO         7083    i.USBD_LL_SetupStage  usbd_core.o
    0x0801c7e2   0x0801c7e2   0x00000014   Code   RO        10128    i.USBD_LL_StallEP   usbd_conf.o
    0x0801c7f6   0x0801c7f6   0x00000010   Code   RO        10129    i.USBD_LL_Start     usbd_conf.o
    0x0801c806   0x0801c806   0x00000010   Code   RO        10130    i.USBD_LL_Stop      usbd_conf.o
    0x0801c816   0x0801c816   0x00000014   Code   RO         7084    i.USBD_LL_Suspend   usbd_core.o
    0x0801c82a   0x0801c82a   0x00000020   Code   RO        10131    i.USBD_LL_Transmit  usbd_conf.o
    0x0801c84a   0x0801c84a   0x00000012   Code   RO         7384    i.USBD_MSC_DataIn   usbd_msc.o
    0x0801c85c   0x0801c85c   0x00000012   Code   RO         7385    i.USBD_MSC_DataOut  usbd_msc.o
    0x0801c86e   0x0801c86e   0x00000034   Code   RO         7386    i.USBD_MSC_DeInit   usbd_msc.o
    0x0801c8a2   0x0801c8a2   0x00000002   PAD
    0x0801c8a4   0x0801c8a4   0x00000010   Code   RO         7387    i.USBD_MSC_GetDeviceQualifierDescriptor  usbd_msc.o
    0x0801c8b4   0x0801c8b4   0x00000010   Code   RO         7388    i.USBD_MSC_GetFSCfgDesc  usbd_msc.o
    0x0801c8c4   0x0801c8c4   0x00000010   Code   RO         7389    i.USBD_MSC_GetHSCfgDesc  usbd_msc.o
    0x0801c8d4   0x0801c8d4   0x00000010   Code   RO         7390    i.USBD_MSC_GetOtherSpeedCfgDesc  usbd_msc.o
    0x0801c8e4   0x0801c8e4   0x00000064   Code   RO         7391    i.USBD_MSC_Init     usbd_msc.o
    0x0801c948   0x0801c948   0x0000000c   Code   RO         7392    i.USBD_MSC_RegisterStorage  usbd_msc.o
    0x0801c954   0x0801c954   0x0000012a   Code   RO         7393    i.USBD_MSC_Setup    usbd_msc.o
    0x0801ca7e   0x0801ca7e   0x00000028   Code   RO         7236    i.USBD_ParseSetupRequest  usbd_ctlreq.o
    0x0801caa6   0x0801caa6   0x00000010   Code   RO         7085    i.USBD_RegisterClass  usbd_core.o
    0x0801cab6   0x0801cab6   0x00000006   Code   RO         7086    i.USBD_RunTestMode  usbd_core.o
    0x0801cabc   0x0801cabc   0x00000054   Code   RO         7237    i.USBD_SetAddress   usbd_ctlreq.o
    0x0801cb10   0x0801cb10   0x00000022   Code   RO         7087    i.USBD_SetClassConfig  usbd_core.o
    0x0801cb32   0x0801cb32   0x00000002   PAD
    0x0801cb34   0x0801cb34   0x000000e0   Code   RO         7238    i.USBD_SetConfig    usbd_ctlreq.o
    0x0801cc14   0x0801cc14   0x00000024   Code   RO         7239    i.USBD_SetFeature   usbd_ctlreq.o
    0x0801cc38   0x0801cc38   0x0000000e   Code   RO         7088    i.USBD_Start        usbd_core.o
    0x0801cc46   0x0801cc46   0x00000072   Code   RO         7240    i.USBD_StdDevReq    usbd_ctlreq.o
    0x0801ccb8   0x0801ccb8   0x00000156   Code   RO         7241    i.USBD_StdEPReq     usbd_ctlreq.o
    0x0801ce0e   0x0801ce0e   0x0000004a   Code   RO         7242    i.USBD_StdItfReq    usbd_ctlreq.o
    0x0801ce58   0x0801ce58   0x00000002   Code   RO        10132    i.USBD_static_free  usbd_conf.o
    0x0801ce5a   0x0801ce5a   0x00000002   PAD
    0x0801ce5c   0x0801ce5c   0x0000000c   Code   RO        10133    i.USBD_static_malloc  usbd_conf.o
    0x0801ce68   0x0801ce68   0x00000010   Code   RO         5279    i.USB_LP_IRQHandler  stm32l1xx_it.o
    0x0801ce78   0x0801ce78   0x0000001c   Code   RO        10443    i.USER_initialize   user_diskio.o
    0x0801ce94   0x0801ce94   0x0000003c   Code   RO        10444    i.USER_ioctl        user_diskio.o
    0x0801ced0   0x0801ced0   0x0000001c   Code   RO        10445    i.USER_read         user_diskio.o
    0x0801ceec   0x0801ceec   0x0000001c   Code   RO        10446    i.USER_status       user_diskio.o
    0x0801cf08   0x0801cf08   0x0000001c   Code   RO        10447    i.USER_write        user_diskio.o
    0x0801cf24   0x0801cf24   0x00000004   Code   RO         5280    i.UsageFault_Handler  stm32l1xx_it.o
    0x0801cf28   0x0801cf28   0x00000038   Code   RO         6719    i.ValidatePayloadLength  loramac.o
    0x0801cf60   0x0801cf60   0x00000012   Code   RO         6720    i.ValueInRange      loramac.o
    0x0801cf72   0x0801cf72   0x00000002   PAD
    0x0801cf74   0x0801cf74   0x00000694   Code   RO         9977    i.WriteConfigFileData  fatfs.o
    0x0801d608   0x0801d608   0x0000007c   Code   RO         9850    i.WriteDisk         disk.o
    0x0801d684   0x0801d684   0x00000034   Code   RO         9851    i.ZeroDisk          disk.o
    0x0801d6b8   0x0801d6b8   0x00000028   Code   RO        11026    i.__0sprintf        mc_w.l(printfa.o)
    0x0801d6e0   0x0801d6e0   0x00000028   Code   RO        11221    i.__ARM_fpclassify  m_ws.l(fpclassify.o)
    0x0801d708   0x0801d708   0x00000008   Code   RO        11193    i.__aeabi_errno_addr  mc_w.l(errno.o)
    0x0801d710   0x0801d710   0x00000388   Code   RO        11131    i.__ieee754_rem_pio2  m_ws.l(rred.o)
    0x0801da98   0x0801da98   0x000000fc   Code   RO        11104    i.__kernel_cos      m_ws.l(cos_i.o)
    0x0801db94   0x0801db94   0x000000aa   Code   RO        11223    i.__kernel_poly     m_ws.l(poly.o)
    0x0801dc3e   0x0801dc3e   0x00000002   PAD
    0x0801dc40   0x0801dc40   0x000000ec   Code   RO        11136    i.__kernel_sin      m_ws.l(sin_i.o)
    0x0801dd2c   0x0801dd2c   0x00000010   Code   RO        11107    i.__mathlib_dbl_divzero  m_ws.l(dunder.o)
    0x0801dd3c   0x0801dd3c   0x00000006   Code   RO        11108    i.__mathlib_dbl_infnan  m_ws.l(dunder.o)
    0x0801dd42   0x0801dd42   0x0000000c   Code   RO        11110    i.__mathlib_dbl_invalid  m_ws.l(dunder.o)
    0x0801dd4e   0x0801dd4e   0x00000002   PAD
    0x0801dd50   0x0801dd50   0x00000010   Code   RO        11113    i.__mathlib_dbl_underflow  m_ws.l(dunder.o)
    0x0801dd60   0x0801dd60   0x0000000e   Code   RO        11239    i.__scatterload_copy  mc_w.l(handlers.o)
    0x0801dd6e   0x0801dd6e   0x00000002   Code   RO        11240    i.__scatterload_null  mc_w.l(handlers.o)
    0x0801dd70   0x0801dd70   0x0000000e   Code   RO        11241    i.__scatterload_zeroinit  mc_w.l(handlers.o)
    0x0801dd7e   0x0801dd7e   0x00000006   Code   RO         8983    i.__set_PRIMASK     timeserver.o
    0x0801dd84   0x0801dd84   0x0000000c   Code   RO        11195    i.__set_errno       mc_w.l(errno.o)
    0x0801dd90   0x0801dd90   0x00000184   Code   RO        11031    i._fp_digits        mc_w.l(printfa.o)
    0x0801df14   0x0801df14   0x000006b4   Code   RO        11032    i._printf_core      mc_w.l(printfa.o)
    0x0801e5c8   0x0801e5c8   0x00000024   Code   RO        11033    i._printf_post_padding  mc_w.l(printfa.o)
    0x0801e5ec   0x0801e5ec   0x0000002e   Code   RO        11034    i._printf_pre_padding  mc_w.l(printfa.o)
    0x0801e61a   0x0801e61a   0x0000000a   Code   RO        11036    i._sputc            mc_w.l(printfa.o)
    0x0801e624   0x0801e624   0x00000010   Code   RO         6561    i.add_round_key     aes.o
    0x0801e634   0x0801e634   0x0000005a   Code   RO         6563    i.aes_encrypt       aes.o
    0x0801e68e   0x0801e68e   0x00000002   PAD
    0x0801e690   0x0801e690   0x0000013c   Code   RO         6564    i.aes_set_key       aes.o
    0x0801e7cc   0x0801e7cc   0x0000000c   Code   RO         9131    i.appBtnResetCallback  app.o
    0x0801e7d8   0x0801e7d8   0x00000820   Code   RO         9132    i.appBuildTxPayload  app.o
    0x0801eff8   0x0801eff8   0x0000010c   Code   RO         9133    i.appDo             app.o
    0x0801f104   0x0801f104   0x00000038   Code   RO         9134    i.appHandleIWDG_Refresh  app.o
    0x0801f13c   0x0801f13c   0x00000098   Code   RO         9135    i.appHandleUI       app.o
    0x0801f1d4   0x0801f1d4   0x0000007c   Code   RO         9136    i.appHasWork        app.o
    0x0801f250   0x0801f250   0x00000300   Code   RO         9137    i.appInit           app.o
    0x0801f550   0x0801f550   0x00000040   Code   RO         9138    i.appParseRxPayloadIsr  app.o
    0x0801f590   0x0801f590   0x00000070   Code   RO         9139    i.appSetDefault     app.o
    0x0801f600   0x0801f600   0x000000dc   Code   RO        10727    i.ceil              m_ws.l(ceil.o)
    0x0801f6dc   0x0801f6dc   0x00000098   Code   RO         7864    i.check_fs          ff.o
    0x0801f774   0x0801f774   0x00000014   Code   RO         7865    i.chk_chr           ff.o
    0x0801f788   0x0801f788   0x0000008c   Code   RO         7866    i.chk_lock          ff.o
    0x0801f814   0x0801f814   0x00000030   Code   RO         7867    i.clear_lock        ff.o
    0x0801f844   0x0801f844   0x00000034   Code   RO         7868    i.clmt_clust        ff.o
    0x0801f878   0x0801f878   0x00000020   Code   RO         7869    i.clust2sect        ff.o
    0x0801f898   0x0801f898   0x00000084   Code   RO         6565    i.copy_and_key      aes.o
    0x0801f91c   0x0801f91c   0x00000042   Code   RO         6566    i.copy_block        aes.o
    0x0801f95e   0x0801f95e   0x00000018   Code   RO         6567    i.copy_block_nn     aes.o
    0x0801f976   0x0801f976   0x00000002   PAD
    0x0801f978   0x0801f978   0x0000009c   Code   RO        10731    i.cos               m_ws.l(cos.o)
    0x0801fa14   0x0801fa14   0x000000ea   Code   RO         7870    i.create_chain      ff.o
    0x0801fafe   0x0801fafe   0x00000002   PAD
    0x0801fb00   0x0801fb00   0x00000120   Code   RO         7871    i.create_name       ff.o
    0x0801fc20   0x0801fc20   0x0000004c   Code   RO         7872    i.dec_lock          ff.o
    0x0801fc6c   0x0801fc6c   0x0000005c   Code   RO         7873    i.dir_alloc         ff.o
    0x0801fcc8   0x0801fcc8   0x0000005c   Code   RO         7874    i.dir_find          ff.o
    0x0801fd24   0x0801fd24   0x0000011c   Code   RO         7875    i.dir_next          ff.o
    0x0801fe40   0x0801fe40   0x00000072   Code   RO         7876    i.dir_read          ff.o
    0x0801feb2   0x0801feb2   0x0000003c   Code   RO         7877    i.dir_register      ff.o
    0x0801feee   0x0801feee   0x00000038   Code   RO         7878    i.dir_remove        ff.o
    0x0801ff26   0x0801ff26   0x000000aa   Code   RO         7879    i.dir_sdi           ff.o
    0x0801ffd0   0x0801ffd0   0x0000002c   Code   RO         7791    i.disk_initialize   diskio.o
    0x0801fffc   0x0801fffc   0x00000028   Code   RO         7792    i.disk_ioctl        diskio.o
    0x08020024   0x08020024   0x00000030   Code   RO         7793    i.disk_read         diskio.o
    0x08020054   0x08020054   0x0000001c   Code   RO         7794    i.disk_status       diskio.o
    0x08020070   0x08020070   0x00000030   Code   RO         7795    i.disk_write        diskio.o
    0x080200a0   0x080200a0   0x00000028   Code   RO         7880    i.enq_lock          ff.o
    0x080200c8   0x080200c8   0x0000002a   Code   RO         7882    i.f_close           ff.o
    0x080200f2   0x080200f2   0x00000056   Code   RO         7886    i.f_gets            ff.o
    0x08020148   0x08020148   0x00000234   Code   RO         7887    i.f_lseek           ff.o
    0x0802037c   0x0802037c   0x00000668   Code   RO         7889    i.f_mkfs            ff.o
    0x080209e4   0x080209e4   0x00000064   Code   RO         7890    i.f_mount           ff.o
    0x08020a48   0x08020a48   0x000001a8   Code   RO         7891    i.f_open            ff.o
    0x08020bf0   0x08020bf0   0x00000274   Code   RO         7893    i.f_printf          ff.o
    0x08020e64   0x08020e64   0x00000040   Code   RO         7894    i.f_putc            ff.o
    0x08020ea4   0x08020ea4   0x0000004a   Code   RO         7895    i.f_puts            ff.o
    0x08020eee   0x08020eee   0x00000182   Code   RO         7896    i.f_read            ff.o
    0x08021070   0x08021070   0x00000198   Code   RO         7899    i.f_setlabel        ff.o
    0x08021208   0x08021208   0x0000008c   Code   RO         7901    i.f_sync            ff.o
    0x08021294   0x08021294   0x00000092   Code   RO         7902    i.f_truncate        ff.o
    0x08021326   0x08021326   0x000000b2   Code   RO         7903    i.f_unlink          ff.o
    0x080213d8   0x080213d8   0x000001ee   Code   RO         7905    i.f_write           ff.o
    0x080215c6   0x080215c6   0x00000002   PAD
    0x080215c8   0x080215c8   0x000003dc   Code   RO         7906    i.find_volume       ff.o
    0x080219a4   0x080219a4   0x000000dc   Code   RO        10739    i.floor             m_ws.l(floor.o)
    0x08021a80   0x08021a80   0x00000090   Code   RO         7907    i.follow_path       ff.o
    0x08021b10   0x08021b10   0x000000ee   Code   RO         7908    i.get_fat           ff.o
    0x08021bfe   0x08021bfe   0x00000008   Code   RO         9978    i.get_fattime       fatfs.o
    0x08021c06   0x08021c06   0x0000004a   Code   RO         7910    i.get_ldnumber      ff.o
    0x08021c50   0x08021c50   0x000000dc   Code   RO         7911    i.inc_lock          ff.o
    0x08021d2c   0x08021d2c   0x00000028   Code   RO         8325    i.irqHandlerButton  bsp.o
    0x08021d54   0x08021d54   0x00000022   Code   RO         7912    i.ld_clust          ff.o
    0x08021d76   0x08021d76   0x00000002   PAD
    0x08021d78   0x08021d78   0x0000035c   Code   RO        11122    i.log               m_ws.l(log.o)
    0x080220d4   0x080220d4   0x000000e4   Code   RO        10743    i.log10             m_ws.l(log10.o)
    0x080221b8   0x080221b8   0x00000094   Code   RO         6425    i.lora_DefaultConfig  lora.o
    0x0802224c   0x0802224c   0x00000068   Code   RO         6426    i.lora_Init         lora.o
    0x080222b4   0x080222b4   0x00000388   Code   RO         6427    i.lora_fsm          lora.o
    0x0802263c   0x0802263c   0x0000000c   Code   RO         6428    i.lora_getDeviceState  lora.o
    0x08022648   0x08022648   0x0000000c   Code   RO         6429    i.lora_getLastRssi  lora.o
    0x08022654   0x08022654   0x0000000c   Code   RO         6430    i.lora_getLastSnr   lora.o
    0x08022660   0x08022660   0x0000002c   Code   RO         6431    i.lora_getMacStatus  lora.o
    0x0802268c   0x0802268c   0x0000000c   Code   RO         6432    i.lora_getModemFlags  lora.o
    0x08022698   0x08022698   0x0000000c   Code   RO         6433    i.lora_getNextTx    lora.o
    0x080226a4   0x080226a4   0x00000074   Code   RO         8538    i.main              main.o
    0x08022718   0x08022718   0x00000026   Code   RO         7913    i.mem_cmp           ff.o
    0x0802273e   0x0802273e   0x0000001a   Code   RO         7914    i.mem_cpy           ff.o
    0x08022758   0x08022758   0x00000014   Code   RO         7915    i.mem_set           ff.o
    0x0802276c   0x0802276c   0x00000018   Code   RO         7006    i.memcpy1           utilities.o
    0x08022784   0x08022784   0x0000001c   Code   RO         7007    i.memcpyr           utilities.o
    0x080227a0   0x080227a0   0x00000014   Code   RO         7008    i.memset1           utilities.o
    0x080227b4   0x080227b4   0x00000284   Code   RO         6568    i.mix_sub_columns   aes.o
    0x08022a38   0x08022a38   0x00000038   Code   RO         7916    i.move_window       ff.o
    0x08022a70   0x08022a70   0x00000146   Code   RO         7917    i.put_fat           ff.o
    0x08022bb6   0x08022bb6   0x0000004e   Code   RO         7918    i.putc_bfd          ff.o
    0x08022c04   0x08022c04   0x00000028   Code   RO         7009    i.rand1             utilities.o
    0x08022c2c   0x08022c2c   0x0000001a   Code   RO         7010    i.randr             utilities.o
    0x08022c46   0x08022c46   0x0000007a   Code   RO         7919    i.remove_chain      ff.o
    0x08022cc0   0x08022cc0   0x00000094   Code   RO        10750    i.round             m_ws.l(round.o)
    0x08022d54   0x08022d54   0x00000070   Code   RO         6569    i.shift_sub_rows    aes.o
    0x08022dc4   0x08022dc4   0x000000a0   Code   RO        10753    i.sin               m_ws.l(sin.o)
    0x08022e64   0x08022e64   0x0000004c   Code   RO        10761    i.sqrt              m_ws.l(sqrt.o)
    0x08022eb0   0x08022eb0   0x0000000c   Code   RO         7011    i.srand1            utilities.o
    0x08022ebc   0x08022ebc   0x00000010   Code   RO         7920    i.st_clust          ff.o
    0x08022ecc   0x08022ecc   0x000000f4   Code   RO         7921    i.sync_fs           ff.o
    0x08022fc0   0x08022fc0   0x00000060   Code   RO         7922    i.sync_window       ff.o
    0x08023020   0x08023020   0x00000038   Code   RO         7923    i.validate          ff.o
    0x08023058   0x08023058   0x00000082   Code   RO         6570    i.xor_block         aes.o
    0x080230da   0x080230da   0x00000021   Data   RO            6    .constdata          system_stm32l1xx.o
    0x080230fb   0x080230fb   0x00000001   PAD
    0x080230fc   0x080230fc   0x000000e4   Data   RO         5881    .constdata          sx1272.o
    0x080231e0   0x080231e0   0x00000060   Data   RO         6103    .constdata          sx1272_board.o
    0x08023240   0x08023240   0x00000060   Data   RO         6435    .constdata          lora.o
    0x080232a0   0x080232a0   0x00000300   Data   RO         6571    .constdata          aes.o
    0x080235a0   0x080235a0   0x00000028   Data   RO         6722    .constdata          loramac.o
    0x080235c8   0x080235c8   0x00000017   Data   RO         7554    .constdata          usbd_msc_data.o
    0x080235df   0x080235df   0x00000001   PAD
    0x080235e0   0x080235e0   0x000000ac   Data   RO         7925    .constdata          ff.o
    0x0802368c   0x0802368c   0x00000018   Data   RO         8885    .constdata          rtcapp.o
    0x080236a4   0x080236a4   0x00000048   Data   RO         9380    .constdata          log.o
    0x080236ec   0x080236ec   0x00000090   Data   RO         9454    .constdata          com.o
    0x0802377c   0x0802377c   0x0000014e   Data   RO         9500    .constdata          config.o
    0x080238ca   0x080238ca   0x00000002   PAD
    0x080238cc   0x080238cc   0x00000048   Data   RO         9781    .constdata          rtd.o
    0x08023914   0x08023914   0x00000ae0   Data   RO         9813    .constdata          thermocouple.o
    0x080243f4   0x080243f4   0x00000040   Data   RO         9852    .constdata          disk.o
    0x08024434   0x08024434   0x00000029   Data   RO         9980    .constdata          fatfs.o
    0x0802445d   0x0802445d   0x00000024   Data   RO        10386    .constdata          usbd_storage_if.o
    0x08024481   0x08024481   0x00000003   PAD
    0x08024484   0x08024484   0x00000014   Data   RO        10682    .constdata          sd_diskio.o
    0x08024498   0x08024498   0x00000030   Data   RO        11105    .constdata          m_ws.l(cos_i.o)
    0x080244c8   0x080244c8   0x00000038   Data   RO        11123    .constdata          m_ws.l(log.o)
    0x08024500   0x08024500   0x000000c8   Data   RO        11133    .constdata          m_ws.l(rred.o)
    0x080245c8   0x080245c8   0x00000028   Data   RO        11137    .constdata          m_ws.l(sin_i.o)
    0x080245f0   0x080245f0   0x00000081   Data   RO        11166    .constdata          mc_w.l(ctype_o.o)
    0x08024671   0x08024671   0x00000003   PAD
    0x08024674   0x08024674   0x00000004   Data   RO        11167    .constdata          mc_w.l(ctype_o.o)
    0x08024678   0x08024678   0x00000008   Data   RO        11225    .constdata          m_ws.l(qnan.o)
    0x08024680   0x08024680   0x000000bb   Data   RO         9381    .conststring        log.o
    0x0802473b   0x0802473b   0x00000001   PAD
    0x0802473c   0x0802473c   0x00000125   Data   RO         9981    .conststring        fatfs.o
    0x08024861   0x08024861   0x00000003   PAD
    0x08024864   0x08024864   0x00000020   Data   RO        11237    Region$$Table       anon$$obj.o


    Execution Region RW_IRAM1 (Exec base: 0x20000000, Load base: 0x08024884, Size: 0x00005890, Max: 0x0000bff0, ABSOLUTE, COMPRESSED[0x000001c0])

    Exec Addr    Load Addr    Size         Type   Attr      Idx    E Section Name        Object

    0x20000000   COMPRESSED   0x00000004   Data   RW            7    .data               system_stm32l1xx.o
    0x20000004   COMPRESSED   0x00000004   Data   RW          192    .data               stm32l1xx_hal.o
    0x20000008   COMPRESSED   0x00000001   Data   RW         4361    .data               hw.o
    0x20000009   COMPRESSED   0x00000001   Data   RW         4661    .data               hw_adc.o
    0x2000000a   COMPRESSED   0x00000001   Data   RW         4830    .data               hw_ios.o
    0x2000000b   COMPRESSED   0x00000001   Data   RW         4923    .data               hw_rtc.o
    0x2000000c   COMPRESSED   0x00000004   Data   RW         5537    .data               hw_dac.o
    0x20000010   COMPRESSED   0x0000001c   Data   RW         5882    .data               sx1272.o
    0x2000002c   COMPRESSED   0x00000004   Data   RW         6204    .data               ads1248.o
    0x20000030   COMPRESSED   0x00000027   Data   RW         6436    .data               lora.o
    0x20000057   COMPRESSED   0x00000001   PAD
    0x20000058   COMPRESSED   0x00000134   Data   RW         6723    .data               loramac.o
    0x2000018c   COMPRESSED   0x00000020   Data   RW         6951    .data               loramaccrypto.o
    0x200001ac   COMPRESSED   0x00000004   Data   RW         7012    .data               utilities.o
    0x200001b0   COMPRESSED   0x00000001   Data   RW         7243    .data               usbd_ctlreq.o
    0x200001b1   COMPRESSED   0x00000003   PAD
    0x200001b4   COMPRESSED   0x000000a2   Data   RW         7394    .data               usbd_msc.o
    0x20000256   COMPRESSED   0x00000002   PAD
    0x20000258   COMPRESSED   0x00000110   Data   RW         7697    .data               usbd_cdc.o
    0x20000368   COMPRESSED   0x0000000a   Data   RW         7926    .data               ff.o
    0x20000372   COMPRESSED   0x00000002   PAD
    0x20000374   COMPRESSED   0x0000000c   Data   RW         8327    .data               bsp.o
    0x20000380   COMPRESSED   0x00000042   Data   RW         8583    .data               loramodem.o
    0x200003c2   COMPRESSED   0x00000002   PAD
    0x200003c4   COMPRESSED   0x00000004   Data   RW         8728    .data               low_power.o
    0x200003c8   COMPRESSED   0x00000015   Data   RW         8785    .data               meas.o
    0x200003dd   COMPRESSED   0x00000003   PAD
    0x200003e0   COMPRESSED   0x0000000c   Data   RW         8886    .data               rtcapp.o
    0x200003ec   COMPRESSED   0x00000004   Data   RW         8984    .data               timeserver.o
    0x200003f0   COMPRESSED   0x0000001f   Data   RW         9141    .data               app.o
    0x2000040f   COMPRESSED   0x00000001   PAD
    0x20000410   COMPRESSED   0x00000005   Data   RW         9382    .data               log.o
    0x20000415   COMPRESSED   0x00000004   Data   RW         9455    .data               com.o
    0x20000419   COMPRESSED   0x00000001   PAD
    0x2000041a   COMPRESSED   0x0000000a   Data   RW         9622    .data               bt.o
    0x20000424   COMPRESSED   0x00000001   Data   RW         9715    .data               si705x.o
    0x20000425   COMPRESSED   0x00000003   PAD
    0x20000428   COMPRESSED   0x00000008   Data   RW         9921    .data               eeprom.o
    0x20000430   COMPRESSED   0x0000000a   Data   RW         9982    .data               fatfs.o
    0x2000043a   COMPRESSED   0x00000002   PAD
    0x2000043c   COMPRESSED   0x00000048   Data   RW        10319    .data               usbd_desc.o
    0x20000484   COMPRESSED   0x00000024   Data   RW        10387    .data               usbd_storage_if.o
    0x200004a8   COMPRESSED   0x00000018   Data   RW        10448    .data               user_diskio.o
    0x200004c0   COMPRESSED   0x00000014   Data   RW        10503    .data               usbd_cdc_if.o
    0x200004d4   COMPRESSED   0x00000001   Data   RW        10683    .data               sd_diskio.o
    0x200004d5   COMPRESSED   0x00000003   PAD
    0x200004d8   COMPRESSED   0x00000004   Data   RW        11196    .data               mc_w.l(errno.o)
    0x200004dc        -       0x00000018   Zero   RW          803    .bss                stm32l1xx_hal_flash.o
    0x200004f4        -       0x00000098   Zero   RW         4660    .bss                hw_adc.o
    0x2000058c        -       0x00000040   Zero   RW         4775    .bss                hw_gpio.o
    0x200005cc        -       0x0000003c   Zero   RW         4921    .bss                hw_rtc.o
    0x20000608        -       0x000000b0   Zero   RW         5057    .bss                hw_spi.o
    0x200006b8        -       0x000000c4   Zero   RW         5134    .bss                hw_uart.o
    0x2000077c        -       0x0000000c   Zero   RW         5409    .bss                hw_iwdg.o
    0x20000788        -       0x000000b8   Zero   RW         5441    .bss                hw_sdio.o
    0x20000840        -       0x00000054   Zero   RW         5484    .bss                hw_i2c.o
    0x20000894        -       0x00000378   Zero   RW         5536    .bss                hw_dac.o
    0x20000c0c        -       0x00000070   Zero   RW         5786    .bss                hw_tim.o
    0x20000c7c        -       0x0000019c   Zero   RW         5880    .bss                sx1272.o
    0x20000e18        -       0x0000001e   Zero   RW         6203    .bss                ads1248.o
    0x20000e36   COMPRESSED   0x00000002   PAD
    0x20000e38        -       0x00000188   Zero   RW         6434    .bss                lora.o
    0x20000fc0        -       0x00000450   Zero   RW         6721    .bss                loramac.o
    0x20001410        -       0x0000022c   Zero   RW         6950    .bss                loramaccrypto.o
    0x2000163c        -       0x00000018   Zero   RW         7924    .bss                ff.o
    0x20001654        -       0x00000010   Zero   RW         8226    .bss                ff_gen_drv.o
    0x20001664        -       0x00000028   Zero   RW         8326    .bss                bsp.o
    0x2000168c        -       0x00000014   Zero   RW         8582    .bss                loramodem.o
    0x200016a0        -       0x00002224   Zero   RW         8784    .bss                meas.o
    0x200038c4        -       0x00000028   Zero   RW         8884    .bss                rtcapp.o
    0x200038ec        -       0x000002f0   Zero   RW         9140    .bss                app.o
    0x20003bdc        -       0x00000017   Zero   RW         9379    .bss                log.o
    0x20003bf3   COMPRESSED   0x00000001   PAD
    0x20003bf4        -       0x000001e8   Zero   RW         9499    .bss                config.o
    0x20003ddc        -       0x000001a8   Zero   RW         9621    .bss                bt.o
    0x20003f84        -       0x000000a0   Zero   RW         9920    .bss                eeprom.o
    0x20004024        -       0x000004b8   Zero   RW         9979    .bss                fatfs.o
    0x200044dc        -       0x00000224   Zero   RW        10056    .bss                usb_device.o
    0x20004700        -       0x00000490   Zero   RW        10134    .bss                usbd_conf.o
    0x20004b90        -       0x00000200   Zero   RW        10318    .bss                usbd_desc.o
    0x20004d90        -       0x00000300   Zero   RW        10502    .bss                usbd_cdc_if.o
    0x20005090        -       0x00000800   Zero   RW          163    STACK               startup_stm32l152xd.o


    Execution Region RW_IRAM2 (Exec base: 0x2000bff0, Load base: 0x08024a44, Size: 0x00000004, Max: 0x00000010, ABSOLUTE, UNINIT)

    Exec Addr    Load Addr    Size         Type   Attr      Idx    E Section Name        Object

    0x2000bff0        -       0x00000001   Zero   RW         9142    NoInit              app.o


==============================================================================

Image component sizes


      Code (inc. data)   RO Data    RW Data    ZI Data      Debug   Object Name

       816         62          0          4         30      14003   ads1248.o
      1440        174          0          0          0       7078   ads1248_board.o
      1530         22        768          0          0      16080   aes.o
      6528        776          0         31        753      50945   app.o
      2172        222          0         12         40      19619   bsp.o
       192         34          0          0          0       4512   bsp_driver_sd.o
      1280        226          0         10        424      10132   bt.o
       688          0          0          0          0       5017   cmac.o
      1208        226        144          4          0       3811   com.o
      3864        362        334          0        488      14228   config.o
        68          4          0          0          0       1115   debug.o
       316         22         64          0          0       3104   disk.o
       208         24          0          0          0       9549   diskio.o
       416         58          0          8        160       4939   eeprom.o
      2492        962        334         10       1208       7581   fatfs.o
     10100        186        172         10         24      50388   ff.o
       184         12          0          0         16       3435   ff_gen_drv.o
       676         46          0          1          0     384213   hw.o
       960         92          0          1        152       7301   hw_adc.o
       596        116          0          4        888     353412   hw_dac.o
       608         34          0          0         64       5036   hw_gpio.o
       272         50          0          0         84       3266   hw_i2c.o
      1082         32          0          1          0       2418   hw_ios.o
        36         10          0          0         12        867   hw_iwdg.o
       638         22          0          0          0       2797   hw_msp.o
       710         52          0          1         60      12938   hw_rtc.o
       236         42          0          0        184       2747   hw_sdio.o
       900        102          0          0        176       6160   hw_spi.o
       176         38          0          0        112       3154   hw_tim.o
       768         80          0          0        196       4169   hw_uart.o
      1796        294        259          5         23       8765   log.o
      2672        332         96         39        392      26369   lora.o
     11402       1498         40        308       1104      40887   loramac.o
       716         44          0         32        556       6987   loramaccrypto.o
       688        112          0         66         20      12511   loramodem.o
       116         22          0          4          0       6369   low_power.o
       116          6          0          0          0        547   main.o
      4268        212          0         21       8740      16153   meas.o
      1294        100         24         12         40      10165   rtcapp.o
       272         18         72          0          0       2535   rtd.o
       292         18         20          1          0       4536   sd_diskio.o
       232         18          0          1          0       3829   si705x.o
        36          8        292          0       2048        864   startup_stm32l152xd.o
       140         32          0          4          0       4872   stm32l1xx_hal.o
      2014         54          0          0          0      13367   stm32l1xx_hal_adc.o
       406         32          0          0          0      30908   stm32l1xx_hal_cortex.o
       590         26          0          0          0       8734   stm32l1xx_hal_dac.o
        62          0          0          0          0       3945   stm32l1xx_hal_dac_ex.o
       768         16          0          0          0       5420   stm32l1xx_hal_dma.o
       268         12          0          0         24       1874   stm32l1xx_hal_flash.o
       580         42          0          0          0       8499   stm32l1xx_hal_flash_ex.o
       864         82          0          0          0       4912   stm32l1xx_hal_gpio.o
      2092         24          0          0          0       9971   stm32l1xx_hal_i2c.o
        94          0          0          0          0       2011   stm32l1xx_hal_iwdg.o
       162         30          0          0          0       6009   stm32l1xx_hal_msp.o
      5538          0          0          0          0      17344   stm32l1xx_hal_pcd.o
        68          0          0          0          0       1386   stm32l1xx_hal_pcd_ex.o
       140         24          0          0          0       2030   stm32l1xx_hal_pwr.o
        48          8          0          0          0       1257   stm32l1xx_hal_pwr_ex.o
      3688        106          0          0          0       7768   stm32l1xx_hal_rcc.o
       516         14          0          0          0       1672   stm32l1xx_hal_rcc_ex.o
      1282         24          0          0          0       8107   stm32l1xx_hal_rtc.o
      1002         10          0          0          0       7398   stm32l1xx_hal_rtc_ex.o
      4238         16          0          0          0      22070   stm32l1xx_hal_sd.o
      1616          0          0          0          0       5038   stm32l1xx_hal_spi.o
       136          0          0          0          0       1271   stm32l1xx_hal_spi_ex.o
       320         24          0          0          0       4163   stm32l1xx_hal_tim.o
        98          0          0          0          0       1332   stm32l1xx_hal_tim_ex.o
      2052         18          0          0          0      11471   stm32l1xx_hal_uart.o
       268         34          0          0          0      11634   stm32l1xx_it.o
       216          4          0          0          0       7695   stm32l1xx_ll_sdmmc.o
      6070        314        228         28        412      31296   sx1272.o
       262         32         96          0          0       9968   sx1272_board.o
       100         20         33          4          0     540899   system_stm32l1xx.o
      1802         54       2784          0          0       4963   thermocouple.o
       732         32          0          4          0       9123   timeserver.o
        88         28          0          0        548       2699   usb_device.o
       728         30          0        272          0      14634   usbd_cdc.o
       360         56          0         20        768       6225   usbd_cdc_if.o
       840         48          0          0       1168      18314   usbd_conf.o
       786          0          0          0          0      16541   usbd_core.o
      1584         30          0          1          0      12008   usbd_ctlreq.o
       452        194          0         72        512       6529   usbd_desc.o
       174          0          0          0          0       5260   usbd_ioreq.o
       562         24          0        162          0      14494   usbd_msc.o
       708          8          0          0          0       9988   usbd_msc_bot.o
         0          0         23          0          0       1097   usbd_msc_data.o
      1982         14          0          0          0      15039   usbd_msc_scsi.o
        92          0         36         36          0       5424   usbd_storage_if.o
       172          8          0         24          0       4352   user_diskio.o
       150         14          0          4          0       5035   utilities.o

    ----------------------------------------------------------------------
    112090       8308       5862       1240      21432    2100577   Object Totals
         0          0         32          0          0          0   (incl. Generated)
       120          0         11         23          6          0   (incl. Padding)

    ----------------------------------------------------------------------

      Code (inc. data)   RO Data    RW Data    ZI Data      Debug   Library Member Name

       220         16          0          0          0         84   ceil.o
       156          8          0          0          0        104   cos.o
       252         22         48          0          0        124   cos_i.o
        50         10          0          0          0        272   dunder.o
       220         16          0          0          0         84   floor.o
        40          0          0          0          0         68   fpclassify.o
       860         52         56          0          0        256   log.o
       228         30          0          0          0        120   log10.o
       170          0          0          0          0         96   poly.o
         0          0          8          0          0          0   qnan.o
       148         12          0          0          0         88   round.o
       904         76        200          0          0        140   rred.o
       160         10          0          0          0        108   sin.o
       236         12         40          0          0        128   sin_i.o
        76          0          0          0          0         84   sqrt.o
        56          8          0          0          0         84   __0sscanf.o
        86          0          0          0          0          0   __dczerorl2.o
        28          0          0          0          0         68   _chval.o
       816          6          0          0          0        112   _scanf.o
       332          0          0          0          0         96   _scanf_int.o
        64          0          0          0          0         84   _sgetc.o
       158          0          0          0          0         92   _strtoul.o
        26          0          0          0          0         80   atol.o
         8          4        133          0          0         68   ctype_o.o
         0          0          0          0          0          0   entry.o
         0          0          0          0          0          0   entry10a.o
         0          0          0          0          0          0   entry11a.o
         4          0          0          0          0          0   entry12b.o
         8          4          0          0          0          0   entry2.o
         4          0          0          0          0          0   entry5.o
         0          0          0          0          0          0   entry7b.o
         0          0          0          0          0          0   entry8b.o
         8          4          0          0          0          0   entry9a.o
        20         10          0          4          0        136   errno.o
        30          0          0          0          0          0   handlers.o
        36          8          0          0          0         68   init.o
        18          0          0          0          0         76   isspace_o.o
         0          0          0          0          0          0   iusefp.o
        98          0          0          0          0         84   ldiv.o
        30          0          0          0          0         68   llshl.o
        36          0          0          0          0         68   llsshr.o
        32          0          0          0          0         68   llushr.o
        26          0          0          0          0         80   memcmp.o
        36          0          0          0          0         68   memcpya.o
        36          0          0          0          0        108   memseta.o
      2236         86          0          0          0        532   printfa.o
        40          8          0          0          0         84   scanf_char.o
        14          0          0          0          0         68   strlen.o
        30          0          0          0          0         80   strncmp.o
       112          0          0          0          0         88   strtol.o
        44          0          0          0          0         80   uidiv.o
        98          0          0          0          0         92   uldiv.o
        48          0          0          0          0         68   cdcmple.o
        48          0          0          0          0         68   cdrcmple.o
        20          0          0          0          0         68   cfcmple.o
        20          0          0          0          0         68   cfrcmple.o
        56          0          0          0          0         88   d2f.o
       334          0          0          0          0        148   dadd.o
       222          0          0          0          0        100   ddiv.o
       186          0          0          0          0        176   depilogue.o
        62          0          0          0          0         80   dfixi.o
        50          0          0          0          0         76   dfixui.o
        48          0          0          0          0         68   dfixul.o
        34          0          0          0          0         76   dflti.o
        26          0          0          0          0         76   dfltui.o
        24          0          0          0          0         76   dfltul.o
       228          0          0          0          0         96   dmul.o
       136          4          0          0          0         92   drnd.o
        46          0          0          0          0         80   dscalb.o
       162          0          0          0          0        100   dsqrt.o
        38          0          0          0          0         68   f2d.o
       176          0          0          0          0        140   fadd.o
       124          0          0          0          0         88   fdiv.o
       110          0          0          0          0        168   fepilogue.o
        50          0          0          0          0         68   ffixi.o
        40          0          0          0          0         68   ffixui.o
        18          0          0          0          0         68   fflti.o
        10          0          0          0          0         68   ffltui.o
       100          0          0          0          0         76   fmul.o

    ----------------------------------------------------------------------
     10716        406        488          4          0       6704   Library Totals
        10          0          3          0          0          0   (incl. Padding)

    ----------------------------------------------------------------------

      Code (inc. data)   RO Data    RW Data    ZI Data      Debug   Library Name

      3720        264        352          0          0       1756   m_ws.l
      4570        138        133          4          0       2532   mc_w.l
      2416          4          0          0          0       2416   mf_w.l

    ----------------------------------------------------------------------
     10716        406        488          4          0       6704   Library Totals

    ----------------------------------------------------------------------

==============================================================================


      Code (inc. data)   RO Data    RW Data    ZI Data      Debug   

    122806       8714       6350       1244      21432    2061337   Grand Totals
    122806       8714       6350        448      21432    2061337   ELF Image Totals (compressed)
    122806       8714       6350        448          0          0   ROM Totals

==============================================================================

    Total RO  Size (Code + RO Data)               129156 ( 126.13kB)
    Total RW  Size (RW Data + ZI Data)             22676 (  22.14kB)
    Total ROM Size (Code + RO Data + RW Data)     129604 ( 126.57kB)

==============================================================================

